02-13 16:26:16.230  1046 14515 E ActivityManager: full avg10=0.21 avg60=0.83 avg300=1.21 total=888377735
02-13 16:26:16.230  1046 14515 E ActivityManager: ----- End output from /proc/pressure/io -----
02-13 16:26:16.230  1046 14515 E ActivityManager: 
02-13 16:26:16.230  1046 14515 E ActivityManager: CPU usage from 63016ms to -2ms ago (2026-02-13 16:25:08.575 to 2026-02-13 16:26:11.593):
02-13 16:26:16.230  1046 14515 E ActivityManager:   24% 1046/system_server: 12% user + 12% kernel / faults: 32707 minor 7155 major
02-13 16:26:16.230  1046 14515 E ActivityManager:   23% 13340/com.macdonaldautomation.blowpin: 19% user + 3.9% kernel / faults: 43594 minor 8177 major
02-13 16:26:16.230  1046 14515 E ActivityManager:   12% 13243/adbd: 1.7% user + 10% kernel / faults: 580 minor 57 major
02-13 16:26:16.230  1046 14515 E ActivityManager:   8.7% 833/surfaceflinger: 4.4% user + 4.2% kernel / faults: 1556 minor 530 major
02-13 16:26:16.230  1046 14515 E ActivityManager:   7.5% 476/logd: 0.9% user + 6.5% kernel / faults: 3380 minor 470 major
02-13 16:26:16.230  1046 14515 E ActivityManager:   7.4% 93/kswapd0: 0% user + 7.4% kernel
02-13 16:26:16.230  1046 14515 E ActivityManager:   6.2% 13596/com.samsung.android.spay: 4% user + 2.1% kernel / faults: 27686 minor 2587 major
02-13 16:26:16.230  1046 14515 E ActivityManager:   2.5% 239/tz_worker_thread/6: 0% user + 2.5% kernel
02-13 16:26:16.230  1046 14515 E ActivityManager:   3.8% 19566/com.google.android.gms.persistent: 1.6% user + 2.2% kernel / faults: 11058 minor 14679 major
02-13 16:26:16.230  1046 14515 E ActivityManager:   3.5% 745/android.hardware.sensors@2.0-service.multihal: 0.8% user + 2.7% kernel / faults: 13 minor 43 major
02-13 16:26:16.230  1046 14515 E ActivityManager: 21% TOTAL: 7.7% user + 11% kernel + 0.2% iowait + 1.1% irq + 0.4% softirq
02-13 16:26:16.230  1046 14515 E ActivityManager: CPU usage from 1741ms to 2127ms later (2026-02-13 16:26:13.333 to 2026-02-13 16:26:13.718):
02-13 16:26:16.230  1046 14515 E ActivityManager:   156% 1046/system_server: 63% user + 92% kernel / faults: 4319 minor 956 major
02-13 16:26:16.230  1046 14515 E ActivityManager:     50% 1059/Signal Catcher: 28% user + 22% kernel
02-13 16:26:16.230  1046 14515 E ActivityManager:     35% 14516/AnrAuxiliaryTas: 6.3% user + 28% kernel
02-13 16:26:16.230  1046 14515 E ActivityManager:     22% 1063/HeapTaskDaemon: 22% user + 0% kernel
02-13 16:26:16.230  1046 14515 E ActivityManager:     6.3% 1230/SensorService: 3.1% user + 3.1% kernel
02-13 16:26:16.230  1046 14515 E ActivityManager:     3.1% 1172/PowerManagerSer: 0% user + 3.1% kernel
02-13 16:26:16.230  1046 14515 E ActivityManager:     3.1% 1338/SyncManager: 3.1% user + 0% kernel
02-13 16:26:16.230  1046 14515 E ActivityManager:     3.1% 1357/MdnieScenarioCo: 0% user + 3.1% kernel
02-13 16:26:16.230  1046 14515 E ActivityManager:     3.1% 1428/SemWifiLinkQual: 3.1% user + 0% kernel
02-13 16:26:16.230  1046 14515 E ActivityManager:   7.2% 7379/kworker/u16:1-loop48: 0% user + 7.2% kernel
02-13 16:26:16.230  1046 14515 E ActivityManager:   2.6% 14/rcu_preempt: 0% user + 2.6% kernel
02-13 16:26:16.230  1046 14515 E ActivityManager:   2.7% 156/thermal_BIG: 0% user + 2.7% kernel
02-13 16:26:16.230  1046 14515 E ActivityManager:   2.7% 158/thermal_LITTLE: 0% user + 2.7% kernel
02-13 16:26:16.230  1046 14515 E ActivityManager:   2.7% 159/thermal_G3D: 0% user + 2.7% kernel
02-13 16:26:16.230  1046 14515 E ActivityManager:   2.7% 160/thermal_ISP: 0% user + 2.7% kernel
02-13 16:26:16.230  1046 14515 E ActivityManager: 25% TOTAL: 6.7% user + 14% kernel + 2.6% iowait + 1% irq + 0.3% softirq
02-13 16:26:16.247  1046 14515 D Debug   : low && ship && 3rdparty app crash, do not dump
02-13 16:26:16.250  1046  1135 I Dialog  : mIsDeviceDefault = true, mIsSamsungBasicInteraction = false, isMetaDataInActivity = false
02-13 16:26:16.251  1046 14515 D ActivityManager: Completed ANR of com.macdonaldautomation.blowpin in 4658ms, latency 2ms
02-13 16:26:16.257  1046 14608 I DropBoxManagerService: add tag=data_app_anr isTagEnabled=true flags=0x6
02-13 16:26:16.259  1046  1135 D ActivityManager: !@AM_BOOT_PROGRESS , ensureBootCompleted booting:false /enableScreen:false /caller:com.android.server.am.ActivityManagerService.ensureBootCompleted:47 com.android.server.am.ActivityManagerService$UiHandler.handleMessage$com$android$server$am$ActivityManagerService$UiHandler:563 
02-13 16:26:16.270  1046  1135 I DecorView: setWindowBackground: isPopOver=false color=ff010102 d=android.graphics.drawable.InsetDrawable@5df1d43
02-13 16:26:16.286  3551  3551 I DMASA[D]: [ANRDetectionService]Enqueue work to ANR
02-13 16:26:16.289  1046  1135 D ScrollView: initGoToTop
02-13 16:26:16.293  1046  1135 D ScrollView: initGoToTop
02-13 16:26:16.294  1046  1143 D ActivityManager: sync unfroze 14156 com.samsung.android.dqagent for 3
02-13 16:26:16.299  1046  3432 W JobInfo : Job 'com.sec.android.diagmonagent/.dma.dropbox.ANRDetectionService#11418' has a deadline with no functional constraints. The deadline won't improve job execution latency. Consider removing the deadline.
02-13 16:26:16.303  1046  1135 W Settings: Setting show_button_background has moved from android.provider.Settings.System to android.provider.Settings.Global, returning read-only value.
02-13 16:26:16.309  1046  1135 D RestrictionPolicy: isGoogleCrashReportAllowed : ret=true userId =0
02-13 16:26:16.313  1046  1135 W Settings: Setting accessibility_reduce_transparency has moved from android.provider.Settings.System to android.provider.Settings.Global, returning read-only value.
02-13 16:26:16.319  1046 15882 D PerProcessNandswap$NandswapHandler: nandswap start for non-activity com.samsung.android.dqagent(pid 14156) action:2 adj:500 type:3
02-13 16:26:16.320  1046  1135 I WindowManager: WindowManagerGlobal#addView, ty=2003, view=com.android.internal.policy.DecorView{f074761 V.E...... R.....I. 0,0-0,0}[blowpin], caller=android.view.WindowManagerImpl.addView:158 android.app.Dialog.show:540 com.android.server.am.ErrorDialogController$$ExternalSyntheticLambda0.accept:8 
02-13 16:26:16.321  1046  1135 I ViewRootImpl: dVRR is disabled
02-13 16:26:16.322  1046  6581 D NativeCustomFrequencyManager: [NativeCFMS] BpCustomFrequencyManager::BpCustomFrequencyManager()
02-13 16:26:16.325   833   922 I SurfaceFlinger: id=5784 createSurf, flag=84004, WindowToken{9f1db74 type=2003 android.view.ViewRootImpl$W@3df2286}#5784
02-13 16:26:16.327  1046  1135 D InputTransport: Input channel constructed: 'c8ff89d', fd=770
02-13 16:26:16.327  1046  1135 D InputTransport: Input channel constructed: 'c8ff89d', fd=824
02-13 16:26:16.327  1046  1135 D InputTransport: Input channel constructed: 'c8ff89d', fd=975
02-13 16:26:16.327  1046  1135 D InputTransport: Input channel destroyed: 'c8ff89d', fd=824
02-13 16:26:16.327   833   922 I SurfaceFlinger: id=5785 createSurf, flag=84004, c8ff89d Application Not Responding: com.macdonaldautomation.blowpin#5785
02-13 16:26:16.328  1046  1135 D RestrictionPolicy: isScreenCaptureEnabled : ret=true userId=0
02-13 16:26:16.328  1046  1135 D WindowManager: Changing focus from Window{635d586 u0 com.macdonaldautomation.blowpin/expo.modules.devlauncher.launcher.errors.DevLauncherErrorActivity} to Window{c8ff89d u0 Application Not Responding: com.macdonaldautomation.blowpin} displayId=0 Callers=com.android.server.wm.WindowManagerService.addWindowInner:565 com.android.server.wm.WindowManagerService.addWindow:1842 com.android.server.wm.Session.addToDisplayAsUser:24 android.view.ViewRootImpl.setView:1974 
02-13 16:26:16.329  1046  1135 I WindowManager: Cancelling animation restarting=true, leash=Surface(name=Surface(name=e1164cb NavigationBar0)/@0x3901c0c - animation-leash of insets_animation)/@0xdbc0f5e
02-13 16:26:16.329  1046  1135 I WindowManager: Reparenting to original parent: Surface(name=WindowToken{18dc39a type=2019 android.os.BinderProxy@d2d08bc})/@0xa2fc955, destroy=false, surface=Surface(name=e1164cb NavigationBar0)/@0x3901c0c
02-13 16:26:16.329  1046  1135 I WindowManager: Reparenting to leash, surface=Surface(name=e1164cb NavigationBar0)/@0x3901c0c, leashParent=Surface(name=WindowToken{18dc39a type=2019 android.os.BinderProxy@d2d08bc})/@0xa2fc955
02-13 16:26:16.329   833   922 I SurfaceFlinger: id=5786 createSurf, flag=24000, Surface(name=e1164cb NavigationBar0)/@0x3901c0c - animation-leash of insets_animation#5786
02-13 16:26:16.330  1046  1135 D WindowManager: makeSurface duration=0 leash=Surface(name=Surface(name=e1164cb NavigationBar0)/@0x3901c0c - animation-leash of insets_animation)/@0x3d180e3
02-13 16:26:16.330  1046  1135 D InsetsSourceProvider: updateControlForTarget: control=InsetsSourceControl: {707a0001 mType=navigationBars initiallyVisible mSurfacePosition=Point(0, 2205) mInsetsHint=Insets{left=0, top=0, right=0, bottom=135}}, target=Window{c8ff89d u0 Application Not Responding: com.macdonaldautomation.blowpin}, from=com.android.server.wm.InsetsStateController.onControlTargetChanged:83 com.android.server.wm.InsetsPolicy.updateBarControlTarget:225 com.android.server.wm.DisplayPolicy.updateSystemBarAttributes:262 com.android.server.wm.WindowManagerService.updateFocusedWindowLocked:372 com.android.server.wm.WindowManagerService.addWindowInner:565 
02-13 16:26:16.330  1046  1135 I WindowManager: Cancelling animation restarting=true, leash=Surface(name=Surface(name=2162ffe StatusBar)/@0x128ecf8 - animation-leash of insets_animation)/@0xcb8f00c
02-13 16:26:16.330  1046  1135 I WindowManager: Reparenting to original parent: Surface(name=WindowToken{fd4bfb9 type=2000 android.os.BinderProxy@92aca03})/@0x670a5d1, destroy=false, surface=Surface(name=2162ffe StatusBar)/@0x128ecf8
02-13 16:26:16.330  1046  1135 I WindowManager: Reparenting to leash, surface=Surface(name=2162ffe StatusBar)/@0x128ecf8, leashParent=Surface(name=WindowToken{fd4bfb9 type=2000 android.os.BinderProxy@92aca03})/@0x670a5d1
02-13 16:26:16.330   833   922 I SurfaceFlinger: id=5787 createSurf, flag=24000, Surface(name=2162ffe StatusBar)/@0x128ecf8 - animation-leash of insets_animation#5787
02-13 16:26:16.331  1046  1135 D WindowManager: makeSurface duration=1 leash=Surface(name=Surface(name=2162ffe StatusBar)/@0x128ecf8 - animation-leash of insets_animation)/@0x80b3ae0
02-13 16:26:16.331  1046  1135 D InsetsSourceProvider: updateControlForTarget: control=InsetsSourceControl: {67890000 mType=statusBars initiallyVisible mSurfacePosition=Point(0, 0) mInsetsHint=Insets{left=0, top=100, right=0, bottom=0}}, target=Window{c8ff89d u0 Application Not Responding: com.macdonaldautomation.blowpin}, from=com.android.server.wm.InsetsStateController.onControlTargetChanged:83 com.android.server.wm.InsetsPolicy.updateBarControlTarget:212 com.android.server.wm.DisplayPolicy.updateSystemBarAttributes:262 com.android.server.wm.WindowManagerService.updateFocusedWindowLocked:372 com.android.server.wm.WindowManagerService.addWindowInner:565 
02-13 16:26:16.332  1046  1135 D WindowManager: updateSystemBarAttributes: displayId=0, focusedCanBeNavColorWin=false, win=Window{c8ff89d u0 Application Not Responding: com.macdonaldautomation.blowpin}, navColorWin=Window{635d586 u0 com.macdonaldautomation.blowpin/expo.modules.devlauncher.launcher.errors.DevLauncherErrorActivity}, caller=com.android.server.wm.WindowManagerService.updateFocusedWindowLocked:372 com.android.server.wm.WindowManagerService.addWindowInner:565 com.android.server.wm.WindowManagerService.addWindow:1842 
02-13 16:26:16.332  1046  1135 D WindowManager: updateSystemBarAttributes, bhv=1, apr=16, statusBarAprRegions=[AppearanceRegion{LIGHT_STATUS_BARS bounds=[0,0][1080,2340]}], requestedVisibilities=-9
02-13 16:26:16.332  1046  1135 V SystemKeyManager: updateFocusedWindow() is called, Application Not Responding: com.macdonaldautomation.blowpin
02-13 16:26:16.333  1046  1135 I InsetsController: onStateChanged: host=Application Not Responding: com.macdonaldautomation.blowpin, from=android.view.ViewRootImpl.onInsetsStateChanged:3026, state=InsetsState: {mDisplayFrame=Rect(0, 0 - 1080, 2340), mDisplayCutout=DisplayCutout{insets=Rect(0, 100 - 0, 0) waterfall=Insets{left=0, top=0, right=0, bottom=0} boundingRect={Bounds=[Rect(0, 0 - 0, 0), Rect(470, 0 - 610, 100), Rect(0, 0 - 0, 0), Rect(0, 0 - 0, 0)]} cutoutPathParserInfo={CutoutPathParserInfo{displayWidth=1080 displayHeight=2340 physicalDisplayWidth=1080 physicalDisplayHeight=2340 density={2.8125} cutoutSpec={M 0,0 H -24.88888888888889 V 35.55555555555556 H 24.88888888888889 V 0 H 0 Z @dp} rotation={0} scale={1.0} physicalPixelDisplaySizeRatio={1.0}}} sideOverrides={}}, mRoundedCorners=RoundedCorners{[RoundedCorner{position=TopLeft, radius=118, center=Point(118, 118)}, RoundedCorner{position=TopRight, radius=118, center=Point(962, 118)}, RoundedCorner{position=BottomRight, radius=118, center=Point(962, 2222)}, RoundedCorner{position=BottomLeft, radius=118, center=Point(118, 2222)}]}  mRoundedCornerFrame=Rect(0, 0 - 0, 0), mPrivacyIndicatorBounds=PrivacyIndicatorBounds {static bounds=Rect(956, 0 - 1080, 100) rotation=0}, mDisplayShape=DisplayShape{ spec=-311912193 displayWidth=1080 displayHeight=2340 physicalPixelDisplaySizeRatio=1.0 rotation=0 offsetX=0 offsetY=0 scale=1.0}, mSources= { InsetsSource: {27 mType=displayCutout mFrame=[0,0][1080,100] mVisible=true mFlags= mSideHint=TOP mBoundingRects=null}, InsetsSource: {67890000 mType=statusBars mFrame=[0,0][1080,100] mVisible=true mFlags= mSideHint=TOP mBoundingRects=null}, InsetsSource: {67890005 mType=mandatorySystemGestures mFrame=[0,0][1080,134] mVisible=true mFlags= mSideHint=TOP mBoundingRects=null}, InsetsSource: {67890006 mType=tappableElement mFrame=[0,0][1080,100] mVisible=true mFlags= mSideHint=TOP mBoundingRects=null}, InsetsSource: {707a0001 mType=navigationBars mFrame=[0,2205][1080,2340] mVisible=true mFlags= mSideHint=BOTTOM mBoundingRects=null}, InsetsSource: {707a0004 mType=systemGestures mFrame=[0,0][0,0] mVisible=true mFlags= mSideHint=NONE mBoundingRects=null}, InsetsSource: {707a0005 mType=mandatorySystemGestures mFrame=[0,2205][1080,2340] mVisible=true mFlags= mSideHint=BOTTOM mBoundingRects=null}, InsetsSource: {707a0006 mType=tappableElement mFrame=[0,2205][1080,2340] mVisible=true mFlags= mSideHint=BOTTOM mBoundingRects=null}, InsetsSource: {707a0024 mType=systemGestures mFrame=[0,0][0,0] mVisible=true mFlags= mSideHint=NONE mBoundingRects=null} }
02-13 16:26:16.333  1046  1135 I VRI[blowpin]@3df2286: synced displayState. AttachInfo displayState=2
02-13 16:26:16.333  1046  1135 I VRI[blowpin]@3df2286: setView = com.android.internal.policy.DecorView@f074761 IsHRR=false mFlingFrameRateChange=0 TM=true
02-13 16:26:16.334  1046  6581 D HWUI    : HWUI - treat SMPTE_170M as sRGB
02-13 16:26:16.335  1046 15882 D PerProcessNandswap$NandswapHandler: nandswap end for non-activity com.samsung.android.dqagent(pid 14156) ret:-16 adj:500
02-13 16:26:16.340   833   833 I SurfaceFlinger: SFWD update time=159793960512128
02-13 16:26:16.341   833   886 I VSyncReactor: Current= 60, Period= 60, hwcPeriod= 60
02-13 16:26:16.342   833   833 D SurfaceFlinger: GPIS:: requestGpisForClientComposition
02-13 16:26:16.342  1046  1135 D CoreBackPreview: Window{c8ff89d u0 Application Not Responding: com.macdonaldautomation.blowpin}: Setting back callback OnBackInvokedCallbackInfo{mCallback=android.window.WindowOnBackInvokedDispatcher$OnBackInvokedCallbackWrapper@f1fcad1, mPriority=-1, mIsAnimationCallback=false, mOverrideBehavior=0}
02-13 16:26:16.357   833   833 I SurfaceFlinger: RequestedLayer [WindowToken{9f1db74 type=2003 android.view.ViewRootImpl$W@3df2286}#5784] hidden!! flag  from(1) --> to(0)
02-13 16:26:16.357   833   833 I SurfaceFlinger: RequestedLayer [c8ff89d Application Not Responding: com.macdonaldautomation.blowpin#5785] hidden!! flag  from(1) --> to(0)
02-13 16:26:16.357   833   833 I SurfaceFlinger: [LayerHierarchy{RequestedLayerState{e1164cb NavigationBar0#89 parentId=5786} 1 children}] reparent to LayerHierarchy{RequestedLayerState{Surface(name=e1164cb NavigationBar0)/@0x3901c0c - animation-leash of insets_animation#5786 parentId=88} 1 children}
02-13 16:26:16.357   833   833 I SurfaceFlinger: [LayerHierarchy{RequestedLayerState{2162ffe StatusBar#93 parentId=5787} 1 children}] reparent to LayerHierarchy{RequestedLayerState{Surface(name=2162ffe StatusBar)/@0x128ecf8 - animation-leash of insets_animation#5787 parentId=92} 1 children}
02-13 16:26:16.357   833   833 I SurfaceFlinger: [LayerHierarchy{RequestedLayerState{Surface(name=e1164cb NavigationBar0)/@0x3901c0c - animation-leash of insets_animation#5779} no children}] reparent to OffscreenRoot
02-13 16:26:16.357   833   833 I SurfaceFlinger: [LayerHierarchy{RequestedLayerState{Surface(name=e1164cb NavigationBar0)/@0x3901c0c - animation-leash of insets_animation#5779} no children}] RelativeParent to null
02-13 16:26:16.357   833   833 I SurfaceFlinger: [LayerHierarchy{RequestedLayerState{Surface(name=2162ffe StatusBar)/@0x128ecf8 - animation-leash of insets_animation#5780} no children}] reparent to OffscreenRoot
02-13 16:26:16.357   833   833 I SurfaceFlinger: [LayerHierarchy{RequestedLayerState{Surface(name=2162ffe StatusBar)/@0x128ecf8 - animation-leash of insets_animation#5780} no children}] RelativeParent to null
02-13 16:26:16.357   833   833 I SurfaceFlinger: [WindowToken{9f1db74 type=2003 android.view.ViewRootImpl$W@3df2286}#5784] attach to parent LayerHierarchy{RequestedLayerState{Leaf:3:12#13 parentId=9 z=1} 2 children}
02-13 16:26:16.357   833   833 I SurfaceFlinger: [c8ff89d Application Not Responding: com.macdonaldautomation.blowpin#5785] attach to parent LayerHierarchy{RequestedLayerState{WindowToken{9f1db74 type=2003 android.view.ViewRootImpl$W@3df2286}#5784 parentId=13 z=1} 1 children}
02-13 16:26:16.357   833   833 I SurfaceFlinger: [Surface(name=e1164cb NavigationBar0)/@0x3901c0c - animation-leash of insets_animation#5786] attach to parent LayerHierarchy{RequestedLayerState{WindowToken{18dc39a type=2019 android.os.BinderProxy@d2d08bc}#88 parentId=34} 1 children}
02-13 16:26:16.357   833   833 I SurfaceFlinger: [Surface(name=2162ffe StatusBar)/@0x128ecf8 - animation-leash of insets_animation#5787] attach to parent LayerHierarchy{RequestedLayerState{WindowToken{fd4bfb9 type=2000 android.os.BinderProxy@92aca03}#92 parentId=17} 1 children}
02-13 16:26:16.363   745   812 I SensorsHub: DeviceOrientation(0): event = 0, time = 422251225928336
02-13 16:26:16.364  1046  1135 I WindowManager: Relayout Window{c8ff89d u0 Application Not Responding: com.macdonaldautomation.blowpin}: viewVisibility=0 req=1068x639 ty=2003 d0
02-13 16:26:16.364  1528  1528 D AppController: AppControlSensorListener.onSensorChanged, Rotation: 0
02-13 16:26:16.364   833   922 I SurfaceFlinger: id=5788 createSurf, flag=44004, Application Not Responding: com.macdonaldautomation.blowpin#5788
02-13 16:26:16.364  1046  1135 D WindowManager: makeSurface duration=1 name=Application Not Responding: com.macdonaldautomation.blowpin
02-13 16:26:16.365  1046  1135 D SurfaceComposerClient: setCornerRadius ## 635d586 com.macdonaldautomation.blowpin/expo.modules.devlauncher.launcher.errors.DevLauncherErrorActivity#5774 cornerRadius=0.000000
02-13 16:26:16.365  1046  1135 D SurfaceComposerClient: setCornerRadius ## 635d586 com.macdonaldautomation.blowpin/expo.modules.devlauncher.launcher.errors.DevLauncherErrorActivity#5774 cornerRadius=0.000000
02-13 16:26:16.366  1046  1135 I WindowManager: Relayout hash=c8ff89d, pid=1046, syncId=-1: mAttrs={(0,0)(wrapxwrap) gr=BOTTOM CENTER_VERTICAL sim={adjust=pan forwardNavigation} ty=SYSTEM_ALERT fmt=TRANSLUCENT wanim=0x1030309 surfaceInsets=Rect(46, 46 - 46, 46) (manual) (!preservePreviousSurfaceInsets)
02-13 16:26:16.366  1046  1135 I WindowManager:   fl=1820002
02-13 16:26:16.366  1046  1135 I WindowManager:   pfl=40990
02-13 16:26:16.366  1046  1135 I WindowManager:   bhv=1
02-13 16:26:16.366  1046  1135 I WindowManager:   fitTypes=207
02-13 16:26:16.366  1046  1135 I WindowManager:   fitIgnoreVis
02-13 16:26:16.366  1046  1135 I WindowManager:   frameRateBoostOnTouch=true
02-13 16:26:16.366  1046  1135 I WindowManager:   dvrrWindowFrameRateHint=true
02-13 16:26:16.366  1046  1135 I WindowManager:  dimAmount=0.18 dimDuration=150 naviIconColor=0}
02-13 16:26:16.366  1046  1135 I InsetsSourceConsumer: applyRequestedVisibilityToControl: visible=true, type=navigationBars, host=Application Not Responding: com.macdonaldautomation.blowpin
02-13 16:26:16.367  1046  1135 I InsetsSourceConsumer: applyRequestedVisibilityToControl: visible=true, type=statusBars, host=Application Not Responding: com.macdonaldautomation.blowpin
02-13 16:26:16.367  1046  1135 I BLASTBufferQueue_Java: new BLASTBufferQueue, mName= VRI[blowpin]@3df2286 mNativeObject= 0xb4000075b004f000 caller= android.view.ViewRootImpl.updateBlastSurfaceIfNeeded:3585 android.view.ViewRootImpl.relayoutWindow:11685 android.view.ViewRootImpl.performTraversals:4804 android.view.ViewRootImpl.doTraversal:3924 android.view.ViewRootImpl$TraversalRunnable.run:12903 android.view.Choreographer$CallbackRecord.run:1901 android.view.Choreographer$CallbackRecord.run:1910 android.view.Choreographer.doCallbacks:1367 android.view.Choreographer.doFrame:1292 android.view.Choreographer$FrameDisplayEventReceiver.run:1870 
02-13 16:26:16.368  1046  1135 I BLASTBufferQueue_Java: update, w= 1160 h= 731 mName = VRI[blowpin]@3df2286 mNativeObject= 0xb4000075b004f000 sc.mNativeObject= 0xb400007522f1e900 format= -3 caller= android.view.ViewRootImpl.updateBlastSurfaceIfNeeded:3590 android.view.ViewRootImpl.relayoutWindow:11685 android.view.ViewRootImpl.performTraversals:4804 android.view.ViewRootImpl.doTraversal:3924 android.view.ViewRootImpl$TraversalRunnable.run:12903 android.view.Choreographer$CallbackRecord.run:1901 
02-13 16:26:16.368  1046  1135 I VRI[blowpin]@3df2286: Relayout returned: old=(0,100,1080,2205) new=(6,1566,1074,2205) relayoutAsync=false req=(1068,639)0 dur=4 res=0x3 s={true 0xb400007549018100} ch=true seqId=0
02-13 16:26:16.369  1046  1135 I VRI[blowpin]@3df2286: performConfigurationChange setNightDimText nightDimLevel=0
02-13 16:26:16.369  1046  1135 D VRI[blowpin]@3df2286: mThreadedRenderer.initialize() mSurface={isValid=true 0xb400007549018100} hwInitialized=true
02-13 16:26:16.370  1046  1135 D VRI[blowpin]@3df2286: reportNextDraw android.view.ViewRootImpl.performTraversals:5443 android.view.ViewRootImpl.doTraversal:3924 android.view.ViewRootImpl$TraversalRunnable.run:12903 android.view.Choreographer$CallbackRecord.run:1901 android.view.Choreographer$CallbackRecord.run:1910 
02-13 16:26:16.370  1046  1135 D VRI[blowpin]@3df2286: Setup new sync=wmsSync-VRI[blowpin]@3df2286#12
02-13 16:26:16.370  1046  1135 I VRI[blowpin]@3df2286: Creating new active sync group VRI[blowpin]@3df2286#13
02-13 16:26:16.371  1046  1135 D VRI[blowpin]@3df2286: registerCallbacksForSync syncBuffer=false
02-13 16:26:16.374   833   833 I SurfaceFlinger: [Application Not Responding: com.macdonaldautomation.blowpin#5788] attach to parent LayerHierarchy{RequestedLayerState{c8ff89d Application Not Responding: com.macdonaldautomation.blowpin#5785 parentId=5784} 1 children}
02-13 16:26:16.375  1046 14030 D VRI[blowpin]@3df2286: Received frameDrawingCallback syncResult=0 frameNum=1.
02-13 16:26:16.375  1046 14030 I VRI[blowpin]@3df2286: mWNT: t=0xb4000075af071380 mBlastBufferQueue=0xb4000075b004f000 fn= 1 HdrRenderState mRenderHdrSdrRatio=1.0 caller= android.view.ViewRootImpl$12.onFrameDraw:15441 android.view.ThreadedRenderer$1.onFrameDraw:718 <bottom of call stack> 
02-13 16:26:16.376  1046 14030 I VRI[blowpin]@3df2286: Setting up sync and frameCommitCallback
02-13 16:26:16.390   745   812 I SensorsHub: DeviceOrientation(0): event = 255, time = 422251245974835
02-13 16:26:16.390  1528  1528 D AppController: AppControlSensorListener.onSensorChanged, Rotation: -1
02-13 16:26:16.392   833   901 D SurfaceFlinger: [input] setFocusedWindow: c8ff89d Application Not Responding: com.macdonaldautomation.blowpin
02-13 16:26:16.393  1046  3432 D InputDispatcher: Once focus requested (0): c8ff89d Application Not Responding: com.macdonaldautomation.blowpin
02-13 16:26:16.393  1046  3432 D InputDispatcher: Focus request (0): c8ff89d Application Not Responding: com.macdonaldautomation.blowpin but waiting because NO_WINDOW
02-13 16:26:16.393  1046  3432 D InputDispatcher: Focus left window (0): 635d586 com.macdonaldautomation.blowpin/expo.modules.devlauncher.launcher.errors.DevLauncherErrorActivity
02-13 16:26:16.458  1046  6581 I BLASTBufferQueue: [VRI[blowpin]@3df2286#41](f:0,a:0,s:0) onFrameAvailable the first frame is available
02-13 16:26:16.459   833  2483 I SurfaceFlinger: [Application Not Responding: com.macdonaldautomation.blowpin#5788] setTransactionState with the first frame. bufferData(ID: 4492535792223, frameNumber: 1)
02-13 16:26:16.459  1046  6581 I VRI[blowpin]@3df2286: Received frameCommittedCallback lastAttemptedDrawFrameNum=1 didProduceBuffer=true
02-13 16:26:16.459  1046  6581 D HWUI    : CFMS:: SetUp Pid : 1046    Tid : 6581
02-13 16:26:16.459  1046  1135 W Looper  : Slow dispatch took 119ms android.ui app=system_server main=false group=FOREGROUND h=android.view.Choreographer$FrameHandler c=android.view.Choreographer$FrameDisplayEventReceiver@b42a191 m=0
02-13 16:26:16.459  1046  1135 D WindowOrientationListener: onSensorChanged device orientation: 0
02-13 16:26:16.459  1046  1135 V WindowManager: Computed rotation=ROTATION_0 (0) for display id=0 based on lastOrientation=SCREEN_ORIENTATION_PORTRAIT (1) and oldRotation=ROTATION_0 (0), caller=com.android.server.wm.WindowManagerService.updateRotationUnchecked:72 com.android.server.wm.DisplayRotation$OrientationListener.onProposedRotationChanged:328 com.android.server.wm.WindowOrientationListener$OrientationSensorJudge.finalizeRotation:26 com.android.server.wm.WindowOrientationListener$OrientationSensorJudge.onSensorChanged:392 android.hardware.SystemSensorManager$SensorEventQueue.dispatchSensorEvent:1142 android.os.MessageQueue.nativePollOnce:-2 
02-13 16:26:16.460  1046  1135 D WindowOrientationListener: onSensorChanged device orientation: -1
02-13 16:26:16.460  1046  1135 V WindowManager: Computed rotation=ROTATION_0 (0) for display id=0 based on lastOrientation=SCREEN_ORIENTATION_PORTRAIT (1) and oldRotation=ROTATION_0 (0), caller=com.android.server.wm.WindowManagerService.updateRotationUnchecked:72 com.android.server.wm.DisplayRotation$OrientationListener.onProposedRotationChanged:328 com.android.server.wm.WindowOrientationListener$OrientationSensorJudge.finalizeRotation:26 com.android.server.wm.WindowOrientationListener$OrientationSensorJudge.onSensorChanged:392 android.hardware.SystemSensorManager$SensorEventQueue.dispatchSensorEvent:1142 android.os.MessageQueue.nativePollOnce:-2 
02-13 16:26:16.460  1046  1135 D VRI[blowpin]@3df2286: reportDrawFinished seqId=0
02-13 16:26:16.460  1046  1135 D WindowManager: finishDrawingWindow: Window{c8ff89d u0 Application Not Responding: com.macdonaldautomation.blowpin} mDrawState=DRAW_PENDING seqId=0
02-13 16:26:16.463  1046  1138 D SurfaceComposerClient: setCornerRadius ## 635d586 com.macdonaldautomation.blowpin/expo.modules.devlauncher.launcher.errors.DevLauncherErrorActivity#5774 cornerRadius=0.000000
02-13 16:26:16.463  1528  1528 D NavigationBar: onSystemBarAttributesChanged() -  displayId:0, appearance:16, packageName: android (APPEARANCE_LIGHT_NAVIGATION_BARS ), navbarColorManagedByIme:false
02-13 16:26:16.466  1046  1138 I WindowManager: Reparenting to leash, surface=Surface(name=c8ff89d Application Not Responding: com.macdonaldautomation.blowpin)/@0x83ed81a, leashParent=Surface(name=WindowToken{9f1db74 type=2003 android.view.ViewRootImpl$W@3df2286})/@0x6b61f4b
02-13 16:26:16.467   833  2483 I SurfaceFlinger: id=5789 createSurf, flag=24004, Surface(name=c8ff89d Application Not Responding: com.macdonaldautomation.blowpin)/@0x83ed81a - animation-leash of window_animation#5789
02-13 16:26:16.467  1046  1138 D WindowManager: makeSurface duration=1 leash=Surface(name=Surface(name=c8ff89d Application Not Responding: com.macdonaldautomation.blowpin)/@0x83ed81a - animation-leash of window_animation)/@0x8165d28
02-13 16:26:16.468  1046  1138 V WindowManager: performShowLocked: mDrawState=HAS_DRAWN in Window{c8ff89d u0 Application Not Responding: com.macdonaldautomation.blowpin}
02-13 16:26:16.468  1046  1138 D SurfaceComposerClient: setCornerRadius ## 635d586 com.macdonaldautomation.blowpin/expo.modules.devlauncher.launcher.errors.DevLauncherErrorActivity#5774 cornerRadius=0.000000
02-13 16:26:16.474   833   833 I SurfaceFlinger: [Surface(name=c8ff89d Application Not Responding: com.macdonaldautomation.blowpin)/@0x83ed81a - animation-leash of window_animation#5789] attach to parent LayerHierarchy{RequestedLayerState{WindowToken{9f1db74 type=2003 android.view.ViewRootImpl$W@3df2286}#5784 parentId=13 z=1} 2 children}
02-13 16:26:16.475  1046  1139 D PowerManagerService: [api] setPowerBoost(L) boost:0, durationMs:0, caller (uid: 1000 pid: 1046) <- m() in com.android.server.display.DisplayManagerService$BinderService$$ExternalSyntheticOutline0:1
02-13 16:26:16.475   833  2376 I SurfaceFlinger: id=5790 createSurf, flag=20004, Dim Layer for - Display 0 name="Built-in Screen"#5790
02-13 16:26:16.491   833   833 E SurfaceFlinger: alpha changed 1.000 -> 0.000 - Surface(name=c8ff89d Application Not Responding: com.macdonaldautomation.blowpin)/@0x83ed81a - animation-leash of window_animation#5789
02-13 16:26:16.491   833   833 I SurfaceFlinger: [Display 0 name="Built-in Screen"#49] setFrameRateCategory: High
02-13 16:26:16.491   833   833 I SurfaceFlinger: RequestedLayer [Surface(name=c8ff89d Application Not[...]ation-leash of window_animation#5789] hidden!! flag  from(1) --> to(0)
02-13 16:26:16.491   833   833 E SurfaceFlinger: alpha changed 0.000 -> 0.000 - Surface(name=c8ff89d Application Not Responding: com.macdonaldautomation.blowpin)/@0x83ed81a - animation-leash of window_animation#5789
02-13 16:26:16.491   833   833 I SurfaceFlinger: RequestedLayer [Application Not Responding: com.macdonaldautomation.blowpin#5788] hidden!! flag  from(1) --> to(0)
02-13 16:26:16.491   833   833 I SurfaceFlinger: RequestedLayer [Dim Layer for - Display 0 name="Built-in Screen"#5790] hidden!! flag  from(1) --> to(0)
02-13 16:26:16.491   833   833 E SurfaceFlinger: alpha changed 1.000 -> 0.000 - Dim Layer for - Display 0 name="Built-in Screen"#5790
02-13 16:26:16.491   833   833 I SurfaceFlinger: [LayerHierarchy{RequestedLayerState{c8ff89d Application Not Responding: com.macdonaldautomation.blowpin#5785 parentId=5789} 1 children}] reparent to LayerHierarchy{RequestedLayerState{Surface(name=c8ff89d Application Not Responding: com.macdonaldautomation.blowpin)/@0x83ed81a - animation-leash of window_animation#5789 parentId=5784} 1 children}
02-13 16:26:16.491   833   833 I SurfaceFlinger: [Dim Layer for - Display 0 name="Built-in Screen"#5790] attach to parent LayerHierarchy{RequestedLayerState{Display 0 name="Built-in Screen"#49} 7 children}
02-13 16:26:16.497  1046  1406 D BackgroundInstallControlService: Package event received: 0
02-13 16:26:16.503  6148  6148 D BoundBrokerSvc: onBind: Intent { act=com.google.android.gms.semanticlocationhistory.service.START dat=chimera-action:/... xflg=0x4 cmp=com.google.android.gms/.chimera.GmsApiService }
02-13 16:26:16.503  6148  6148 D BoundBrokerSvc: Loading bound service for intent: Intent { act=com.google.android.gms.semanticlocationhistory.service.START dat=chimera-action:/... xflg=0x4 cmp=com.google.android.gms/.chimera.GmsApiService }
02-13 16:26:16.508   833   833 E SurfaceFlinger: alpha changed 0.000 -> 0.223 - Surface(name=c8ff89d Application Not Responding: com.macdonaldautomation.blowpin)/@0x83ed81a - animation-leash of window_animation#5789
02-13 16:26:16.510   833   833 D SurfaceFlinger: Display 4633128672291735931 HWC layers:
02-13 16:26:16.510   833   833 D SurfaceFlinger:        DEVICE |           57294863728657 | 00002102 | RGBA_8888    |    0.0    0.0 1080.0 2340.0 |    0    0 1080 2340 | com.macdonaldautomation.blowpin/expo[...]DevLauncherErrorActivity$_13340#5778 (15)
02-13 16:26:16.510   833   833 D SurfaceFlinger:        DEVICE |            4492535792223 | 00002100 | RGBA_8888    |   40.0    0.0 1120.0  729.0 |    0 1611 1080 2340 | Application Not Responding: com.macdonaldautomation.blowpin#5788 (1)
02-13 16:26:16.510   833   833 D SurfaceFlinger:        DEVICE |            6562710030176 | 00002100 | RGBA_8888    |    0.0    0.0 1080.0  100.0 |    0    0 1080  100 | StatusBar$_1528#98 (7009)
02-13 16:26:16.510   833   833 D SurfaceFlinger:        DEVICE |            6562710030184 | 00002100 | RGBA_8888    |    0.0    0.0 1080.0  135.0 |    0 2205 1080 2340 | NavigationBar0$_1528#94 (3262)
02-13 16:26:16.510   833   833 D SurfaceFlinger: 
02-13 16:26:16.512  1046  3433 D InputDispatcher: Focus entered window (0): c8ff89d Application Not Responding: com.macdonaldautomation.blowpin
02-13 16:26:16.512  1046  1135 D VRI[blowpin]@3df2286: mThreadedRenderer.initializeIfNeeded()#2 mSurface={isValid=true 0xb400007549018100}
02-13 16:26:16.512  1046  1135 I ImeFocusController: onPreWindowFocus: skipped hasWindowFocus=true mHasImeFocus=false
02-13 16:26:16.513  1046  1135 I ImeFocusController: onPostWindowFocus: skipped hasWindowFocus=true mHasImeFocus=false
02-13 16:26:16.524   833   833 E SurfaceFlinger: alpha changed 0.000 -> 0.010 - Dim Layer for - Display 0 name="Built-in Screen"#5790
02-13 16:26:16.527   833   833 D SurfaceFlinger: Display 4633128672291735931 HWC layers:
02-13 16:26:16.527   833   833 D SurfaceFlinger:        DEVICE |           57294863728657 | 00002102 | RGBA_8888    |    0.0    0.0 1080.0 2340.0 |    0    0 1080 2340 | com.macdonaldautomation.blowpin/expo[...]DevLauncherErrorActivity$_13340#5778 (15)
02-13 16:26:16.527   833   833 D SurfaceFlinger:   SOLID_COLOR |                        0 | 00000000 | N/A          |    0.0    0.0    0.0    0.0 |    0    0 1080 2340 | Dim Layer for - Display 0 name="Built-in Screen"#5790 (0)
02-13 16:26:16.527   833   833 D SurfaceFlinger:        DEVICE |            4492535792223 | 00002100 | RGBA_8888    |   40.0    0.0 1120.0  731.0 |    0 1598 1080 2329 | Application Not Responding: com.macdonaldautomation.blowpin#5788 (1)
02-13 16:26:16.527   833   833 D SurfaceFlinger:        DEVICE |            6562710030176 | 00002100 | RGBA_8888    |    0.0    0.0 1080.0  100.0 |    0    0 1080  100 | StatusBar$_1528#98 (7009)
02-13 16:26:16.527   833   833 D SurfaceFlinger:        DEVICE |            6562710030184 | 00002100 | RGBA_8888    |    0.0    0.0 1080.0  135.0 |    0 2205 1080 2340 | NavigationBar0$_1528#94 (3262)
02-13 16:26:16.527   833   833 D SurfaceFlinger: 
02-13 16:26:16.777  1046  1138 I WindowManager: Reparenting to original parent: Surface(name=WindowToken{9f1db74 type=2003 android.view.ViewRootImpl$W@3df2286})/@0x6b61f4b, destroy=true, surface=Surface(name=c8ff89d Application Not Responding: com.macdonaldautomation.blowpin)/@0x83ed81a
02-13 16:26:16.778  1046  1138 D WindowManager: updateSystemBarAttributes: displayId=0, focusedCanBeNavColorWin=false, win=Window{c8ff89d u0 Application Not Responding: com.macdonaldautomation.blowpin}, navColorWin=Window{c8ff89d u0 Application Not Responding: com.macdonaldautomation.blowpin}, caller=com.android.server.wm.DisplayPolicy.finishPostLayoutPolicyLw:17 com.android.server.wm.RootWindowContainer.applySurfaceChangesTransaction$1:195 com.android.server.wm.RootWindowContainer.performSurfacePlacementNoTrace:59 
02-13 16:26:16.779  1046  1138 D WindowManager: updateSystemBarAttributes, bhv=1, apr=0, statusBarAprRegions=[AppearanceRegion{ bounds=[0,0][1080,2340]}], requestedVisibilities=-9
02-13 16:26:16.779  1046  1138 D SurfaceComposerClient: setCornerRadius ## 635d586 com.macdonaldautomation.blowpin/expo.modules.devlauncher.launcher.errors.DevLauncherErrorActivity#5774 cornerRadius=0.000000
02-13 16:26:16.780  1528  1528 D SamsungLightBarControlHelper: updateStatusBar (WHITE icon) numStacks:1, StatusBarMode:MODE_TRANSPARENT, lightBarBounds:[], StatusBarState:SHADE, packageName:, isWhiteKeyguardStatusBar:true
02-13 16:26:16.780  1528  1528 D SamsungLightBarControlHelper: onStatusBarAppearanceChanged() -  sbModeChanged:false, statusBarMode:0, barState:MODE_TRANSPARENT, isKeyguardShowing:false, navbarColorManagedByIme:false, (AppearanceRegion{ bounds=[0,0][1080,2340]}, )
02-13 16:26:16.780  1528  1528 D NavigationBar: onSystemBarAttributesChanged() -  displayId:0, appearance:0, packageName: android, navbarColorManagedByIme:false
02-13 16:26:16.781  1528  1528 D SamsungLightBarControlHelper: updateNavigationBar (WHITE button) isLightOpaque:false, hasLightNavigationBarFlag:false, packageName:android, DirectReplying:false, NavBarColorMangedByIme:false, ForceDarkForScrim:false, ForceLightForScrim:false, QsCustomizing:false, QsExpanded:false
02-13 16:26:16.794  1046  1138 D SurfaceComposerClient: setCornerRadius ## 635d586 com.macdonaldautomation.blowpin/expo.modules.devlauncher.launcher.errors.DevLauncherErrorActivity#5774 cornerRadius=0.000000
02-13 16:26:16.807   833   833 I SurfaceFlinger: [Display 0 name="Built-in Screen"#49] setFrameRateCategory: Default
02-13 16:26:16.807   833   833 I SurfaceFlinger: [LayerHierarchy{RequestedLayerState{c8ff89d Application Not Responding: com.macdonaldautomation.blowpin#5785 parentId=5784} 2 children}] reparent to LayerHierarchy{RequestedLayerState{WindowToken{9f1db74 type=2003 android.view.ViewRootImpl$W@3df2286}#5784 parentId=13 z=1} 2 children}
02-13 16:26:16.807   833   833 I SurfaceFlinger: [LayerHierarchy{RequestedLayerState{Surface(name=c8ff89d Application Not Responding: com.macdonaldautomation.blowpin)/@0x83ed81a - animation-leash of window_animation#5789} no children}] reparent to OffscreenRoot
02-13 16:26:16.807   833   833 I SurfaceFlinger: [LayerHierarchy{RequestedLayerState{Surface(name=c8ff89d Application Not Responding: com.macdonaldautomation.blowpin)/@0x83ed81a - animation-leash of window_animation#5789} no children}] RelativeParent to null
02-13 16:26:16.808   833   833 I SurfaceFlinger: id=5789 Removed Surface(name=c8ff89d Application Not Responding: com.macdonaldautomation.blowpin)/@0x83ed81a - animation-leash of window_animation#5789 (172)
02-13 16:26:16.824   833   833 I SurfaceFlinger: destroyed Surface(name=c8ff89d Application Not Responding: com.macdonaldautomation.blowpin)/@0x83ed81a - animation-leash of window_animation#5789
02-13 16:26:16.824   833   833 I Layer   : id=5789 Destroyed Surface(name=c8ff89d Application Not Responding: com.macdonaldautomation.blowpin)/@0x83ed81a - animation-leash of window_animation#5789
02-13 16:26:16.834  1046 14617 D SemInputDeviceManager: setProperty: (0) CMD,GRIP_DATA,1,45,7,24,702
02-13 16:26:16.835  1046 14617 D TspStateManager: wrote command: cmd=1,45,7,24,702, type=1
02-13 16:26:16.835  1046  1290 D SemInputDevice:TSP: SetPropertyTask: CMD,set_grip_data,1,45,7,24,702 [02-13 16:26:16.834]
02-13 16:26:16.839   793   793 I sysinput:Touch: writeInformation:249, OK
02-13 16:26:16.839  1046  1290 D SysinputHAL_V1_3(V1_2): runTspCmdNoRead(TSP(1)): set_grip_data,1,45,7,24,702 ret=0
02-13 16:26:16.908  1528  1528 D QSClock : onDarkChanged tint=WHITE
02-13 16:26:16.916   821   841 E HeatmapThread: ECT Thread time in milliseconds: 1771017976
02-13 16:26:16.918   821   841 D HeatmapThread: !@ batteryplugType : 2
02-13 16:26:16.918   821   841 D HeatmapThread: !@ batteryLevel : 100  batteryTemperature : 343 
02-13 16:26:16.918   821   841 D HeatmapThread: !@ Heatmap currtime: 29516966
02-13 16:26:16.918   821   841 D HeatmapThread: !@ Heatmap prevtime: 29516943
02-13 16:26:16.919   821   841 D HeatmapThread: !@ Heatmap plugstarttime: 29516661
02-13 16:26:16.919   821   841 D HeatmapThread: !@ Heatmap prevv_dsoh_update_time: 29516961
02-13 16:26:16.919   821   841 E HeatmapThread: !@ CAM New BSOH: 99
02-13 16:26:16.919   821   841 E HeatmapThread: !@ CAM is Working
02-13 16:26:17.498   833   833 D SurfaceFlinger: GPIS:: requestGpisForSFSluggish
02-13 16:26:17.654   518   518 D io_stats: !@   8,0 r 33115159 547717392 w 3826392 66686812 d 366377 117567320 f 128192 284134 iot 16848112 0 th 0 0 0 pt 0 inp 0 0 159795.274
02-13 16:26:17.655   518   518 D io_stats: !@ Read_top(KB): ng.android.scpm(14574) 13012 kworker/u16:1(7379) 3384 .gms.persistent(19566) 2380
02-13 16:26:17.655   518   518 D io_stats: !@ Write_top(KB): system_server(1046) 1844 kworker/u16:1(7379) 336 f2fs_ckpt-254:5(561) 176
02-13 16:26:17.753   745   812 I SensorsHub: DeviceOrientation(0): event = 0, time = 422252607921176
02-13 16:26:17.755  1528  1528 D AppController: AppControlSensorListener.onSensorChanged, Rotation: 0
02-13 16:26:17.755  1046  1135 D WindowOrientationListener: onSensorChanged device orientation: 0
02-13 16:26:17.756  1046  1135 V WindowManager: Computed rotation=ROTATION_0 (0) for display id=0 based on lastOrientation=SCREEN_ORIENTATION_PORTRAIT (1) and oldRotation=ROTATION_0 (0), caller=com.android.server.wm.WindowManagerService.updateRotationUnchecked:72 com.android.server.wm.DisplayRotation$OrientationListener.onProposedRotationChanged:328 com.android.server.wm.WindowOrientationListener$OrientationSensorJudge.finalizeRotation:26 com.android.server.wm.WindowOrientationListener$OrientationSensorJudge.onSensorChanged:392 android.hardware.SystemSensorManager$SensorEventQueue.dispatchSensorEvent:1142 android.os.MessageQueue.nativePollOnce:-2 
02-13 16:26:17.785   780   780 I sehhealth-service: updateLrpSysfs: write: 402
02-13 16:26:17.787   780   820 E BatteryDump: !@new_battery_dump : 4404,-17,1200,1800,100,342,341,427,0,0,410,427,0,Full,NO_CHARGING,None,Good,PDIC,0,Normal,0,0,9420,0x0,0x10000,0x0,0,0,0000,0000,00000000,0,0,0,0,36,4407,9970,990,0,
02-13 16:26:17.917   821   841 E HeatmapThread: ECT Thread time in milliseconds: 1771017977
02-13 16:26:17.921   821   841 D HeatmapThread: !@ batteryplugType : 2
02-13 16:26:17.922   821   841 D HeatmapThread: !@ batteryLevel : 100  batteryTemperature : 342 
02-13 16:26:17.922   821   841 D HeatmapThread: !@ Heatmap currtime: 29516966
02-13 16:26:17.922   821   841 D HeatmapThread: !@ Heatmap prevtime: 29516943
02-13 16:26:17.922   821   841 D HeatmapThread: !@ Heatmap plugstarttime: 29516661
02-13 16:26:17.922   821   841 D HeatmapThread: !@ Heatmap prevv_dsoh_update_time: 29516961
02-13 16:26:17.923   821   841 E HeatmapThread: !@ CAM New BSOH: 99
02-13 16:26:17.923   821   841 E HeatmapThread: !@ CAM is Working
02-13 16:26:18.086   745   812 I SensorsHub: DeviceOrientation(0): event = 255, time = 422252948543483
02-13 16:26:18.088  1528  1528 D AppController: AppControlSensorListener.onSensorChanged, Rotation: -1
02-13 16:26:18.088  1046  1135 D WindowOrientationListener: onSensorChanged device orientation: -1
02-13 16:26:18.093  1046  1135 V WindowManager: Computed rotation=ROTATION_0 (0) for display id=0 based on lastOrientation=SCREEN_ORIENTATION_PORTRAIT (1) and oldRotation=ROTATION_0 (0), caller=com.android.server.wm.WindowManagerService.updateRotationUnchecked:72 com.android.server.wm.DisplayRotation$OrientationListener.onProposedRotationChanged:328 com.android.server.wm.WindowOrientationListener$OrientationSensorJudge.finalizeRotation:26 com.android.server.wm.WindowOrientationListener$OrientationSensorJudge.onSensorChanged:392 android.hardware.SystemSensorManager$SensorEventQueue.dispatchSensorEvent:1142 android.os.MessageQueue.nativePollOnce:-2 
02-13 16:26:18.139  1046  1142 I ActivityManager: Changes in 10118 5 to 15, 144 to 0
02-13 16:26:18.144  1046  1142 I ActivityManager: Changes in 5009 5 to 15, 144 to 0
02-13 16:26:18.151  1046  1142 I ActivityManager: Changes in 10077 5 to 10, 144 to 0
02-13 16:26:18.157  1046 15882 D PerProcessNandswap$NandswapHandler: nandswap start for non-activity com.samsung.klmsagent(pid 13599) action:1 adj:800 type:3
02-13 16:26:18.197  1046 15882 D PerProcessNandswapNative: enable WriteBooster
02-13 16:26:18.211  1046 15882 D PerProcessNandswap$NandswapHandler: nandswap end for non-activity com.samsung.klmsagent(pid 13599) ret:7840927744 adj:800
02-13 16:26:18.214  1046  1269 D InputReader: Btn_touch(7): value=1 when=159795.834004
02-13 16:26:18.214  1046  1269 I InputReader: Touch event's action is 0x0 (id=3, t=0) [pCnt=1, s=0.29204 ] when=159795.834004
02-13 16:26:18.220  1046  1268 I InputDispatcher: Delivering touch to (1528): action: 0x4, f=0x0, d=0, 'e1164cb', t=1 
02-13 16:26:18.220  1046  1268 I InputDispatcher: Delivering touch to (1046): action: 0x0, f=0x0, d=0, 'c8ff89d', t=1 +(-6,-1566)
02-13 16:26:18.221  1046  1135 I VRI[blowpin]@3df2286: ViewPostIme pointer 0
02-13 16:26:18.221  1046  1268 D PowerManagerService: [api] userActivityFromNative : touch displayId=0 eventTime=159795834
02-13 16:26:18.222  1046  1268 D PowerManagerService: UserActivityStateListenerState: 1
02-13 16:26:18.224  1046  1135 I VRI[blowpin]@3df2286: call setFrameRateCategory for touch hint category=high hint, reason=touch, vri=VRI[blowpin]@3df2286
02-13 16:26:18.225   833   886 I VSyncReactor: Current= 60, Period= 60, hwcPeriod= 60
02-13 16:26:18.226  1046  1135 I GestureDetector: obtain mCurrentDownEvent. id: 636613345 caller: com.android.server.wm.SystemGesturesPointerEventListener.onPointerEvent:17 com.android.server.wm.PointerEventDispatcher.onInputEvent:51 android.view.InputEventReceiver.dispatchInputEvent:392 
02-13 16:26:18.227  1046  1135 I GestureDetector: obtain mCurrentDownEvent. id: 636613345 caller: com.android.server.wm.SystemPerformancePointerEventListener.onPointerEvent:13 com.android.server.wm.PointerEventDispatcher.onInputEvent:51 android.view.InputEventReceiver.dispatchInputEvent:392 
02-13 16:26:18.227  1046  1135 I GestureDetector: obtain mCurrentMotionEventRaw. action: 2 id: 1016942479
02-13 16:26:18.228  1046  1135 I GestureDetector: obtain mCurrentMotionEventRaw. action: 2 id: 1016942479
02-13 16:26:18.241   833   833 I SurfaceFlinger: [Application Not Responding: com.macdonaldautomation.blowpin#5788] setFrameRateCategory: HighHint
02-13 16:26:18.242   833   833 D SurfaceFlinger: GPIS:: requestGpisForClientComposition
02-13 16:26:18.319  1046  1269 D InputReader: Btn_touch(7): value=0 when=159795.938904
02-13 16:26:18.319  1046  1269 I InputReader: Touch event's action is 0x1 (id=3, t=0) [pCnt=1, s=] when=159795.938904
02-13 16:26:18.321  1046  1268 I InputDispatcher: Delivering touch to (1046): action: 0x1, f=0x0, d=0, 'c8ff89d', t=1 +(-6,-1566)
02-13 16:26:18.321  1046  1135 I VRI[blowpin]@3df2286: ViewPostIme pointer 1
02-13 16:26:18.328  1046  1135 I WindowManager: WindowManagerGlobal#removeView, ty=2003, view=com.android.internal.policy.DecorView{f074761 V.E...... R......D 0,0-1068,639}[blowpin], caller=android.view.WindowManagerGlobal.removeView:654 android.view.WindowManagerImpl.removeViewImmediate:216 android.app.Dialog.dismissDialog:850 
02-13 16:26:18.329  1046  1135 W WindowOnBackDispatcher: sendCancelIfRunning: isInProgress=false callback=android.app.Dialog$$ExternalSyntheticLambda4@23985f8
02-13 16:26:18.329  1046  1135 D CoreBackPreview: Window{c8ff89d u0 Application Not Responding: com.macdonaldautomation.blowpin}: Setting back callback null
02-13 16:26:18.333  1046  6581 D HWUI    : endAllActiveAnimators on 0xb400007523152200 (RippleDrawable) with handle 0xb4000075a70464a0
02-13 16:26:18.333  1046  6581 D HWUI    : CacheManager::trimMemory(20)
02-13 16:26:18.334  1046  1135 I VRI[blowpin]@3df2286: dispatchDetachedFromWindow
02-13 16:26:18.335  1046  1135 D InputTransport: Input channel destroyed: 'c8ff89d', fd=770
02-13 16:26:18.336  1046  1135 V WindowManager: Remove Window{c8ff89d u0 Application Not Responding: com.macdonaldautomation.blowpin}: mSurfaceControl=Surface(name=Application Not Responding: com.macdonaldautomation.blowpin)/@0x607122c mAnimatingExit=false mRemoveOnExit=false mHasSurface=true surfaceShowing=true animating=false app-animation=false callers=com.android.server.wm.Session.remove:16 android.view.ViewRootImpl.dispatchDetachedFromWindow:7915 android.view.ViewRootImpl.doDie:12278 android.view.ViewRootImpl.die:12237 android.view.WindowManagerGlobal.removeViewLocked:723 android.view.WindowManagerGlobal.removeView:654 
02-13 16:26:18.338  1046  1135 I WindowManager: Reparenting to leash, surface=Surface(name=c8ff89d Application Not Responding: com.macdonaldautomation.blowpin)/@0x83ed81a, leashParent=Surface(name=WindowToken{9f1db74 type=2003 android.view.ViewRootImpl$W@3df2286})/@0x6b61f4b
02-13 16:26:18.339   833  2376 I SurfaceFlinger: id=5791 createSurf, flag=24000, Surface(name=c8ff89d Application Not Responding: com.macdonaldautomation.blowpin)/@0x83ed81a - animation-leash of window_animation#5791
02-13 16:26:18.341  1046  1135 D WindowManager: makeSurface duration=2 leash=Surface(name=Surface(name=c8ff89d Application Not Responding: com.macdonaldautomation.blowpin)/@0x83ed81a - animation-leash of window_animation)/@0x589028a
02-13 16:26:18.341   833   833 I SurfaceFlinger: [Surface(name=c8ff89d Application Not Responding: com.macdonaldautomation.blowpin)/@0x83ed81a - animation-leash of window_animation#5791] attach to parent LayerHierarchy{RequestedLayerState{WindowToken{9f1db74 type=2003 android.view.ViewRootImpl$W@3df2286}#5784 parentId=13 z=1} 2 children}
02-13 16:26:18.342  1046  1135 D WindowManager: Changing focus from Window{c8ff89d u0 Application Not Responding: com.macdonaldautomation.blowpin EXITING} to Window{635d586 u0 com.macdonaldautomation.blowpin/expo.modules.devlauncher.launcher.errors.DevLauncherErrorActivity} displayId=0 Callers=com.android.server.wm.WindowState.removeIfPossible:602 com.android.server.wm.Session.remove:16 android.view.ViewRootImpl.dispatchDetachedFromWindow:7915 android.view.ViewRootImpl.doDie:12278 
02-13 16:26:18.343  1046  1135 I WindowManager: Cancelling animation restarting=true, leash=Surface(name=Surface(name=e1164cb NavigationBar0)/@0x3901c0c - animation-leash of insets_animation)/@0x3d180e3
