--------- beginning of main
02-13 16:26:00.526  1046  1328 D WifiStaIfaceHidlImpl: getCachedScanData is not implemented by HIDL
02-13 16:26:00.541  1046  3201 D SemWifiUsabilityStatsMonitor: onWifiUsabilityStats - seqNum 19438, isSameBssidAndFreq true
02-13 16:26:00.917   821   841 E HeatmapThread: ECT Thread time in milliseconds: 1771017960
02-13 16:26:00.920   821   841 D HeatmapThread: !@ batteryplugType : 2
02-13 16:26:00.920   821   841 D HeatmapThread: !@ batteryLevel : 100  batteryTemperature : 343 
02-13 16:26:00.920   821   841 D HeatmapThread: !@ Heatmap currtime: 29516966
02-13 16:26:00.920   821   841 D HeatmapThread: !@ Heatmap prevtime: 29516943
02-13 16:26:00.920   821   841 D HeatmapThread: !@ Heatmap plugstarttime: 29516661
02-13 16:26:00.920   821   841 D HeatmapThread: !@ Heatmap prevv_dsoh_update_time: 29516961
02-13 16:26:00.920   821   841 E HeatmapThread: !@ CAM New BSOH: 99
02-13 16:26:00.920   821   841 E HeatmapThread: !@ CAM is Working
--------- beginning of system
02-13 16:26:01.353  1046  1505 I Pageboost: Launcher App Execution
02-13 16:26:01.414  1046  1269 D InputReader: Btn_touch(7): value=1 when=159779.034322
02-13 16:26:01.415  1046  1269 I InputReader: Touch event's action is 0x0 (id=3, t=0) [pCnt=1, s=0.29203 ] when=159779.034322
02-13 16:26:01.418  1046  1268 I InputDispatcher: Delivering touch to (1528): action: 0x4, f=0x0, d=0, 'e1164cb', t=1 
02-13 16:26:01.418  1046  1268 I InputDispatcher: Delivering touch to (13340): action: 0x0, f=0x0, d=0, '635d586', t=1 
02-13 16:26:01.419 13340 13340 I VRI[DevLauncherErrorActivity]@219f05f: ViewPostIme pointer 0
02-13 16:26:01.419  1046  1268 D PowerManagerService: [api] userActivityFromNative : touch displayId=0 eventTime=159779034
02-13 16:26:01.420  1046  1268 D PowerManagerService: UserActivityStateListenerState: 1
02-13 16:26:01.421  1046  1135 I GestureDetector: obtain mCurrentDownEvent. id: 552588747 caller: com.android.server.wm.SystemGesturesPointerEventListener.onPointerEvent:17 com.android.server.wm.PointerEventDispatcher.onInputEvent:51 android.view.InputEventReceiver.dispatchInputEvent:392 
02-13 16:26:01.422  1046  1135 I GestureDetector: obtain mCurrentDownEvent. id: 552588747 caller: com.android.server.wm.SystemPerformancePointerEventListener.onPointerEvent:13 com.android.server.wm.PointerEventDispatcher.onInputEvent:51 android.view.InputEventReceiver.dispatchInputEvent:392 
02-13 16:26:01.422  1046  1135 I GestureDetector: obtain mCurrentMotionEventRaw. action: 2 id: 431385400
02-13 16:26:01.422  1046  1135 I GestureDetector: obtain mCurrentMotionEventRaw. action: 2 id: 431385400
02-13 16:26:01.423   833   886 I VSyncReactor: Current= 60, Period= 60, hwcPeriod= 60
02-13 16:26:01.426 13340 13340 I VRI[DevLauncherErrorActivity]@219f05f: call setFrameRateCategory for touch hint category=high hint, reason=touch, vri=VRI[DevLauncherErrorActivity]@219f05f
02-13 16:26:01.440   833   833 I SurfaceFlinger: [com.macdonaldautomation.blowpin/expo.modules.devlauncher.launcher.errors.DevLauncherErrorActivity$_13340#5778] setFrameRateCategory: HighHint
02-13 16:26:01.450 13340 13340 I View    : setRequestedFrameRate frameRate=NaN, this=androidx.compose.ui.platform.AndroidComposeView{d877344 VFED..... ........ 0,0-1080,2340 aid=1073741824}, caller=android.view.ViewGroup.setRequestedFrameRate:9952 androidx.compose.ui.platform.Api35Impl.setRequestedFrameRate:3314 androidx.compose.ui.platform.AndroidComposeView.dispatchDraw:1949 android.view.View.draw:26345 android.view.View.updateDisplayListIfDirty:25175 
02-13 16:26:01.450 13340 13340 I View    : setRequestedFrameRate frameRate=NaN, this=android.view.View{7d88039 V.ED..... ........ 0,0-0,0}, caller=androidx.compose.ui.platform.Api35Impl.setRequestedFrameRate:3314 androidx.compose.ui.platform.AndroidComposeView.dispatchDraw:1950 android.view.View.draw:26345 android.view.View.updateDisplayListIfDirty:25175 android.view.ViewGroup.recreateChildDisplayList:4794 
02-13 16:26:01.474   833   833 D SurfaceFlinger: GPIS:: requestGpisForClientComposition
02-13 16:26:01.517  1046  1269 D InputReader: Btn_touch(7): value=0 when=159779.136736
02-13 16:26:01.517  1046  1269 I InputReader: Touch event's action is 0x1 (id=3, t=0) [pCnt=1, s=] when=159779.136736
02-13 16:26:01.518  1046  1268 I InputDispatcher: Delivering touch to (13340): action: 0x1, f=0x0, d=0, '635d586', t=1 
02-13 16:26:01.518 13340 13340 I VRI[DevLauncherErrorActivity]@219f05f: ViewPostIme pointer 1
02-13 16:26:01.533 13340 13340 E InputEventReceiver: Exception dispatching input event.
02-13 16:26:01.533 13340 13340 E MessageQueue-JNI: Exception in MessageQueue callback: handleReceiveCallback
02-13 16:26:01.534 13340 13340 E MessageQueue-JNI: java.lang.NullPointerException: null cannot be cast to non-null type expo.modules.devlauncher.DevLauncherController
02-13 16:26:01.534 13340 13340 E MessageQueue-JNI: 	at expo.modules.devlauncher.compose.models.ErrorViewModel.onAction(ErrorViewModel.kt:62)
02-13 16:26:01.534 13340 13340 E MessageQueue-JNI: 	at expo.modules.devlauncher.launcher.errors.DevLauncherErrorActivity$onCreate$2$1$1.invoke(DevLauncherErrorActivity.kt:44)
02-13 16:26:01.534 13340 13340 E MessageQueue-JNI: 	at expo.modules.devlauncher.launcher.errors.DevLauncherErrorActivity$onCreate$2$1$1.invoke(DevLauncherErrorActivity.kt:44)
02-13 16:26:01.534 13340 13340 E MessageQueue-JNI: 	at expo.modules.devlauncher.compose.screens.ErrorScreenKt.ErrorScreen$lambda$8$lambda$7$lambda$4$lambda$3(ErrorScreen.kt:68)
02-13 16:26:01.534 13340 13340 E MessageQueue-JNI: 	at expo.modules.devlauncher.compose.screens.ErrorScreenKt.$r8$lambda$8C7evjQMrikGDevLXg1JiogMqUM(Unknown Source:0)
02-13 16:26:01.534 13340 13340 E MessageQueue-JNI: 	at expo.modules.devlauncher.compose.screens.ErrorScreenKt$$ExternalSyntheticLambda1.invoke(D8$$SyntheticClass:0)
02-13 16:26:01.534 13340 13340 E MessageQueue-JNI: 	at androidx.compose.foundation.ClickableNode.onPointerEvent-H0pRuoY(Clickable.kt:1009)
02-13 16:26:01.534 13340 13340 E MessageQueue-JNI: 	at androidx.compose.ui.input.pointer.Node.dispatchMainEventPass(HitPathTracker.kt:436)
02-13 16:26:01.534 13340 13340 E MessageQueue-JNI: 	at androidx.compose.ui.input.pointer.NodeParent.dispatchMainEventPass(HitPathTracker.kt:275)
02-13 16:26:01.534 13340 13340 E MessageQueue-JNI: 	at androidx.compose.ui.input.pointer.HitPathTracker.dispatchChanges(HitPathTracker.kt:171)
02-13 16:26:01.534 13340 13340 E MessageQueue-JNI: 	at androidx.compose.ui.input.pointer.PointerInputEventProcessor.process-BIzXfog(PointerInputEventProcessor.kt:118)
02-13 16:26:01.534 13340 13340 E MessageQueue-JNI: 	at androidx.compose.ui.platform.AndroidComposeView.sendMotionEvent-8iAsVTc(AndroidComposeView.android.kt:2428)
02-13 16:26:01.534 13340 13340 E MessageQueue-JNI: 	at androidx.compose.ui.platform.AndroidComposeView.handleMotionEvent-8iAsVTc(AndroidComposeView.android.kt:2378)
02-13 16:26:01.534 13340 13340 E MessageQueue-JNI: 	at androidx.compose.ui.platform.AndroidComposeView.dispatchTouchEvent(AndroidComposeView.android.kt:2249)
02-13 16:26:01.534 13340 13340 E MessageQueue-JNI: 	at android.view.ViewGroup.dispatchTransformedTouchEvent(ViewGroup.java:3371)
02-13 16:26:01.534 13340 13340 E MessageQueue-JNI: 	at android.view.ViewGroup.dispatchTouchEvent(ViewGroup.java:3047)
02-13 16:26:01.534 13340 13340 E MessageQueue-JNI: 	at android.view.ViewGroup.dispatchTransformedTouchEvent(ViewGroup.java:3371)
02-13 16:26:01.534 13340 13340 E MessageQueue-JNI: 	at android.view.ViewGroup.dispatchTouchEvent(ViewGroup.java:3047)
02-13 16:26:01.534 13340 13340 E MessageQueue-JNI: 	at android.view.ViewGroup.dispatchTransformedTouchEvent(ViewGroup.java:3371)
02-13 16:26:01.534 13340 13340 E MessageQueue-JNI: 	at android.view.ViewGroup.dispatchTouchEvent(ViewGroup.java:3047)
02-13 16:26:01.534 13340 13340 E MessageQueue-JNI: 	at android.view.ViewGroup.dispatchTransformedTouchEvent(ViewGroup.java:3371)
02-13 16:26:01.534 13340 13340 E MessageQueue-JNI: 	at android.view.ViewGroup.dispatchTouchEvent(ViewGroup.java:3047)
02-13 16:26:01.534 13340 13340 E MessageQueue-JNI: 	at android.view.ViewGroup.dispatchTransformedTouchEvent(ViewGroup.java:3371)
02-13 16:26:01.534 13340 13340 E MessageQueue-JNI: 	at android.view.ViewGroup.dispatchTouchEvent(ViewGroup.java:3047)
02-13 16:26:01.534 13340 13340 E MessageQueue-JNI: 	at android.view.ViewGroup.dispatchTransformedTouchEvent(ViewGroup.java:3371)
02-13 16:26:01.534 13340 13340 E MessageQueue-JNI: 	at android.view.ViewGroup.dispatchTouchEvent(ViewGroup.java:3047)
02-13 16:26:01.534 13340 13340 E MessageQueue-JNI: 	at com.android.internal.policy.DecorView.superDispatchTouchEvent(DecorView.java:770)
02-13 16:26:01.534 13340 13340 E MessageQueue-JNI: 	at com.android.internal.policy.PhoneWindow.superDispatchTouchEvent(PhoneWindow.java:2118)
02-13 16:26:01.534 13340 13340 E MessageQueue-JNI: 	at android.app.Activity.dispatchTouchEvent(Activity.java:4776)
02-13 16:26:01.534 13340 13340 E MessageQueue-JNI: 	at androidx.appcompat.view.WindowCallbackWrapper.dispatchTouchEvent(WindowCallbackWrapper.java:69)
02-13 16:26:01.534 13340 13340 E MessageQueue-JNI: 	at com.android.internal.policy.DecorView.dispatchTouchEvent(DecorView.java:728)
02-13 16:26:01.534 13340 13340 E MessageQueue-JNI: 	at android.view.View.dispatchPointerEvent(View.java:17527)
02-13 16:26:01.534 13340 13340 E MessageQueue-JNI: 	at android.view.ViewRootImpl$ViewPostImeInputStage.processPointerEvent(ViewRootImpl.java:9847)
02-13 16:26:01.534 13340 13340 E MessageQueue-JNI: 	at android.view.ViewRootImpl$ViewPostImeInputStage.onProcess(ViewRootImpl.java:9563)
02-13 16:26:01.534 13340 13340 E MessageQueue-JNI: 	at android.view.ViewRootImpl$InputStage.deliver(ViewRootImpl.java:8901)
02-13 16:26:01.534 13340 13340 E MessageQueue-JNI: 	at android.view.ViewRootImpl$InputStage.onDeliverToNext(ViewRootImpl.java:8958)
02-13 16:26:01.534 13340 13340 E MessageQueue-JNI: 	at android.view.ViewRootImpl$InputStage.forward(ViewRootImpl.java:8924)
02-13 16:26:01.534 13340 13340 E MessageQueue-JNI: 	at android.view.ViewRootImpl$AsyncInputStage.forward(ViewRootImpl.java:9124)
02-13 16:26:01.534 13340 13340 E MessageQueue-JNI: 	at android.view.ViewRootImpl$InputStage.apply(ViewRootImpl.java:8932)
02-13 16:26:01.534 13340 13340 E MessageQueue-JNI: 	at android.view.ViewRootImpl$AsyncInputStage.apply(ViewRootImpl.java:9181)
02-13 16:26:01.534 13340 13340 E MessageQueue-JNI: 	at android.view.ViewRootImpl$InputStage.deliver(ViewRootImpl.java:8905)
02-13 16:26:01.534 13340 13340 E MessageQueue-JNI: 	at android.view.ViewRootImpl$InputStage.onDeliverToNext(ViewRootImpl.java:8958)
02-13 16:26:01.534 13340 13340 E MessageQueue-JNI: 	at android.view.ViewRootImpl$InputStage.forward(ViewRootImpl.java:8924)
02-13 16:26:01.534 13340 13340 E MessageQueue-JNI: 	at android.view.ViewRootImpl$InputStage.apply(ViewRootImpl.java:8932)
02-13 16:26:01.534 13340 13340 E MessageQueue-JNI: 	at android.view.ViewRootImpl$InputStage.deliver(ViewRootImpl.java:8905)
02-13 16:26:01.534 13340 13340 E MessageQueue-JNI: 	at android.view.ViewRootImpl.deliverInputEvent(ViewRootImpl.java:12785)
02-13 16:26:01.534 13340 13340 E MessageQueue-JNI: 	at android.view.ViewRootImpl.doProcessInputEvents(ViewRootImpl.java:12673)
02-13 16:26:01.534 13340 13340 E MessageQueue-JNI: 	at android.view.ViewRootImpl.enqueueInputEvent(ViewRootImpl.java:12628)
02-13 16:26:01.534 13340 13340 E MessageQueue-JNI: 	at android.view.ViewRootImpl.processRawInputEvent(ViewRootImpl.java:13165)
02-13 16:26:01.534 13340 13340 E MessageQueue-JNI: 	at android.view.ViewRootImpl$WindowInputEventReceiver.onInputEvent(ViewRootImpl.java:12915)
02-13 16:26:01.534 13340 13340 E MessageQueue-JNI: 	at android.view.InputEventReceiver.dispatchInputEvent(InputEventReceiver.java:392)
02-13 16:26:01.534 13340 13340 E MessageQueue-JNI: 	at android.os.MessageQueue.nativePollOnce(Native Method)
02-13 16:26:01.534 13340 13340 E MessageQueue-JNI: 	at android.os.MessageQueue.nextLegacy(MessageQueue.java:950)
02-13 16:26:01.534 13340 13340 E MessageQueue-JNI: 	at android.os.MessageQueue.next(MessageQueue.java:1062)
02-13 16:26:01.534 13340 13340 E MessageQueue-JNI: 	at android.os.Looper.loopOnce(Looper.java:221)
02-13 16:26:01.534 13340 13340 E MessageQueue-JNI: 	at android.os.Looper.loop(Looper.java:363)
02-13 16:26:01.534 13340 13340 E MessageQueue-JNI: 	at android.app.ActivityThread.main(ActivityThread.java:10060)
02-13 16:26:01.534 13340 13340 E MessageQueue-JNI: 	at java.lang.reflect.Method.invoke(Native Method)
02-13 16:26:01.534 13340 13340 E MessageQueue-JNI: 	at com.android.internal.os.RuntimeInit$MethodAndArgsCaller.run(RuntimeInit.java:632)
02-13 16:26:01.534 13340 13340 E MessageQueue-JNI: 	at com.android.internal.os.ZygoteInit.main(ZygoteInit.java:975)
02-13 16:26:01.534 13340 13340 D AndroidRuntime: Shutting down VM
--------- beginning of crash
02-13 16:26:01.535 13340 13340 E AndroidRuntime: FATAL EXCEPTION: main
02-13 16:26:01.535 13340 13340 E AndroidRuntime: Process: com.macdonaldautomation.blowpin, PID: 13340
02-13 16:26:01.535 13340 13340 E AndroidRuntime: java.lang.NullPointerException: null cannot be cast to non-null type expo.modules.devlauncher.DevLauncherController
02-13 16:26:01.535 13340 13340 E AndroidRuntime: 	at expo.modules.devlauncher.compose.models.ErrorViewModel.onAction(ErrorViewModel.kt:62)
02-13 16:26:01.535 13340 13340 E AndroidRuntime: 	at expo.modules.devlauncher.launcher.errors.DevLauncherErrorActivity$onCreate$2$1$1.invoke(DevLauncherErrorActivity.kt:44)
02-13 16:26:01.535 13340 13340 E AndroidRuntime: 	at expo.modules.devlauncher.launcher.errors.DevLauncherErrorActivity$onCreate$2$1$1.invoke(DevLauncherErrorActivity.kt:44)
02-13 16:26:01.535 13340 13340 E AndroidRuntime: 	at expo.modules.devlauncher.compose.screens.ErrorScreenKt.ErrorScreen$lambda$8$lambda$7$lambda$4$lambda$3(ErrorScreen.kt:68)
02-13 16:26:01.535 13340 13340 E AndroidRuntime: 	at expo.modules.devlauncher.compose.screens.ErrorScreenKt.$r8$lambda$8C7evjQMrikGDevLXg1JiogMqUM(Unknown Source:0)
02-13 16:26:01.535 13340 13340 E AndroidRuntime: 	at expo.modules.devlauncher.compose.screens.ErrorScreenKt$$ExternalSyntheticLambda1.invoke(D8$$SyntheticClass:0)
02-13 16:26:01.535 13340 13340 E AndroidRuntime: 	at androidx.compose.foundation.ClickableNode.onPointerEvent-H0pRuoY(Clickable.kt:1009)
02-13 16:26:01.535 13340 13340 E AndroidRuntime: 	at androidx.compose.ui.input.pointer.Node.dispatchMainEventPass(HitPathTracker.kt:436)
02-13 16:26:01.535 13340 13340 E AndroidRuntime: 	at androidx.compose.ui.input.pointer.NodeParent.dispatchMainEventPass(HitPathTracker.kt:275)
02-13 16:26:01.535 13340 13340 E AndroidRuntime: 	at androidx.compose.ui.input.pointer.HitPathTracker.dispatchChanges(HitPathTracker.kt:171)
02-13 16:26:01.535 13340 13340 E AndroidRuntime: 	at androidx.compose.ui.input.pointer.PointerInputEventProcessor.process-BIzXfog(PointerInputEventProcessor.kt:118)
02-13 16:26:01.535 13340 13340 E AndroidRuntime: 	at androidx.compose.ui.platform.AndroidComposeView.sendMotionEvent-8iAsVTc(AndroidComposeView.android.kt:2428)
02-13 16:26:01.535 13340 13340 E AndroidRuntime: 	at androidx.compose.ui.platform.AndroidComposeView.handleMotionEvent-8iAsVTc(AndroidComposeView.android.kt:2378)
02-13 16:26:01.535 13340 13340 E AndroidRuntime: 	at androidx.compose.ui.platform.AndroidComposeView.dispatchTouchEvent(AndroidComposeView.android.kt:2249)
02-13 16:26:01.535 13340 13340 E AndroidRuntime: 	at android.view.ViewGroup.dispatchTransformedTouchEvent(ViewGroup.java:3371)
02-13 16:26:01.535 13340 13340 E AndroidRuntime: 	at android.view.ViewGroup.dispatchTouchEvent(ViewGroup.java:3047)
02-13 16:26:01.535 13340 13340 E AndroidRuntime: 	at android.view.ViewGroup.dispatchTransformedTouchEvent(ViewGroup.java:3371)
02-13 16:26:01.535 13340 13340 E AndroidRuntime: 	at android.view.ViewGroup.dispatchTouchEvent(ViewGroup.java:3047)
02-13 16:26:01.535 13340 13340 E AndroidRuntime: 	at android.view.ViewGroup.dispatchTransformedTouchEvent(ViewGroup.java:3371)
02-13 16:26:01.535 13340 13340 E AndroidRuntime: 	at android.view.ViewGroup.dispatchTouchEvent(ViewGroup.java:3047)
02-13 16:26:01.535 13340 13340 E AndroidRuntime: 	at android.view.ViewGroup.dispatchTransformedTouchEvent(ViewGroup.java:3371)
02-13 16:26:01.535 13340 13340 E AndroidRuntime: 	at android.view.ViewGroup.dispatchTouchEvent(ViewGroup.java:3047)
02-13 16:26:01.535 13340 13340 E AndroidRuntime: 	at android.view.ViewGroup.dispatchTransformedTouchEvent(ViewGroup.java:3371)
02-13 16:26:01.535 13340 13340 E AndroidRuntime: 	at android.view.ViewGroup.dispatchTouchEvent(ViewGroup.java:3047)
02-13 16:26:01.535 13340 13340 E AndroidRuntime: 	at android.view.ViewGroup.dispatchTransformedTouchEvent(ViewGroup.java:3371)
02-13 16:26:01.535 13340 13340 E AndroidRuntime: 	at android.view.ViewGroup.dispatchTouchEvent(ViewGroup.java:3047)
02-13 16:26:01.535 13340 13340 E AndroidRuntime: 	at com.android.internal.policy.DecorView.superDispatchTouchEvent(DecorView.java:770)
02-13 16:26:01.535 13340 13340 E AndroidRuntime: 	at com.android.internal.policy.PhoneWindow.superDispatchTouchEvent(PhoneWindow.java:2118)
02-13 16:26:01.535 13340 13340 E AndroidRuntime: 	at android.app.Activity.dispatchTouchEvent(Activity.java:4776)
02-13 16:26:01.535 13340 13340 E AndroidRuntime: 	at androidx.appcompat.view.WindowCallbackWrapper.dispatchTouchEvent(WindowCallbackWrapper.java:69)
02-13 16:26:01.535 13340 13340 E AndroidRuntime: 	at com.android.internal.policy.DecorView.dispatchTouchEvent(DecorView.java:728)
02-13 16:26:01.535 13340 13340 E AndroidRuntime: 	at android.view.View.dispatchPointerEvent(View.java:17527)
02-13 16:26:01.535 13340 13340 E AndroidRuntime: 	at android.view.ViewRootImpl$ViewPostImeInputStage.processPointerEvent(ViewRootImpl.java:9847)
02-13 16:26:01.535 13340 13340 E AndroidRuntime: 	at android.view.ViewRootImpl$ViewPostImeInputStage.onProcess(ViewRootImpl.java:9563)
02-13 16:26:01.535 13340 13340 E AndroidRuntime: 	at android.view.ViewRootImpl$InputStage.deliver(ViewRootImpl.java:8901)
02-13 16:26:01.535 13340 13340 E AndroidRuntime: 	at android.view.ViewRootImpl$InputStage.onDeliverToNext(ViewRootImpl.java:8958)
02-13 16:26:01.535 13340 13340 E AndroidRuntime: 	at android.view.ViewRootImpl$InputStage.forward(ViewRootImpl.java:8924)
02-13 16:26:01.535 13340 13340 E AndroidRuntime: 	at android.view.ViewRootImpl$AsyncInputStage.forward(ViewRootImpl.java:9124)
02-13 16:26:01.535 13340 13340 E AndroidRuntime: 	at android.view.ViewRootImpl$InputStage.apply(ViewRootImpl.java:8932)
02-13 16:26:01.535 13340 13340 E AndroidRuntime: 	at android.view.ViewRootImpl$AsyncInputStage.apply(ViewRootImpl.java:9181)
02-13 16:26:01.535 13340 13340 E AndroidRuntime: 	at android.view.ViewRootImpl$InputStage.deliver(ViewRootImpl.java:8905)
02-13 16:26:01.535 13340 13340 E AndroidRuntime: 	at android.view.ViewRootImpl$InputStage.onDeliverToNext(ViewRootImpl.java:8958)
02-13 16:26:01.535 13340 13340 E AndroidRuntime: 	at android.view.ViewRootImpl$InputStage.forward(ViewRootImpl.java:8924)
02-13 16:26:01.535 13340 13340 E AndroidRuntime: 	at android.view.ViewRootImpl$InputStage.apply(ViewRootImpl.java:8932)
02-13 16:26:01.535 13340 13340 E AndroidRuntime: 	at android.view.ViewRootImpl$InputStage.deliver(ViewRootImpl.java:8905)
02-13 16:26:01.535 13340 13340 E AndroidRuntime: 	at android.view.ViewRootImpl.deliverInputEvent(ViewRootImpl.java:12785)
02-13 16:26:01.535 13340 13340 E AndroidRuntime: 	at android.view.ViewRootImpl.doProcessInputEvents(ViewRootImpl.java:12673)
02-13 16:26:01.535 13340 13340 E AndroidRuntime: 	at android.view.ViewRootImpl.enqueueInputEvent(ViewRootImpl.java:12628)
02-13 16:26:01.535 13340 13340 E AndroidRuntime: 	at android.view.ViewRootImpl.processRawInputEvent(ViewRootImpl.java:13165)
02-13 16:26:01.535 13340 13340 E AndroidRuntime: 	at android.view.ViewRootImpl$WindowInputEventReceiver.onInputEvent(ViewRootImpl.java:12915)
02-13 16:26:01.535 13340 13340 E AndroidRuntime: 	at android.view.InputEventReceiver.dispatchInputEvent(InputEventReceiver.java:392)
02-13 16:26:01.535 13340 13340 E AndroidRuntime: 	at android.os.MessageQueue.nativePollOnce(Native Method)
02-13 16:26:01.535 13340 13340 E AndroidRuntime: 	at android.os.MessageQueue.nextLegacy(MessageQueue.java:950)
02-13 16:26:01.535 13340 13340 E AndroidRuntime: 	at android.os.MessageQueue.next(MessageQueue.java:1062)
02-13 16:26:01.535 13340 13340 E AndroidRuntime: 	at android.os.Looper.loopOnce(Looper.java:221)
02-13 16:26:01.535 13340 13340 E AndroidRuntime: 	at android.os.Looper.loop(Looper.java:363)
02-13 16:26:01.535 13340 13340 E AndroidRuntime: 	at android.app.ActivityThread.main(ActivityThread.java:10060)
02-13 16:26:01.535 13340 13340 E AndroidRuntime: 	at java.lang.reflect.Method.invoke(Native Method)
02-13 16:26:01.535 13340 13340 E AndroidRuntime: 	at com.android.internal.os.RuntimeInit$MethodAndArgsCaller.run(RuntimeInit.java:632)
02-13 16:26:01.535 13340 13340 E AndroidRuntime: 	at com.android.internal.os.ZygoteInit.main(ZygoteInit.java:975)
02-13 16:26:01.640   518   518 D io_stats: !@   8,0 r 33109648 547632400 w 3826012 66681824 d 366377 117567320 f 128163 284101 iot 16844332 0 th 0 0 0 pt 0 inp 0 0 159779.260
02-13 16:26:01.641   518   518 D io_stats: !@ Read_top(KB): sh(14501) 544 kworker/u16:3(30593) 212 system_server(1046) 152
02-13 16:26:01.641   518   518 D io_stats: !@ Write_top(KB): kworker/u16:0(4623) 4 system_server(1046) 4
02-13 16:26:01.722  1046  1046 I GestureDetector: handleMessage TAP
02-13 16:26:01.723  1046  1135 I GestureDetector: handleMessage TAP
02-13 16:26:01.916   821   841 E HeatmapThread: ECT Thread time in milliseconds: 1771017961
02-13 16:26:01.919   821   841 D HeatmapThread: !@ batteryplugType : 2
02-13 16:26:01.919   821   841 D HeatmapThread: !@ batteryLevel : 100  batteryTemperature : 343 
02-13 16:26:01.919   821   841 D HeatmapThread: !@ Heatmap currtime: 29516966
02-13 16:26:01.919   821   841 D HeatmapThread: !@ Heatmap prevtime: 29516943
02-13 16:26:01.919   821   841 D HeatmapThread: !@ Heatmap plugstarttime: 29516661
02-13 16:26:01.919   821   841 D HeatmapThread: !@ Heatmap prevv_dsoh_update_time: 29516961
02-13 16:26:01.920   821   841 E HeatmapThread: !@ CAM New BSOH: 99
02-13 16:26:01.920   821   841 E HeatmapThread: !@ CAM is Working
02-13 16:26:02.917   821   841 E HeatmapThread: ECT Thread time in milliseconds: 1771017962
02-13 16:26:02.920   821   841 D HeatmapThread: !@ batteryplugType : 2
02-13 16:26:02.920   821   841 D HeatmapThread: !@ batteryLevel : 100  batteryTemperature : 343 
02-13 16:26:02.920   821   841 D HeatmapThread: !@ Heatmap currtime: 29516966
02-13 16:26:02.920   821   841 D HeatmapThread: !@ Heatmap prevtime: 29516943
02-13 16:26:02.920   821   841 D HeatmapThread: !@ Heatmap plugstarttime: 29516661
02-13 16:26:02.920   821   841 D HeatmapThread: !@ Heatmap prevv_dsoh_update_time: 29516961
02-13 16:26:02.920   821   841 E HeatmapThread: !@ CAM New BSOH: 99
02-13 16:26:02.921   821   841 E HeatmapThread: !@ CAM is Working
02-13 16:26:02.940   745   812 I SensorsHub: DeviceOrientation(0): event = 0, time = 422237802408464
02-13 16:26:02.941  1046  1135 D WindowOrientationListener: onSensorChanged device orientation: 0
02-13 16:26:02.942  1528  1528 D AppController: AppControlSensorListener.onSensorChanged, Rotation: 0
02-13 16:26:02.943  1046  1135 V WindowManager: Computed rotation=ROTATION_0 (0) for display id=0 based on lastOrientation=SCREEN_ORIENTATION_PORTRAIT (1) and oldRotation=ROTATION_0 (0), caller=com.android.server.wm.WindowManagerService.updateRotationUnchecked:72 com.android.server.wm.DisplayRotation$OrientationListener.onProposedRotationChanged:328 com.android.server.wm.WindowOrientationListener$OrientationSensorJudge.finalizeRotation:26 com.android.server.wm.WindowOrientationListener$OrientationSensorJudge.onSensorChanged:392 android.hardware.SystemSensorManager$SensorEventQueue.dispatchSensorEvent:1142 android.os.MessageQueue.nativePollOnce:-2 
02-13 16:26:03.559  1046  1328 D WifiStaIfaceHidlImpl: getCachedScanData is not implemented by HIDL
02-13 16:26:03.568  1046  3201 D SemWifiUsabilityStatsMonitor: onWifiUsabilityStats - seqNum 19439, isSameBssidAndFreq true
02-13 16:26:03.643   518   518 D io_stats: !@   8,0 r 33109657 547632512 w 3826017 66681856 d 366377 117567320 f 128163 284102 iot 16844360 0 th 0 0 0 pt 0 inp 0 0 159781.263
02-13 16:26:03.809   745   812 I SensorsHub: DeviceOrientation(0): event = 255, time = 422238664006345
02-13 16:26:03.810  1046  1135 D WindowOrientationListener: onSensorChanged device orientation: -1
02-13 16:26:03.810  1528  1528 D AppController: AppControlSensorListener.onSensorChanged, Rotation: -1
02-13 16:26:03.814  1046  1135 V WindowManager: Computed rotation=ROTATION_0 (0) for display id=0 based on lastOrientation=SCREEN_ORIENTATION_PORTRAIT (1) and oldRotation=ROTATION_0 (0), caller=com.android.server.wm.WindowManagerService.updateRotationUnchecked:72 com.android.server.wm.DisplayRotation$OrientationListener.onProposedRotationChanged:328 com.android.server.wm.WindowOrientationListener$OrientationSensorJudge.finalizeRotation:26 com.android.server.wm.WindowOrientationListener$OrientationSensorJudge.onSensorChanged:392 android.hardware.SystemSensorManager$SensorEventQueue.dispatchSensorEvent:1142 android.os.MessageQueue.nativePollOnce:-2 
02-13 16:26:03.917   821   841 E HeatmapThread: ECT Thread time in milliseconds: 1771017963
02-13 16:26:03.920   821   841 D HeatmapThread: !@ batteryplugType : 2
02-13 16:26:03.921   821   841 D HeatmapThread: !@ batteryLevel : 100  batteryTemperature : 343 
02-13 16:26:03.921   821   841 D HeatmapThread: !@ Heatmap currtime: 29516966
02-13 16:26:03.921   821   841 D HeatmapThread: !@ Heatmap prevtime: 29516943
02-13 16:26:03.921   821   841 D HeatmapThread: !@ Heatmap plugstarttime: 29516661
02-13 16:26:03.921   821   841 D HeatmapThread: !@ Heatmap prevv_dsoh_update_time: 29516961
02-13 16:26:03.921   821   841 E HeatmapThread: !@ CAM New BSOH: 99
02-13 16:26:03.921   821   841 E HeatmapThread: !@ CAM is Working
02-13 16:26:03.939  3691  3691 I SDHMS:LOAD: type: LoadsFreqs, value: 12:6:1:784180:2400000:533000:773499:2002000:533000:45:208:0
02-13 16:26:04.519  1046  1172 D PowerManagerService: UserActivityStateListenerState: 0
02-13 16:26:04.641  1982  1982 I wpa_supplicant: Heartbeat 15993
02-13 16:26:04.643  1046  1143 I ActivityManager: Killing 13717:com.samsung.android.sm.devicesecurity/u0a192 (adj 975): empty #17
02-13 16:26:04.645  1046  1143 I ActivityManager: Killing 13644:com.samsung.android.ipsgeofence/5022 (adj 985): empty #18
02-13 16:26:04.649 14285 14285 I [PASS][CMN]DrawableCache: Cache size initialized: 16384KB (maxMemory=256MB)
02-13 16:26:04.649 14285 14285 I [PASS][CMN]DrawableCache: trimMemory: TRIM_MEMORY_BACKGROUND - trimming to 12288KB
02-13 16:26:04.656   833   886 I VSyncReactor: Current= 60, Period= 60, hwcPeriod= 60
02-13 16:26:04.658 14338 14338 I [AUTHFW][PASS]AuthFwApp: otlv40
02-13 16:26:04.678  1046  1146 I libprocessgroup: Removed cgroup /sys/fs/cgroup/apps/uid_10192/pid_13717
02-13 16:26:04.679   725   725 I Zygote  : Process 13717 exited due to signal 9 (Killed)
02-13 16:26:04.686   725   725 I Zygote  : Process 13644 exited due to signal 9 (Killed)
02-13 16:26:04.686  1046  1146 I libprocessgroup: Removed cgroup /sys/fs/cgroup/system/uid_5022/pid_13644
02-13 16:26:04.917   821   841 E HeatmapThread: ECT Thread time in milliseconds: 1771017964
02-13 16:26:04.921   821   841 D HeatmapThread: !@ batteryplugType : 2
02-13 16:26:04.921   821   841 D HeatmapThread: !@ batteryLevel : 100  batteryTemperature : 343 
02-13 16:26:04.921   821   841 D HeatmapThread: !@ Heatmap currtime: 29516966
02-13 16:26:04.921   821   841 D HeatmapThread: !@ Heatmap prevtime: 29516943
02-13 16:26:04.921   821   841 D HeatmapThread: !@ Heatmap plugstarttime: 29516661
02-13 16:26:04.921   821   841 D HeatmapThread: !@ Heatmap prevv_dsoh_update_time: 29516961
02-13 16:26:04.922   821   841 E HeatmapThread: !@ CAM New BSOH: 99
02-13 16:26:04.922   821   841 E HeatmapThread: !@ CAM is Working
02-13 16:26:05.146  3691  4651 I SDHMS:n : Periodic event 'saveLog' will starts soon.
02-13 16:26:05.151  3691  4651 I SDHMS:x : Polling event syncDatabaseLocked will starts.
02-13 16:26:05.152  3691  4651 I SDHMS:x : Polling event syncDatabaseLocked finished.
02-13 16:26:05.152  3691  4651 I SDHMS:x : Polling event checkDatabaseLocked will starts.
02-13 16:26:05.213  3691  4651 I SDHMS:x : Polling event checkDatabaseLocked finished.
02-13 16:26:05.213  3691  4651 I SDHMS:x : Polling event checkDatabaseOverflow will starts.
02-13 16:26:05.214  3691  4651 I SDHMS:x : Polling event checkDatabaseOverflow finished.
02-13 16:26:05.645   518   518 D io_stats: !@   8,0 r 33109791 547633416 w 3826069 66683240 d 366377 117567320 f 128163 284102 iot 16844612 0 th 0 0 0 pt 0 inp 0 0 159783.264
02-13 16:26:05.645   518   518 D io_stats: !@ Read_top(KB): c.android.sdhms(3691) 880 gle.android.gms(6148) 112 hbox:interactor(21171) 20
02-13 16:26:05.646   518   518 D io_stats: !@ Write_top(KB): c.android.sdhms(3691) 1384 kworker/u16:0(4623) 24
02-13 16:26:05.867  1046  3425 D CustomizedBinderCallsStatsInternal: reportCpuUsage() : 3%
02-13 16:26:05.868  1046  1142 I BinderCallsStats: Collected cpu time : 0us, collected call count : 0 for 74025987 ms
02-13 16:26:05.869  1046  3425 D ProcessCpuUsage: [0] 1158, {533=24740, 672=3570, 768=2800, 864=980, 960=780, 1056=660, 1152=420, 1248=370, 1344=1300, 1440=600, 1536=1510, 1632=500, 1728=490, 1824=3410, 1920=1510, 2002=16450}
02-13 16:26:05.869  1046  3425 D ProcessCpuUsage: [6] 1148, {533=31700, 672=850, 768=480, 864=320, 960=190, 1056=620, 1152=870, 1248=1060, 1344=100, 1440=3190, 1536=910, 1632=1500, 1728=3560, 1824=940, 2016=830, 2112=200, 2208=5780, 2288=2510, 2340=180, 2400=4230}
02-13 16:26:05.917   821   841 E HeatmapThread: ECT Thread time in milliseconds: 1771017965
02-13 16:26:05.922   821   841 D HeatmapThread: !@ batteryplugType : 2
02-13 16:26:05.922   821   841 D HeatmapThread: !@ batteryLevel : 100  batteryTemperature : 343 
02-13 16:26:05.922   821   841 D HeatmapThread: !@ Heatmap currtime: 29516966
02-13 16:26:05.922   821   841 D HeatmapThread: !@ Heatmap prevtime: 29516943
02-13 16:26:05.923   821   841 D HeatmapThread: !@ Heatmap plugstarttime: 29516661
02-13 16:26:05.923   821   841 D HeatmapThread: !@ Heatmap prevv_dsoh_update_time: 29516961
02-13 16:26:05.923   821   841 E HeatmapThread: !@ CAM New BSOH: 99
02-13 16:26:05.923   821   841 E HeatmapThread: !@ CAM is Working
02-13 16:26:06.501  1046 14510 D WifiConnectivityMonitor.DnsThread:  [|213] []
02-13 16:26:06.503  1046  1459 D WifiConnectivityMonitor.NetworkStatsAnalyzer: DNS resultType : 0, responseTime : 213
02-13 16:26:06.505  1046  1455 D OpenNetworkQos[4.00]: updateBssidLatestDnsResultType - result: 0
02-13 16:26:06.505  1046  1455 D OpenNetworkQos[4.00]: updateBssidNoInternet: mBssidNoInternet = false
02-13 16:26:06.505  1046  1455 D OpenNetworkQos[4.00]: getOpenNetworkQosNoInternetStatus: false
02-13 16:26:06.505  1046  1455 D OpenNetworkQos[4.00]: getOpenNetworkQosScores: 30 30 30 
02-13 16:26:06.506  1046  1455 D KNOX_MDM_SettingsProvider: isChangeAllowed() : name = wifi_wcm_qos_sharing_score_summary
02-13 16:26:06.508  1046  1455 I WifiProfileShare: network QoS data was changed (internet), updateQoSData networkType: true, qosData: false
02-13 16:26:06.510  1046  2972 V WifiProfileShare.Caster: update wips network, size: 0
02-13 16:26:06.510  1046  2972 D WifiProfileShare: nearby scanning settings run
02-13 16:26:06.510  1046  2972 D WifiProfileShare: network score provider settings enabled
02-13 16:26:06.511  1046  2972 D OpenNetworkQos[4.00]: getOpenNetworkQosScores: 30 30 30 
02-13 16:26:06.511  1046  2972 D OpenNetworkQos[4.00]: getOpenNetworkQosNoInternetStatus: false
02-13 16:26:06.511  1046  2972 I WifiProfileShare.Caster: current network type: 0, score: [30, 30, 30]
02-13 16:26:06.513  1046  2972 V WifiProfileShare.Cache: update network score 26:fd:a8:**:**:14
02-13 16:26:06.513  1046  2972 D WifiProfileShare.ScanMatcher: getMcfDataList size:3
02-13 16:26:06.514  1046  2972 I WifiProfileShare.Caster: qos data was updated , before:type:QOS, pBssid:b4:48:32, qosData:7c after:type:QOS, pBssid:b4:48:32, qosData:7c
02-13 16:26:06.522  1046  2972 I [MCFSDK_android_1.3.7026]_4_McfCasterImpl: isNetworkEnabled - type : 1 ret : true
02-13 16:26:06.522  1046  2972 D WifiProfileShare.McfCast: -ME--- mIsNetworkEnabled :true
02-13 16:26:06.523  1046  2972 D WifiProfileShare.McfCast: updateQoSData ignored, same contents
02-13 16:26:06.523  1046  2972 D WifiProfileShare.MCF: success update QosData !
02-13 16:26:06.524  1046  2972 I [MCFSDK_android_1.3.7026]_4_McfCasterImpl: isNetworkEnabled - type : 1 ret : true
02-13 16:26:06.524  1046  2972 D WifiProfileShare.McfCast: -ME--- mIsNetworkEnabled :true
02-13 16:26:06.524  1046  2972 D WifiProfileShare.McfCast: -ME--- updatePasswordDate pwdData size:3
02-13 16:26:06.588  1046  1328 D WifiStaIfaceHidlImpl: getCachedScanData is not implemented by HIDL
02-13 16:26:06.597  1046  3201 D SemWifiUsabilityStatsMonitor: onWifiUsabilityStats - seqNum 19440, isSameBssidAndFreq true
02-13 16:26:06.917   821   841 E HeatmapThread: ECT Thread time in milliseconds: 1771017966
02-13 16:26:06.921   821   841 D HeatmapThread: !@ batteryplugType : 2
02-13 16:26:06.921   821   841 D HeatmapThread: !@ batteryLevel : 100  batteryTemperature : 343 
02-13 16:26:06.921   821   841 D HeatmapThread: !@ Heatmap currtime: 29516966
02-13 16:26:06.921   821   841 D HeatmapThread: !@ Heatmap prevtime: 29516943
02-13 16:26:06.921   821   841 D HeatmapThread: !@ Heatmap plugstarttime: 29516661
02-13 16:26:06.921   821   841 D HeatmapThread: !@ Heatmap prevv_dsoh_update_time: 29516961
02-13 16:26:06.922   821   841 E HeatmapThread: !@ CAM New BSOH: 99
02-13 16:26:06.922   821   841 E HeatmapThread: !@ CAM is Working
02-13 16:26:07.647   518   518 D io_stats: !@   8,0 r 33109799 547633448 w 3826071 66683260 d 366377 117567320 f 128163 284102 iot 16844636 0 th 0 0 0 pt 0 inp 0 0 159785.267
02-13 16:26:07.917   821   841 E HeatmapThread: ECT Thread time in milliseconds: 1771017967
02-13 16:26:07.921   821   841 D HeatmapThread: !@ batteryplugType : 2
02-13 16:26:07.921   821   841 D HeatmapThread: !@ batteryLevel : 100  batteryTemperature : 343 
02-13 16:26:07.921   821   841 D HeatmapThread: !@ Heatmap currtime: 29516966
02-13 16:26:07.922   821   841 D HeatmapThread: !@ Heatmap prevtime: 29516943
02-13 16:26:07.922   821   841 D HeatmapThread: !@ Heatmap plugstarttime: 29516661
02-13 16:26:07.922   821   841 D HeatmapThread: !@ Heatmap prevv_dsoh_update_time: 29516961
02-13 16:26:07.922   821   841 E HeatmapThread: !@ CAM New BSOH: 99
02-13 16:26:07.922   821   841 E HeatmapThread: !@ CAM is Working
02-13 16:26:08.917   821   841 E HeatmapThread: ECT Thread time in milliseconds: 1771017968
02-13 16:26:08.921   821   841 D HeatmapThread: !@ batteryplugType : 2
02-13 16:26:08.921   821   841 D HeatmapThread: !@ batteryLevel : 100  batteryTemperature : 343 
02-13 16:26:08.921   821   841 D HeatmapThread: !@ Heatmap currtime: 29516966
02-13 16:26:08.922   821   841 D HeatmapThread: !@ Heatmap prevtime: 29516943
02-13 16:26:08.922   821   841 D HeatmapThread: !@ Heatmap plugstarttime: 29516661
02-13 16:26:08.922   821   841 D HeatmapThread: !@ Heatmap prevv_dsoh_update_time: 29516961
02-13 16:26:08.922   821   841 E HeatmapThread: !@ CAM New BSOH: 99
02-13 16:26:08.922   821   841 E HeatmapThread: !@ CAM is Working
02-13 16:26:09.521  1046  1426 I SemWifiServiceDetector: Service det. resumed: T / T / 2715
02-13 16:26:09.617  1046  1328 D WifiStaIfaceHidlImpl: getCachedScanData is not implemented by HIDL
02-13 16:26:09.625  1046  3201 D SemWifiUsabilityStatsMonitor: onWifiUsabilityStats - seqNum 19441, isSameBssidAndFreq true
02-13 16:26:09.649   518   518 D io_stats: !@ Read_top(KB): gle.android.gms(6148) 20 id.app.launcher(10262) 8 kworker/7:0H(32660) 4
02-13 16:26:09.649   518   518 D io_stats: !@ Write_top(KB): gle.android.gms(6148) 20
02-13 16:26:09.917   821   841 E HeatmapThread: ECT Thread time in milliseconds: 1771017969
02-13 16:26:09.921   821   841 D HeatmapThread: !@ batteryplugType : 2
02-13 16:26:09.921   821   841 D HeatmapThread: !@ batteryLevel : 100  batteryTemperature : 343 
02-13 16:26:09.921   821   841 D HeatmapThread: !@ Heatmap currtime: 29516966
02-13 16:26:09.921   821   841 D HeatmapThread: !@ Heatmap prevtime: 29516943
02-13 16:26:09.921   821   841 D HeatmapThread: !@ Heatmap plugstarttime: 29516661
02-13 16:26:09.922   821   841 D HeatmapThread: !@ Heatmap prevv_dsoh_update_time: 29516961
02-13 16:26:09.922   821   841 E HeatmapThread: !@ CAM New BSOH: 99
02-13 16:26:09.922   821   841 E HeatmapThread: !@ CAM is Working
02-13 16:26:10.108 19566 13385 I NearbyMediums: No BLE Fast/GATT advertisements found in the latest cycle.
02-13 16:26:10.108 19566 13385 I NearbyMediums: Current Tracked Scanning Clients are : {NearbyConnections.EnvironmentMonitor, NearbyConnections.TxAdvertisement}
02-13 16:26:10.209  3691  4672 I SDHMS:x : SIOP:: AP:436 BAT:343 USB:341 CHG:421 PA:418 CP:424 WIFI:428 CF:409 BLK:0 SUBBAT:0 SKIN:402 SKINF:400 SKINB:402 LRP:402 LRP2:402 LRF2:400 LRB2:402 SPK:341 AP2:402 CHG2:387 MEM2:400 WIFI2:401 SPK2:335 DNSPK:343 VAP:494 AVGCUR:-15 AVGSYS:0 POWER:-66
02-13 16:26:10.917   821   841 E HeatmapThread: ECT Thread time in milliseconds: 1771017970
02-13 16:26:10.921   821   841 D HeatmapThread: !@ batteryplugType : 2
02-13 16:26:10.921   821   841 D HeatmapThread: !@ batteryLevel : 100  batteryTemperature : 343 
02-13 16:26:10.921   821   841 D HeatmapThread: !@ Heatmap currtime: 29516966
02-13 16:26:10.921   821   841 D HeatmapThread: !@ Heatmap prevtime: 29516943
02-13 16:26:10.921   821   841 D HeatmapThread: !@ Heatmap plugstarttime: 29516661
02-13 16:26:10.921   821   841 D HeatmapThread: !@ Heatmap prevv_dsoh_update_time: 29516961
02-13 16:26:10.922   821   841 E HeatmapThread: !@ CAM New BSOH: 99
02-13 16:26:10.923   821   841 E HeatmapThread: !@ CAM is Working
02-13 16:26:11.519  1046  1268 D InputDispatcher: 635d586 com.macdonaldautomation.blowpin/expo.modules.devlauncher.launcher.errors.DevLauncherErrorActivity is not responding. Waited 10001ms for MotionEvent
02-13 16:26:11.558  1046  1268 W InputDispatcher: Window 635d586 com.macdonaldautomation.blowpin/expo.modules.devlauncher.launcher.errors.DevLauncherErrorActivity is unresponsive: 635d586 com.macdonaldautomation.blowpin/expo.modules.devlauncher.launcher.errors.DevLauncherErrorActivity is not responding. Waited 10001ms for MotionEvent
02-13 16:26:11.558  1046  1268 W InputDispatcher: Canceling events for 635d586 com.macdonaldautomation.blowpin/expo.modules.devlauncher.launcher.errors.DevLauncherErrorActivity because it is unresponsive
02-13 16:26:11.580  1046  1268 I WindowManager: ANR in Window{635d586 u0 com.macdonaldautomation.blowpin/expo.modules.devlauncher.launcher.errors.DevLauncherErrorActivity}. Reason:Input dispatching timed out (635d586 com.macdonaldautomation.blowpin/expo.modules.devlauncher.launcher.errors.DevLauncherErrorActivity is not responding. Waited 10001ms for MotionEvent).
02-13 16:26:11.589  1046 14514 W ActivityManager: anr : com.macdonaldautomation.blowpin,10332
02-13 16:26:11.592  1046 14513 D ActivityManager: created ANR temporary file:/data/anr/temp_anr_898123158168902285.txt
02-13 16:26:11.592  1046 14513 I ActivityManager: Collecting stacks for pid 13340 into temporary file temp_anr_898123158168902285.txt
02-13 16:26:11.597  1046 14513 E system_server: Could not open /dev/binderfs/binder_logs/transactions. Likely a permissions issue. errno: 2
02-13 16:26:11.597  1046 14513 E android.os.Debug: Failed to get binder state info for pid: 13340 status: -2: No such file or directory
02-13 16:26:11.604  1046 14513 I system_server: libdebuggerd_client: started dumping process 13340
02-13 16:26:11.613   571   571 I tombstoned: registered intercept for pid 13340 and type kDebuggerdJavaBacktrace
02-13 16:26:11.613 13340 13343 I omation.blowpin: Thread[2,tid=13343,WaitingInMainSignalCatcherLoop,Thread*=0xb4000076ff200000,peer=0x2002a70,"Signal Catcher"]: reacting to signal 3
02-13 16:26:11.613 13340 13343 I omation.blowpin: 
02-13 16:26:11.637  3691  3691 I SDHMS:PowerAnomaly:Gatherer:AppError: update AppError : uid=10332, pkg=com.macdonaldautomation.blowpin, errorType=anr
02-13 16:26:11.650   518   518 D io_stats: !@   8,0 r 33110007 547635284 w 3826156 66683636 d 366377 117567320 f 128164 284106 iot 16844756 0 th 0 0 0 pt 0 inp 0 1 159789.270
02-13 16:26:11.656  3691  3691 I SDHMS:PowerAnomaly:Analyzer:AppError: analyze app error : uid=10332, pkg=com.macdonaldautomation.blowpin, appErrorCount=1
02-13 16:26:11.886  1046 14515 E WindowManagerServiceExt: dumpCriticalInfo failed FileNotFoundException, java.io.FileNotFoundException: /data/system/wmlogs.txt: open failed: ENOENT (No such file or directory)
02-13 16:26:11.892  1046  1222 W system_server: Long monitor contention with owner AnrConsumer (14515) at void com.android.server.wm.WindowManagerService.-$$Nest$mdoDump(com.android.server.wm.WindowManagerService, java.io.FileDescriptor, java.io.PrintWriter, java.lang.String[], boolean)(qb/104310405 c8618c7e823f322d871e469a3a7ec8eb15507da41d69b72f3fffbb4fd0738db6:975) waiters=0 in java.util.List com.android.server.wm.ActivityTaskManagerService.getTasks(int, boolean, boolean, int) for 134ms
02-13 16:26:11.898  1046  1406 D BackgroundInstallControlService: Package event received: 0
02-13 16:26:11.910   725   725 D Zygote  : Forked child process 14518
02-13 16:26:11.911  1046  1144 I ActivityManager: Start proc 14518:com.samsung.knox.securefolder/u0a118 for content provider {com.samsung.knox.securefolder/com.samsung.knox.securefolder.provider.ExternalProvider}
02-13 16:26:11.911  1046  1144 I ActivityManager: ProcessObserver broadcast disabled
02-13 16:26:11.916   821   841 E HeatmapThread: ECT Thread time in milliseconds: 1771017971
02-13 16:26:11.919   821   841 D HeatmapThread: !@ batteryplugType : 2
02-13 16:26:11.919   821   841 D HeatmapThread: !@ batteryLevel : 100  batteryTemperature : 343 
02-13 16:26:11.919   821   841 D HeatmapThread: !@ Heatmap currtime: 29516966
02-13 16:26:11.919   821   841 D HeatmapThread: !@ Heatmap prevtime: 29516943
02-13 16:26:11.919   821   841 D HeatmapThread: !@ Heatmap plugstarttime: 29516661
02-13 16:26:11.919   821   841 D HeatmapThread: !@ Heatmap prevv_dsoh_update_time: 29516961
02-13 16:26:11.920   821   841 E HeatmapThread: !@ CAM New BSOH: 99
02-13 16:26:11.920   821   841 E HeatmapThread: !@ CAM is Working
02-13 16:26:11.925 14518 14518 I ox.securefolder: Using CollectorTypeCMC GC.
02-13 16:26:11.929 14518 14518 E ox.securefolder: Not starting debugger since process cannot load the jdwp agent.
02-13 16:26:12.109 14518 14518 I CapsuleProvider_1.1.3: onCreate
02-13 16:26:12.116   571   571 I tombstoned: received crash request for pid 13340
02-13 16:26:12.116   571   571 I tombstoned: found intercept fd 512 for pid 13340 and type kDebuggerdJavaBacktrace
02-13 16:26:12.117  1046 14515 W Binder  : Outgoing transactions from this process must be FLAG_ONEWAY
02-13 16:26:12.117  1046 14515 W Binder  : java.lang.Throwable
02-13 16:26:12.117  1046 14515 W Binder  : 	at android.os.BinderProxy.transact(BinderProxy.java:566)
02-13 16:26:12.117  1046 14515 W Binder  : 	at android.content.ContentProviderProxy.call(ContentProviderNative.java:762)
02-13 16:26:12.117  1046 14515 W Binder  : 	at android.content.ContentResolver.call(ContentResolver.java:2481)
02-13 16:26:12.117  1046 14515 W Binder  : 	at android.content.ContentResolver.call(ContentResolver.java:2461)
02-13 16:26:12.117  1046 14515 W Binder  : 	at com.android.server.am.ActivityManagerService.-$$Nest$mdoDump(qb/104310405 c8618c7e823f322d871e469a3a7ec8eb15507da41d69b72f3fffbb4fd0738db6:289)
02-13 16:26:12.117  1046 14515 W Binder  : 	at com.android.server.am.ActivityManagerService$1.dump(qb/104310405 c8618c7e823f322d871e469a3a7ec8eb15507da41d69b72f3fffbb4fd0738db6:3)
02-13 16:26:12.117  1046 14515 W Binder  : 	at com.android.server.utils.PriorityDump.dump(qb/104310405 c8618c7e823f322d871e469a3a7ec8eb15507da41d69b72f3fffbb4fd0738db6:132)
02-13 16:26:12.117  1046 14515 W Binder  : 	at com.android.server.am.ActivityManagerService.dump(qb/104310405 c8618c7e823f322d871e469a3a7ec8eb15507da41d69b72f3fffbb4fd0738db6:3)
02-13 16:26:12.117  1046 14515 W Binder  : 	at android.os.Binder.doDump(Binder.java:1108)
02-13 16:26:12.117  1046 14515 W Binder  : 	at android.os.Binder.dump(Binder.java:1098)
02-13 16:26:12.117  1046 14515 W Binder  : 	at android.os.Debug.dumpService(Debug.java:2611)
02-13 16:26:12.117  1046 14515 W Binder  : 	at com.samsung.android.core.SystemDumpWriter.close(SystemDumpWriter.java:119)
02-13 16:26:12.117  1046 14515 W Binder  : 	at com.samsung.android.core.SystemDumpWriter.saveDumpsysFiles(SystemDumpWriter.java:137)
02-13 16:26:12.117  1046 14515 W Binder  : 	at com.android.server.am.ProcessErrorStateRecord.appNotResponding(qb/104310405 c8618c7e823f322d871e469a3a7ec8eb15507da41d69b72f3fffbb4fd0738db6:191)
02-13 16:26:12.117  1046 14515 W Binder  : 	at com.android.server.am.AnrHelper$AnrConsumerThread.run(qb/104310405 c8618c7e823f322d871e469a3a7ec8eb15507da41d69b72f3fffbb4fd0738db6:210)
02-13 16:26:12.118  1046 14513 I system_server: libdebuggerd_client: done dumping process 13340
02-13 16:26:12.118 13340 13343 I omation.blowpin: Wrote stack traces to tombstoned
02-13 16:26:12.118   571   571 W tombstoned: skipping tombstone file creation due to intercept
02-13 16:26:12.119  1046  1222 I ActivityManager: Changes in 10118 19 to 5, 0 to 144
02-13 16:26:12.122  1046  1406 D BackgroundInstallControlService: Package event received: 0
02-13 16:26:12.124   833   886 I VSyncReactor: Current= 60, Period= 60, hwcPeriod= 60
02-13 16:26:12.126  1046 14515 W UserManagerService: A null UserProperties was returned for user -1301
02-13 16:26:12.127  1046  1406 D BackgroundInstallControlService: Package event received: 0
02-13 16:26:12.128 14518 14545 I CapsuleProvider_1.1.3: releasing initialize wait lock.
02-13 16:26:12.128 14518 14545 I Sbixby_1.1.3: initialized
02-13 16:26:12.130  1046 14515 I ActivityManager: Changes in 10077 10 to 5, 0 to 144
02-13 16:26:12.131  1046 14515 W Binder  : Outgoing transactions from this process must be FLAG_ONEWAY
02-13 16:26:12.131  1046 14515 W Binder  : java.lang.Throwable
02-13 16:26:12.131  1046 14515 W Binder  : 	at android.os.BinderProxy.transact(BinderProxy.java:566)
02-13 16:26:12.131  1046 14515 W Binder  : 	at android.content.ContentProviderProxy.call(ContentProviderNative.java:762)
02-13 16:26:12.131  1046 14515 W Binder  : 	at android.content.ContentResolver.call(ContentResolver.java:2481)
02-13 16:26:12.131  1046 14515 W Binder  : 	at android.content.ContentResolver.call(ContentResolver.java:2461)
02-13 16:26:12.131  1046 14515 W Binder  : 	at com.android.server.am.ActivityManagerService.-$$Nest$mdoDump(qb/104310405 c8618c7e823f322d871e469a3a7ec8eb15507da41d69b72f3fffbb4fd0738db6:333)
02-13 16:26:12.131  1046 14515 W Binder  : 	at com.android.server.am.ActivityManagerService$1.dump(qb/104310405 c8618c7e823f322d871e469a3a7ec8eb15507da41d69b72f3fffbb4fd0738db6:3)
02-13 16:26:12.131  1046 14515 W Binder  : 	at com.android.server.utils.PriorityDump.dump(qb/104310405 c8618c7e823f322d871e469a3a7ec8eb15507da41d69b72f3fffbb4fd0738db6:132)
02-13 16:26:12.131  1046 14515 W Binder  : 	at com.android.server.am.ActivityManagerService.dump(qb/104310405 c8618c7e823f322d871e469a3a7ec8eb15507da41d69b72f3fffbb4fd0738db6:3)
02-13 16:26:12.131  1046 14515 W Binder  : 	at android.os.Binder.doDump(Binder.java:1108)
02-13 16:26:12.131  1046 14515 W Binder  : 	at android.os.Binder.dump(Binder.java:1098)
02-13 16:26:12.131  1046 14515 W Binder  : 	at android.os.Debug.dumpService(Debug.java:2611)
02-13 16:26:12.131  1046 14515 W Binder  : 	at com.samsung.android.core.SystemDumpWriter.close(SystemDumpWriter.java:119)
02-13 16:26:12.131  1046 14515 W Binder  : 	at com.samsung.android.core.SystemDumpWriter.saveDumpsysFiles(SystemDumpWriter.java:137)
02-13 16:26:12.131  1046 14515 W Binder  : 	at com.android.server.am.ProcessErrorStateRecord.appNotResponding(qb/104310405 c8618c7e823f322d871e469a3a7ec8eb15507da41d69b72f3fffbb4fd0738db6:191)
02-13 16:26:12.131  1046 14515 W Binder  : 	at com.android.server.am.AnrHelper$AnrConsumerThread.run(qb/104310405 c8618c7e823f322d871e469a3a7ec8eb15507da41d69b72f3fffbb4fd0738db6:210)
02-13 16:26:12.131 13599 13669 I ENTM:LicenseAgentProvider: dumpStarted
02-13 16:26:12.134  1046  1406 D BackgroundInstallControlService: Package event received: 0
02-13 16:26:12.134  1046  1406 D BackgroundInstallControlService: Package event received: 0
02-13 16:26:12.144   725   725 D Zygote  : Forked child process 14550
02-13 16:26:12.158 14550 14550 I roid.da.daagent: Using CollectorTypeCMC GC.
02-13 16:26:12.164 14518 14545 I SamsungAnalytics605079: Tracker start:6.05.079
02-13 16:26:12.166 14550 14550 E roid.da.daagent: Not starting debugger since process cannot load the jdwp agent.
02-13 16:26:12.530  1046  1426 I SemWifiServiceDetector: Service det. suspended: T / T / 2715
02-13 16:26:12.561  1046 14515 D CompatChangeReporter: Compat change id reported: 313677553; UID 10062; state: ENABLED
02-13 16:26:12.561  1046 14515 D CompatChangeReporter: Compat change id reported: 311208749; UID 10062; state: ENABLED
02-13 16:26:12.562  1046  1063 I system_server: Background concurrent mark compact GC freed 52MB AllocSpace bytes, 54(2864KB) LOS objects, 18% free, 108MB/132MB, paused 1.963ms,5.795ms total 313.917ms
02-13 16:26:12.567  1046 14515 D CompatChangeReporter: Compat change id reported: 313677553; UID 5278; state: ENABLED
02-13 16:26:12.567  1046 14515 D CompatChangeReporter: Compat change id reported: 311208629; UID 5278; state: ENABLED
02-13 16:26:12.567  1046 14515 D CompatChangeReporter: Compat change id reported: 311208749; UID 5278; state: ENABLED
