02-13 16:26:12.637  1046  1328 D WifiStaIfaceHidlImpl: getCachedScanData is not implemented by HIDL
02-13 16:26:12.642  1046  3201 D SemWifiUsabilityStatsMonitor: onWifiUsabilityStats - seqNum 19442, isSameBssidAndFreq true
02-13 16:26:12.709  1046 14515 V ActivityManager: dumpPDS
02-13 16:26:12.709  1046 14515 V PDSController: dumpPDS
02-13 16:26:12.757  1046  1144 W system_server: Long monitor contention with owner AnrConsumer (14515) at void com.android.server.am.ActivityManagerService.dumpEverything(java.io.FileDescriptor, java.io.PrintWriter, java.lang.String[], int, boolean, java.lang.String, int, boolean, boolean, int, boolean)(qb/104310405 c8618c7e823f322d871e469a3a7ec8eb15507da41d69b72f3fffbb4fd0738db6:161) waiters=0 in void com.android.server.am.ProcessList$$ExternalSyntheticLambda4.run() for 612ms
02-13 16:26:12.758  1046  1144 W ActivityManager: Slow operation: 625ms so far, now at startProcess: done updating battery stats
02-13 16:26:12.759  1046  1144 W ActivityManager: Slow operation: 625ms so far, now at startProcess: building log message
02-13 16:26:12.759  1046  1144 I ActivityManager: Start proc 14550:com.samsung.android.da.daagent/1000 for service {com.samsung.android.da.daagent/com.samsung.android.da.daagent.service.DADebugService}
02-13 16:26:12.759  1046  1144 W ActivityManager: Slow operation: 625ms so far, now at startProcess: starting to update pids map
02-13 16:26:12.759  1046  1144 I ActivityManager: ProcessObserver broadcast disabled
02-13 16:26:12.759  1046  1144 W ActivityManager: Slow operation: 626ms so far, now at startProcess: done updating pids map
02-13 16:26:12.760  1046  3425 W system_server: Long monitor contention with owner AnrConsumer (14515) at void com.android.server.am.ActivityManagerService.dumpEverything(java.io.FileDescriptor, java.io.PrintWriter, java.lang.String[], int, boolean, java.lang.String, int, boolean, boolean, int, boolean)(qb/104310405 c8618c7e823f322d871e469a3a7ec8eb15507da41d69b72f3fffbb4fd0738db6:161) waiters=1 in android.app.ContentProviderHolder com.android.server.am.ContentProviderHelper.getContentProviderImpl(android.app.IApplicationThread, java.lang.String, android.os.IBinder, int, java.lang.String, java.lang.String, boolean, int, int) for 587ms
02-13 16:26:12.761  1046  1222 W system_server: Long monitor contention with owner AnrConsumer (14515) at void com.android.server.am.ActivityManagerService.dumpEverything(java.io.FileDescriptor, java.io.PrintWriter, java.lang.String[], int, boolean, java.lang.String, int, boolean, boolean, int, boolean)(qb/104310405 c8618c7e823f322d871e469a3a7ec8eb15507da41d69b72f3fffbb4fd0738db6:161) waiters=2 in void com.android.server.am.ActivityManagerService.attachApplication(android.app.IApplicationThread, long) for 581ms
02-13 16:26:12.762 14518 14553 W ox.securefolder: Long monitor contention with owner Thread-19 (14554) at android.content.IContentProvider android.app.ActivityThread.acquireProvider(android.content.Context, java.lang.String, int, boolean)(ActivityThread.java:9152) waiters=0 in android.content.IContentProvider android.app.ActivityThread.acquireProvider(android.content.Context, java.lang.String, int, boolean) for 583ms
02-13 16:26:12.765 14518 14554 E ashmem  : Pinning is deprecated since Android Q. Please use trim or other methods.
02-13 16:26:12.767 14518 14554 I SamsungAnalytics605079: register setting status
02-13 16:26:12.782  1046 14515 I MARsListManager: com.samsung.android.smartmirroring is exempted from MARs
02-13 16:26:12.786  1046 14515 I MARsListManager: com.sec.android.app.voicenote is exempted from MARs
02-13 16:26:12.788  1046 14515 I MARsListManager: com.sec.android.app.shealth is exempted from MARs
02-13 16:26:12.812  1046  1328 D WifiStaIfaceHidlImpl: getCachedScanData is not implemented by HIDL
02-13 16:26:12.827 14550 14550 E ashmem  : Pinning is deprecated since Android Q. Please use trim or other methods.
02-13 16:26:12.834  1046  1222 D PackageManager: setEnabledSetting : userId = 0 packageName = com.samsung.knox.securefolder cmp = androidx.work.impl.background.systemalarm.RescheduleReceiver newState = 1 callingPackage = com.samsung.knox.securefolder
02-13 16:26:12.834  1046  1222 D ApplicationPolicy: getApplicationStateEnabled : pkg = com.samsung.knox.securefolder userId : 0
02-13 16:26:12.835  1046  1222 D ApplicationPolicy: getApplicationComponentState : pkg = com.samsung.knox.securefolder userId : 0
02-13 16:26:12.867  1504  2018 D Am      : Broadcasting: Intent { act=com.samsung.intent.action.BIG_DATA_INFO (has extras) }
02-13 16:26:12.869  1046  1222 D TelephonyManager: requestModemActivityInfo: Sending result to app: ModemActivityInfo{ mTimestamp=422247726 mSleepTimeMs=87509830 mIdleTimeMs=2293044 mActivityStatsTechSpecificInfo=[{mRat=UNKNOWN,mFrequencyRange=UNKNOWN,mTxTimeMs[]=[0, 0, 0, 0, 0],mRxTimeMs=336691756}]}
02-13 16:26:12.872  1046  1356 I NSLocationMonitor: Broadcast receiver, action=com.samsung.intent.action.BIG_DATA_INFO
02-13 16:26:12.888  1504  1504 D SemBigDataInfoController: Intent: com.samsung.intent.action.BIG_DATA_INFO
02-13 16:26:12.891  1504  1504 D SemBigDataInfoController: BIG_DATA insertLog slot: 0, feature: CMAI
02-13 16:26:12.895  1046  1156 I CpuScalingPolicyReader: Calling readCpuStats: [0, 0, 0, 0, 0, 0, 0, 0, 0, 0, 0, 0, 0, 0, 1, 1, 0, 0, 1, 1, 1, 1, 1, 1, 1, 1, 1, 1, 2, 2, 2, 2, 2, 2, 2, 2, 2], 37 3
02-13 16:26:12.901  1504  1504 D SemBigDataInfoController: Intent: com.samsung.intent.action.BIG_DATA_INFO
02-13 16:26:12.906  1046  1156 D BatteryExternalStatsWorker: update stats : get-stats (127)
02-13 16:26:12.907  1046  1156 D BatteryExternalStatsWorker: Fetch WiFi data
02-13 16:26:12.907  1046  1156 D BatteryExternalStatsWorker: Update Rail Energy data
02-13 16:26:12.916   821   841 E HeatmapThread: ECT Thread time in milliseconds: 1771017972
02-13 16:26:12.918   821   841 D HeatmapThread: !@ batteryplugType : 2
02-13 16:26:12.918   821   841 D HeatmapThread: !@ batteryLevel : 100  batteryTemperature : 343 
02-13 16:26:12.918   821   841 D HeatmapThread: !@ Heatmap currtime: 29516966
02-13 16:26:12.918   821   841 D HeatmapThread: !@ Heatmap prevtime: 29516943
02-13 16:26:12.918   821   841 D HeatmapThread: !@ Heatmap plugstarttime: 29516661
02-13 16:26:12.918  1504  1517 D Am      : Broadcast completed: result=0
02-13 16:26:12.918   821   841 D HeatmapThread: !@ Heatmap prevv_dsoh_update_time: 29516961
02-13 16:26:12.918   821   841 E HeatmapThread: !@ CAM New BSOH: 99
02-13 16:26:12.918   821   841 E HeatmapThread: !@ CAM is Working
02-13 16:26:12.920  1046  1328 D WifiStaIfaceHidlImpl: getCachedScanData is not implemented by HIDL
02-13 16:26:12.950  1046  1156 D BatteryExternalStatsWorker: Update CPU state
02-13 16:26:12.955   535  1389 W android.system.suspend-service: getWakeLockStats +
02-13 16:26:12.956   535  1389 I android.system.suspend-service: name: PowerManagerService.Display, isActive: 1, LC: 159790575, AC: 1, AT: 496958, TT: 95277540
02-13 16:26:12.956   535  1389 I android.system.suspend-service: name: PowerManager.SuspendLockout, isActive: 1, LC: 159790575, AC: 1, AT: 496959, TT: 95264711
02-13 16:26:12.978   535  1389 W android.system.suspend-service: getWakeLockStats -
02-13 16:26:12.979  1046  1063 I system_server: Background concurrent mark compact GC freed 49MB AllocSpace bytes, 3(324KB) LOS objects, 20% free, 94MB/118MB, paused 1.642ms,5.161ms total 311.741ms
02-13 16:26:12.981  1046  1156 D BatteryExternalStatsWorker: Update Kernel wakelock & memory state
02-13 16:26:12.981  1046  1156 D BatteryExternalStatsWorker: Update RPM state
02-13 16:26:12.981  1046  1156 D BatteryExternalStatsWorker: mStats lock released
02-13 16:26:12.983  1046  1156 D BatteryExternalStatsWorker: Update wifi state
02-13 16:26:12.983  1046  1156 D BatteryExternalStatsWorker: done updateExternalStatsLocked
02-13 16:26:12.999  1046  1328 D WifiStaIfaceHidlImpl: getCachedScanData is not implemented by HIDL
02-13 16:26:13.013  1504  1517 D Am      : Broadcasting: Intent { act=com.samsung.intent.action.BIG_DATA_INFO (has extras) }
02-13 16:26:13.013  1046  3421 D TelephonyManager: requestModemActivityInfo: Sending result to app: ModemActivityInfo{ mTimestamp=422247875 mSleepTimeMs=87509830 mIdleTimeMs=2293044 mActivityStatsTechSpecificInfo=[{mRat=UNKNOWN,mFrequencyRange=UNKNOWN,mTxTimeMs[]=[0, 0, 0, 0, 0],mRxTimeMs=336691909}]}
02-13 16:26:13.015  1046  1156 I CpuScalingPolicyReader: Calling readCpuStats: [0, 0, 0, 0, 0, 0, 0, 0, 0, 0, 0, 0, 0, 0, 1, 1, 0, 0, 1, 1, 1, 1, 1, 1, 1, 1, 1, 1, 2, 2, 2, 2, 2, 2, 2, 2, 2], 37 3
02-13 16:26:13.018  1046  1356 I NSLocationMonitor: Broadcast receiver, action=com.samsung.intent.action.BIG_DATA_INFO
02-13 16:26:13.020  1504  1504 D SemBigDataInfoController: Intent: com.samsung.intent.action.BIG_DATA_INFO
02-13 16:26:13.021  1504  1504 D SemBigDataInfoController: BIG_DATA insertLog slot: 0, feature: CMAI
02-13 16:26:13.023  1504  1504 D SemBigDataInfoController: Intent: com.samsung.intent.action.BIG_DATA_INFO
02-13 16:26:13.028  1504  1517 D Am      : Broadcast completed: result=0
02-13 16:26:13.086  1046  1158 I MARsListManager: com.samsung.android.smartmirroring is exempted from MARs
02-13 16:26:13.097  1046  1158 I MARsListManager: com.sec.android.app.shealth is exempted from MARs
02-13 16:26:13.122  1046 14515 I MARsListManager: com.samsung.android.smartmirroring is exempted from MARs
02-13 16:26:13.132  1046 14515 I MARsListManager: com.sec.android.app.shealth is exempted from MARs
02-13 16:26:13.139  1046 14515 D WifiDisplayAdapter: getWifiDisplayStatusLocked: result=WifiDisplayStatus{featureState=2, scanState=0, activeDisplayState=0, activeDisplay=null, displays=[], sessionInfo=WifiDisplaySessionInfo:
02-13 16:26:13.139  1046 14515 D WifiDisplayAdapter:     Client/Owner: Client
02-13 16:26:13.139  1046 14515 D WifiDisplayAdapter:     GroupId: 
02-13 16:26:13.139  1046 14515 D WifiDisplayAdapter:     Passphrase: 
02-13 16:26:13.139  1046 14515 D WifiDisplayAdapter:     SessionId: 0
02-13 16:26:13.139  1046 14515 D WifiDisplayAdapter:     IP Address: }
02-13 16:26:13.166  1046 14515 D DisplayPowerController[0]: dump
02-13 16:26:13.295   744   804 I display : HWC dump:: resultSize(6248), outSize(6248), copySize(6248)
02-13 16:26:13.321  1046 14515 D SystemDumpWriter_ANR: Successful to save dumpsys to log/dumpsys_ANR_WindowManager.txt
02-13 16:26:13.321  1046 14515 D SystemDumpWriter_ANR: save dumpsys, duration=1723
02-13 16:26:13.325  1046 14515 I ActivityManager: Adding MP++
02-13 16:26:13.325  1046 14515 I ActivityManager: Adding MP: 3535
02-13 16:26:13.325  1046 14515 I ActivityManager: Adding MP--
02-13 16:26:13.332  1046 14515 I ActivityManager: dumpStackTraces pids={2178=true, 2437=true, 2715=true, 4766=true, 6148=true, 9000=true, 10262=true, 10414=true, 10986=true, 11066=true, 11162=true, 11278=true, 11281=true, 11288=true, 11296=true, 11297=true, 11871=true, 12877=true, 13142=true, 13240=true, 13596=true, 13599=true, 13739=true, 13757=true, 13778=true, 13809=true, 13818=true, 13859=true, 13953=true, 13985=true, 14019=true, 14117=true, 14156=true, 14268=true, 14285=true, 14338=true, 14518=true, 14550=true, 19566=true, 19731=true, 20211=true, 21171=true, 22666=true, 22790=true, 22998=true, 31027=true}
02-13 16:26:13.334  1046 14515 I ActivityManager: Dumping to /data/anr/anr_2026-02-13-16-26-13-332
02-13 16:26:13.336  1046 14515 I ActivityManager: Collecting stacks for pid 1046
02-13 16:26:13.337  1046 14515 E system_server: Could not open /dev/binderfs/binder_logs/transactions. Likely a permissions issue. errno: 2
02-13 16:26:13.337  1046 14515 E android.os.Debug: Failed to get binder state info for pid: 1046 status: -2: No such file or directory
02-13 16:26:13.351  1046  1140 E Watchdog: !@Sync: 5323 heap(MB): 108 / 118 FD: 1126 [2026-02-13 16:26:13.351]
02-13 16:26:13.362  1046 14515 I system_server: libdebuggerd_client: started dumping process 1046
02-13 16:26:13.363   571   571 I tombstoned: registered intercept for pid 1046 and type kDebuggerdJavaBacktrace
02-13 16:26:13.364  1046  1059 I system_server: Thread[2,tid=1059,WaitingInMainSignalCatcherLoop,Thread*=0xb4000076ff200000,peer=0x2005e18,"Signal Catcher"]: reacting to signal 3
02-13 16:26:13.364  1046  1059 I system_server: 
02-13 16:26:13.651   518   518 D io_stats: !@   8,0 r 33112468 547685480 w 3826167 66683888 d 366377 117567320 f 128166 284107 iot 16846128 0 th 0 0 0 pt 0 inp 0 0 159791.271
02-13 16:26:13.651   518   518 D io_stats: !@ Read_top(KB): system_server(1046) 19444 ox.securefolder(14518) 15092 omation.blowpin(13340) 7264
02-13 16:26:13.651   518   518 D io_stats: !@ Write_top(KB): system_server(1046) 148 kworker/u16:1(7379) 80 f2fs_ckpt-254:5(561) 52
02-13 16:26:13.739  1046 14516 I ActivityManager: Skipping next CPU consuming process, not a java proc: 1046
02-13 16:26:13.740  1046 14516 I ActivityManager: Skipping next CPU consuming process, not a java proc: 7379
02-13 16:26:13.740  1046 14516 I ActivityManager: Skipping next CPU consuming process, not a java proc: 14
02-13 16:26:13.740  1046 14516 I ActivityManager: Skipping next CPU consuming process, not a java proc: 156
02-13 16:26:13.740  1046 14516 I ActivityManager: Skipping next CPU consuming process, not a java proc: 158
02-13 16:26:13.740  1046 14516 I ActivityManager: Skipping next CPU consuming process, not a java proc: 159
02-13 16:26:13.740  1046 14516 I ActivityManager: Skipping next CPU consuming process, not a java proc: 160
02-13 16:26:13.801  1046 25584 I HidlSensorManager: hidl_ssvc_poll: spurious wake up, back to work
02-13 16:26:13.838  1046  1186 D PackageManager: Don't send PACKAGE_CHANGED for com.samsung.knox.securefolder by WorkManager
02-13 16:26:13.916   821   841 E HeatmapThread: ECT Thread time in milliseconds: 1771017973
02-13 16:26:13.918   821   841 D HeatmapThread: !@ batteryplugType : 2
02-13 16:26:13.918   821   841 D HeatmapThread: !@ batteryLevel : 100  batteryTemperature : 343 
02-13 16:26:13.919   821   841 D HeatmapThread: !@ Heatmap currtime: 29516966
02-13 16:26:13.919   821   841 D HeatmapThread: !@ Heatmap prevtime: 29516943
02-13 16:26:13.919   821   841 D HeatmapThread: !@ Heatmap plugstarttime: 29516661
02-13 16:26:13.919   821   841 D HeatmapThread: !@ Heatmap prevv_dsoh_update_time: 29516961
02-13 16:26:13.919   821   841 E HeatmapThread: !@ CAM New BSOH: 99
02-13 16:26:13.919   821   841 E HeatmapThread: !@ CAM is Working
02-13 16:26:13.984  1046  1063 I system_server: Background concurrent mark compact GC freed 25MB AllocSpace bytes, 12(628KB) LOS objects, 20% free, 94MB/118MB, paused 1.460ms,6.609ms total 326.636ms
02-13 16:26:13.993  1046  1065 W System  : A resource failed to call CursorWindow.close. 
02-13 16:26:14.094  3691  3691 I SDHMS:LOAD: type: LoadsFreqs, value: 3:2:0:920300:2400000:533000:792460:2002000:533000:0:0:0
02-13 16:26:14.168   571   571 I tombstoned: received crash request for pid 1046
02-13 16:26:14.168   571   571 I tombstoned: found intercept fd 512 for pid 1046 and type kDebuggerdJavaBacktrace
02-13 16:26:14.171  1046 14515 I system_server: libdebuggerd_client: done dumping process 1046
02-13 16:26:14.171  1046  1059 I system_server: Wrote stack traces to tombstoned
02-13 16:26:14.171   571   571 W tombstoned: skipping tombstone file creation due to intercept
02-13 16:26:14.179  1046 14515 I ActivityManager: Collecting stacks for pid 3535
02-13 16:26:14.180  1046 14515 E system_server: Could not open /dev/binderfs/binder_logs/transactions. Likely a permissions issue. errno: 2
02-13 16:26:14.180  1046 14515 E android.os.Debug: Failed to get binder state info for pid: 3535 status: -2: No such file or directory
02-13 16:26:14.181  1046 14515 I system_server: libdebuggerd_client: started dumping process 3535
02-13 16:26:14.182   571   571 I tombstoned: registered intercept for pid 3535 and type kDebuggerdJavaBacktrace
02-13 16:26:14.184  3535  3549 I FuseDaemon: Thread[2,tid=3549,WaitingInMainSignalCatcherLoop,Thread*=0xb4000076ff200000,peer=0x2003260,"Signal Catcher"]: reacting to signal 3
02-13 16:26:14.184  3535  3549 I FuseDaemon: 
02-13 16:26:14.420   571   571 I tombstoned: received crash request for pid 3535
02-13 16:26:14.420   571   571 I tombstoned: found intercept fd 512 for pid 3535 and type kDebuggerdJavaBacktrace
02-13 16:26:14.421  3535  3549 I FuseDaemon: Wrote stack traces to tombstoned
02-13 16:26:14.422   571   571 W tombstoned: skipping tombstone file creation due to intercept
02-13 16:26:14.422  1046 14515 I system_server: libdebuggerd_client: done dumping process 3535
02-13 16:26:14.424  1046 14515 I ActivityManager: Collecting stacks for pid 12464
02-13 16:26:14.425  1046 14515 E system_server: Could not open /dev/binderfs/binder_logs/transactions. Likely a permissions issue. errno: 2
02-13 16:26:14.425  1046 14515 E android.os.Debug: Failed to get binder state info for pid: 12464 status: -2: No such file or directory
02-13 16:26:14.426  1046 14515 I system_server: libdebuggerd_client: started dumping process 12464
02-13 16:26:14.427   571   571 I tombstoned: registered intercept for pid 12464 and type kDebuggerdJavaBacktrace
02-13 16:26:14.429 12464 12465 I roid.honeyboard: Thread[2,tid=12465,WaitingInMainSignalCatcherLoop,Thread*=0xb4000076ff200000,peer=0x2004a28,"Signal Catcher"]: reacting to signal 3
02-13 16:26:14.429 12464 12465 I roid.honeyboard: 
02-13 16:26:14.648  1046  1250 D ActivityManager: freezing 14338 com.samsung.android.authfw
02-13 16:26:14.648  1982  1982 I wpa_supplicant: Heartbeat 15994
02-13 16:26:14.649  1046  1250 I UMR     : B|Compact com.samsung.android.authfw(14338)
02-13 16:26:14.652  1046  1343 D InetDiagMessage: Destroyed 0 sockets, proto=IPPROTO_TCP, family=AF_INET, states=14
02-13 16:26:14.653  1046  1343 D InetDiagMessage: Destroyed 0 sockets, proto=IPPROTO_TCP, family=AF_INET6, states=14
02-13 16:26:14.653  1046  1408 I ChimeraPolicyHandler: onPsiMonitorTriggered() - psiLevel: 0
02-13 16:26:14.653  1046  1343 D InetDiagMessage: Destroyed live tcp sockets for uids={5278} in 4ms
02-13 16:26:14.654  1046  1408 I ChimeraAggressivePolicyHandler: executePolicy() - triggerSource: TRIGGER_SOURCE_PSI_MEM_MONITOR
02-13 16:26:14.655  1046  1408 I ChimeraAggressivePolicyHandler: available memory: 856772, free memory target: 768000, quit chimera
02-13 16:26:14.672   571   571 I tombstoned: received crash request for pid 12464
02-13 16:26:14.672   571   571 I tombstoned: found intercept fd 512 for pid 12464 and type kDebuggerdJavaBacktrace
02-13 16:26:14.673 12464 12465 I roid.honeyboard: Wrote stack traces to tombstoned
02-13 16:26:14.673   571   571 W tombstoned: skipping tombstone file creation due to intercept
02-13 16:26:14.675  1046 14515 I system_server: libdebuggerd_client: done dumping process 12464
02-13 16:26:14.677  1046 14515 I ActivityManager: Collecting stacks for pid 3691
02-13 16:26:14.678  1046 14515 E system_server: Could not open /dev/binderfs/binder_logs/transactions. Likely a permissions issue. errno: 2
02-13 16:26:14.678  1046 14515 E android.os.Debug: Failed to get binder state info for pid: 3691 status: -2: No such file or directory
02-13 16:26:14.682  1046 14515 I system_server: libdebuggerd_client: started dumping process 3691
02-13 16:26:14.684   571   571 I tombstoned: registered intercept for pid 3691 and type kDebuggerdJavaBacktrace
02-13 16:26:14.685  3691  3715 I c.android.sdhms: Thread[2,tid=3715,WaitingInMainSignalCatcherLoop,Thread*=0xb4000076ff200000,peer=0x20025a0,"Signal Catcher"]: reacting to signal 3
02-13 16:26:14.685  3691  3715 I c.android.sdhms: 
02-13 16:26:14.711  1046  1250 I UMR     : E|Compact d_rss=-6748KB
02-13 16:26:14.774   571   571 I tombstoned: received crash request for pid 3691
02-13 16:26:14.774   571   571 I tombstoned: found intercept fd 512 for pid 3691 and type kDebuggerdJavaBacktrace
02-13 16:26:14.775  3691  3715 I c.android.sdhms: Wrote stack traces to tombstoned
02-13 16:26:14.775  1046 14515 I system_server: libdebuggerd_client: done dumping process 3691
02-13 16:26:14.776   571   571 W tombstoned: skipping tombstone file creation due to intercept
02-13 16:26:14.779  1046 14515 I ActivityManager: Collecting stacks for pid 3551
02-13 16:26:14.779  1046 14515 E system_server: Could not open /dev/binderfs/binder_logs/transactions. Likely a permissions issue. errno: 2
02-13 16:26:14.779  1046 14515 E android.os.Debug: Failed to get binder state info for pid: 3551 status: -2: No such file or directory
02-13 16:26:14.782  1046 14515 I system_server: libdebuggerd_client: started dumping process 3551
02-13 16:26:14.783   571   571 I tombstoned: registered intercept for pid 3551 and type kDebuggerdJavaBacktrace
02-13 16:26:14.784  3551  3561 I id.diagmonagent: Thread[2,tid=3561,WaitingInMainSignalCatcherLoop,Thread*=0xb4000076ff200000,peer=0x2002470,"Signal Catcher"]: reacting to signal 3
02-13 16:26:14.784  3551  3561 I id.diagmonagent: 
02-13 16:26:14.831   571   571 I tombstoned: received crash request for pid 3551
02-13 16:26:14.831   571   571 I tombstoned: found intercept fd 512 for pid 3551 and type kDebuggerdJavaBacktrace
02-13 16:26:14.831  3551  3561 I id.diagmonagent: Wrote stack traces to tombstoned
02-13 16:26:14.832   571   571 W tombstoned: skipping tombstone file creation due to intercept
02-13 16:26:14.833  1046 14515 I system_server: libdebuggerd_client: done dumping process 3551
02-13 16:26:14.836  1046 14515 I ActivityManager: Collecting stacks for pid 2253
02-13 16:26:14.837  1046 14515 E system_server: Could not open /dev/binderfs/binder_logs/transactions. Likely a permissions issue. errno: 2
02-13 16:26:14.837  1046 14515 E android.os.Debug: Failed to get binder state info for pid: 2253 status: -2: No such file or directory
02-13 16:26:14.840  1046 14515 I system_server: libdebuggerd_client: started dumping process 2253
02-13 16:26:14.841   571   571 I tombstoned: registered intercept for pid 2253 and type kDebuggerdJavaBacktrace
02-13 16:26:14.841  2253  2304 I ris.tui_service: Thread[2,tid=2304,WaitingInMainSignalCatcherLoop,Thread*=0xb4000076ff200000,peer=0x2002980,"Signal Catcher"]: reacting to signal 3
02-13 16:26:14.841  2253  2304 I ris.tui_service: 
02-13 16:26:14.853 14518 14544 I [SCPMSDK][1.0.0803][Configuration]: initialize : 30h984w6a4
02-13 16:26:14.855 14518 14544 I [SCPMSDK][1.0.0803][Configuration]: call : Method = initialize, arg = com.samsung.knox.securefolder
02-13 16:26:14.858  1046  4400 D CompatChangeReporter: Compat change id reported: 151861875; UID 5009; state: ENABLED
02-13 16:26:14.858  1046  1406 D BackgroundInstallControlService: Package event received: 0
02-13 16:26:14.871   725   725 D Zygote  : Forked child process 14574
02-13 16:26:14.873  1046  1144 I ActivityManager: Start proc 14574:com.samsung.android.scpm/5009 for content provider {com.samsung.android.scpm/com.samsung.scsp.common.ScpmProvider}
02-13 16:26:14.873  1046  1144 I ActivityManager: ProcessObserver broadcast disabled
02-13 16:26:14.885 14574 14574 I ng.android.scpm: Using CollectorTypeCMC GC.
02-13 16:26:14.890 14574 14574 E ng.android.scpm: Not starting debugger since process cannot load the jdwp agent.
02-13 16:26:14.914   571   571 I tombstoned: received crash request for pid 2253
02-13 16:26:14.914   571   571 I tombstoned: found intercept fd 512 for pid 2253 and type kDebuggerdJavaBacktrace
02-13 16:26:14.916  1046 14515 I system_server: libdebuggerd_client: done dumping process 2253
02-13 16:26:14.916  2253  2304 I ris.tui_service: Wrote stack traces to tombstoned
02-13 16:26:14.916   571   571 W tombstoned: skipping tombstone file creation due to intercept
02-13 16:26:14.916   821   841 E HeatmapThread: ECT Thread time in milliseconds: 1771017974
02-13 16:26:14.918   821   841 D HeatmapThread: !@ batteryplugType : 2
02-13 16:26:14.918   821   841 D HeatmapThread: !@ batteryLevel : 100  batteryTemperature : 343 
02-13 16:26:14.918   821   841 D HeatmapThread: !@ Heatmap currtime: 29516966
02-13 16:26:14.918   821   841 D HeatmapThread: !@ Heatmap prevtime: 29516943
02-13 16:26:14.918   821   841 D HeatmapThread: !@ Heatmap plugstarttime: 29516661
02-13 16:26:14.918   821   841 D HeatmapThread: !@ Heatmap prevv_dsoh_update_time: 29516961
02-13 16:26:14.918   821   841 E HeatmapThread: !@ CAM New BSOH: 99
02-13 16:26:14.918   821   841 E HeatmapThread: !@ CAM is Working
02-13 16:26:14.919  1046 14515 I ActivityManager: Collecting stacks for pid 2248
02-13 16:26:14.919  1046 14515 E system_server: Could not open /dev/binderfs/binder_logs/transactions. Likely a permissions issue. errno: 2
02-13 16:26:14.919  1046 14515 E android.os.Debug: Failed to get binder state info for pid: 2248 status: -2: No such file or directory
02-13 16:26:14.922  1046 14515 I system_server: libdebuggerd_client: started dumping process 2248
02-13 16:26:14.923   571   571 I tombstoned: registered intercept for pid 2248 and type kDebuggerdJavaBacktrace
02-13 16:26:14.924  2248  2270 I com.android.se: Thread[2,tid=2270,WaitingInMainSignalCatcherLoop,Thread*=0xb4000076ff200000,peer=0x2003e10,"Signal Catcher"]: reacting to signal 3
02-13 16:26:14.924  2248  2270 I com.android.se: 
02-13 16:26:14.977   571   571 I tombstoned: received crash request for pid 2248
02-13 16:26:14.977   571   571 I tombstoned: found intercept fd 512 for pid 2248 and type kDebuggerdJavaBacktrace
02-13 16:26:14.978  2248  2270 I com.android.se: Wrote stack traces to tombstoned
02-13 16:26:14.978  1046 14515 I system_server: libdebuggerd_client: done dumping process 2248
02-13 16:26:14.978   571   571 W tombstoned: skipping tombstone file creation due to intercept
02-13 16:26:14.980  1046 14515 I ActivityManager: Collecting stacks for pid 2257
02-13 16:26:14.981  1046 14515 E system_server: Could not open /dev/binderfs/binder_logs/transactions. Likely a permissions issue. errno: 2
02-13 16:26:14.981  1046 14515 E android.os.Debug: Failed to get binder state info for pid: 2257 status: -2: No such file or directory
02-13 16:26:14.983  1046 14515 I system_server: libdebuggerd_client: started dumping process 2257
02-13 16:26:14.984   571   571 I tombstoned: registered intercept for pid 2257 and type kDebuggerdJavaBacktrace
02-13 16:26:14.988  2257  2280 I .sec.tasmanager: Thread[2,tid=2280,WaitingInMainSignalCatcherLoop,Thread*=0xb4000076ff200000,peer=0x2002980,"Signal Catcher"]: reacting to signal 3
02-13 16:26:14.989  2257  2280 I .sec.tasmanager: 
02-13 16:26:15.014 14574 14574 W System.err: java.lang.NullPointerException: Attempt to invoke virtual method 'android.os.Bundle com.samsung.android.knox.SemEnterpriseDeviceManager.getApplicationRestrictions(java.lang.String, int)' on a null object reference
02-13 16:26:15.015 14574 14574 W System.err: 	at Z0.f.b(Unknown Source:14)
02-13 16:26:15.015 14574 14574 W System.err: 	at D0.f.get(Unknown Source:90)
02-13 16:26:15.015 14574 14574 W System.err: 	at com.samsung.scsp.error.FaultBarrier.get(SourceFile:1)
02-13 16:26:15.015 14574 14574 W System.err: 	at com.samsung.scsp.error.FaultBarrier.get(SourceFile:4)
02-13 16:26:15.015 14574 14574 W System.err: 	at Z0.f.c(Unknown Source:9)
02-13 16:26:15.015 14574 14574 W System.err: 	at com.samsung.android.scpm.app.ScpmApplication.attachBaseContext(Unknown Source:3)
02-13 16:26:15.015 14574 14574 W System.err: 	at android.app.Application.attach(Application.java:365)
02-13 16:26:15.015 14574 14574 W System.err: 	at android.app.Instrumentation.newApplication(Instrumentation.java:1351)
02-13 16:26:15.015 14574 14574 W System.err: 	at android.app.LoadedApk.makeApplicationInner(LoadedApk.java:1601)
02-13 16:26:15.015 14574 14574 W System.err: 	at android.app.LoadedApk.makeApplicationInner(LoadedApk.java:1533)
02-13 16:26:15.015 14574 14574 W System.err: 	at android.app.ActivityThread.handleBindApplication(ActivityThread.java:8673)
02-13 16:26:15.015 14574 14574 W System.err: 	at android.app.ActivityThread.-$$Nest$mhandleBindApplication(Unknown Source:0)
02-13 16:26:15.015 14574 14574 W System.err: 	at android.app.ActivityThread$H.handleMessage(ActivityThread.java:2873)
02-13 16:26:15.015 14574 14574 W System.err: 	at android.os.Handler.dispatchMessage(Handler.java:110)
02-13 16:26:15.015 14574 14574 W System.err: 	at android.os.Looper.loopOnce(Looper.java:273)
02-13 16:26:15.015 14574 14574 W System.err: 	at android.os.Looper.loop(Looper.java:363)
02-13 16:26:15.015 14574 14574 W System.err: 	at android.app.ActivityThread.main(ActivityThread.java:10060)
02-13 16:26:15.015 14574 14574 W System.err: 	at java.lang.reflect.Method.invoke(Native Method)
02-13 16:26:15.015 14574 14574 W System.err: 	at com.android.internal.os.RuntimeInit$MethodAndArgsCaller.run(RuntimeInit.java:632)
02-13 16:26:15.015 14574 14574 W System.err: 	at com.android.internal.os.ZygoteInit.main(ZygoteInit.java:975)
02-13 16:26:15.029 14574 14574 I FirebaseApp: Device unlocked: initializing all Firebase APIs for app [DEFAULT]
02-13 16:26:15.039 14574 14586 E ashmem  : Pinning is deprecated since Android Q. Please use trim or other methods.
02-13 16:26:15.041 14574 14574 I FirebaseInitProvider: FirebaseApp initialization successful
02-13 16:26:15.044 14574 14574 I [SCSPSDK][ScpmApplication]: onCreate
02-13 16:26:15.047 14574 14584 I [SCPMV2][ScpmDataBaseHelper]: scpm.database.name = scpmv2.db
02-13 16:26:15.048 14574 14574 I [SCPMV2][Scsp]: setUp
02-13 16:26:15.048 14574 14584 I [SCPMV2][ScpmDataBaseHelper]: scpm.database.version = 6
02-13 16:26:15.048 14574 14574 I [SCSPSDK][ScpmApplication]: ExecutorService: java.util.concurrent.ThreadPoolExecutor@4137e85[Running, pool size = 0, active threads = 0, queued tasks = 0, completed tasks = 0]
02-13 16:26:15.049 14574 14574 I [SCPMV2][DiagMonWrapper]: init
02-13 16:26:15.050 14574 14591 I [SCPMV2][SmpUtil]: Firebase init
02-13 16:26:15.052 14574 14591 I SmpLog  : [SMP] init. D:false O:DEVICE_BASED S:true M:false P:SPP_ONLY_MODE A:a
02-13 16:26:15.052   571   571 I tombstoned: received crash request for pid 2257
02-13 16:26:15.053   571   571 I tombstoned: found intercept fd 512 for pid 2257 and type kDebuggerdJavaBacktrace
02-13 16:26:15.053 14574 14574 I DIAGMON_SDK[605068]: DiagMonAgent type: 2
02-13 16:26:15.053  2257  2280 I .sec.tasmanager: Wrote stack traces to tombstoned
02-13 16:26:15.053  1046 14515 I system_server: libdebuggerd_client: done dumping process 2257
02-13 16:26:15.053   571   571 W tombstoned: skipping tombstone file creation due to intercept
02-13 16:26:15.054 14574 14574 I DIAGMON_SDK[605068][4M0-399-5151102] : generated SR object
02-13 16:26:15.056  1046 14515 I ActivityManager: Collecting stacks for pid 2239
02-13 16:26:15.056  1046 14515 E system_server: Could not open /dev/binderfs/binder_logs/transactions. Likely a permissions issue. errno: 2
02-13 16:26:15.056  1046 14515 E android.os.Debug: Failed to get binder state info for pid: 2239 status: -2: No such file or directory
02-13 16:26:15.057  1046  4400 I ActivityManager: Changes in 5009 19 to 5, 0 to 144
02-13 16:26:15.058 14574 14594 I [SCPMV2][AnalyticsLogger]: init: Samsung Analytics Configuration, [SEP version 14.0]
02-13 16:26:15.059  1046  1406 D BackgroundInstallControlService: Package event received: 0
02-13 16:26:15.060  3551  5445 I DMASA[D][4M0-399-5151102]: [DiagmonProvider]Received msg based on provider : request_deviceid / request_deviceid
02-13 16:26:15.061 14574 14591 I SmpLog  : [SMP] get token : ...MB5h8 (142)
02-13 16:26:15.061 14574 14591 I SmpLog  : [SMP] get push type : fcm
02-13 16:26:15.062 14574 14592 I SmpLog  : [SMP] Test mode: false, v:3.3.11.2, com.samsung.android.scpm
02-13 16:26:15.062  1046 14515 I system_server: libdebuggerd_client: started dumping process 2239
02-13 16:26:15.063  3551  5445 I DMASA[D][4M0-399-5151102]: [DiagmonProvider]Signature Check Success
02-13 16:26:15.063 14574 14595 I [SCPMV2][ScaWorkingPoliciesDownloader]: download : expiredTime = Feb 13, 2026 10:23:44p.m.
02-13 16:26:15.063  3551  5445 I DMASA[D][4M0-399-5151102]: [DiagmonProvider]Action : Request deviceID
02-13 16:26:15.063   571   571 I tombstoned: registered intercept for pid 2239 and type kDebuggerdJavaBacktrace
02-13 16:26:15.063 14574 14584 I [SCPMV2][RegistrationDataManager]: cursor count : 1
02-13 16:26:15.063  3551  5445 W DMASA[D][4M0-399-5151102]: [DiagmonProvider]DeviceId failed : user binary or info null
02-13 16:26:15.064 14574 14584 I [SCPMV2][ConfigurationDataManager]: getConfiguration: appId = 30h984w6a4
02-13 16:26:15.064 14574 14592 I SmpLog  : [SMP] ptype:fcm, token:...MB5h8 (142), D:false, O:DEVICE_BASED, S:false, M:false, P:SPP_ONLY_MODE
02-13 16:26:15.065 14574 14584 I [SCPMV2][ConfigurationDataManager]: cursor count : 1
02-13 16:26:15.065 14574 14584 I [SCPMV2][Initialize]: apply
02-13 16:26:15.065  2239  2258 I .sec.imsservice: Thread[2,tid=2258,WaitingInMainSignalCatcherLoop,Thread*=0xb4000076ff200000,peer=0x20027f0,"Signal Catcher"]: reacting to signal 3
02-13 16:26:15.065  2239  2258 I .sec.imsservice: 
02-13 16:26:15.067 14574 14593 I DIAGMON_SDK[605068][4M0-399-5151102] : Agreement value: D
02-13 16:26:15.067 14574 14593 I DIAGMON_SDK[605068][4M0-399-5151102] : Request Service Registration
02-13 16:26:15.068 14574 14592 I SmpLog  : [SMP] SEND BR : smp init success
02-13 16:26:15.069  3551  5445 I DMASA[D][4M0-399-5151102]: [DiagmonProvider]Received msg based on provider : registration / register_service
02-13 16:26:15.069 14574 14597 I [SCPMV2][PatchDevice]: execute
02-13 16:26:15.069  3551  5445 I DMASA[D][4M0-399-5151102]: [DiagmonProvider]Signature Check Success
02-13 16:26:15.070  3551  5445 I DMASA[D][4M0-399-5151102]: [DiagmonProvider]Action : Register service
02-13 16:26:15.070  3551  5445 I DMASA[D][4M0-399-5151102]: [b]Service Agree: false
02-13 16:26:15.070  3551  5445 I DMASA[D]: [b][4M0-399-5151102] Failed : Service Agree: false
02-13 16:26:15.071 14574 14595 I [SCPMV2][ScaWorkingPoliciesDownloader]: download : expiredTime = Feb 13, 2026 10:23:44p.m.
02-13 16:26:15.072 14574 14574 I [SCPMV2][SystemMonitorReceiver]: onReceive: android.intent.action.BATTERY_CHANGED
02-13 16:26:15.072 14574 14584 I [SCPMV2][ScpmPermissionChecker]: hasPermission : true
02-13 16:26:15.072 14574 14584 I [SCPMV2][ConfigurationDataManager]: initialize: appId = 30h984w6a4
02-13 16:26:15.072 14574 14593 I DIAGMON_SDK[605068][4M0-399-5151102] : Results : Failed, Cause : Service Agree: false
02-13 16:26:15.073 14574 14595 I [SCPMV2][ScaWorkingPoliciesDownloader]: download : expiredTime = Feb 13, 2026 10:23:44p.m.
02-13 16:26:15.075 14574 14595 I [SCPMV2][ScaWorkingPoliciesDownloader]: download : expiredTime = Feb 13, 2026 10:23:44p.m.
02-13 16:26:15.076 14574 14595 I [SCPMV2][EscrowVaultInducement]: enqueue worker
02-13 16:26:15.077 14574 14595 I [SCPMV2][ScaWorkingPoliciesDownloader]: download : expiredTime = Feb 13, 2026 10:23:44p.m.
02-13 16:26:15.077 14518 14544 I [SCPMSDK][1.0.0803][Configuration]: getConfiguration : securefolder-default-configuration
02-13 16:26:15.078 14518 14544 I [SCPMSDK][1.0.0803][Configuration]: openFile : parameter = securefolder-default-configuration
02-13 16:26:15.078 14574 14584 I [SCPMV2][ConfigurationFileFunction]: apply
02-13 16:26:15.079 14574 14584 I [SCPMV2][ScpmPermissionChecker]: hasPermission : true
02-13 16:26:15.079 14574 14584 I [SCPMV2][ConfigurationFileFunction]: uri : content://com.samsung.android.scpm.policy/5ba0cb155a2fc770a450fa16be54178596d3f015ef612d38a38f24b48efb4304/securefolder-default-configuration, path : /5ba0cb155a2fc770a450fa16be54178596d3f015ef612d38a38f24b48efb4304/securefolder-default-configuration
02-13 16:26:15.079 14574 14584 I [SCPMV2][ConfigurationFileFunction]: key [0] : 5ba0cb155a2fc770a450fa16be54178596d3f015ef612d38a38f24b48efb4304
02-13 16:26:15.079 14574 14584 I [SCPMV2][ConfigurationFileFunction]: key [1] : securefolder-default-configuration
02-13 16:26:15.079 14574 14584 I [SCPMV2][RegistrationDataManager]: cursor count : 1
02-13 16:26:15.080 14574 14584 I [SCPMV2][ConfigurationItemDataManager]: getFilePath name : securefolder-default-configuration
02-13 16:26:15.080 14574 14595 W WM-WorkSpec: Backoff delay duration exceeds maximum value
02-13 16:26:15.082 14574 14584 I [SCPMV2][ConfigurationFileFunction]: plainFilePath : /data/user/0/com.samsung.android.scpm/files/configuration/securefolder-default-configuration_plain.xml
02-13 16:26:15.089   537   537 W keymint_tee: [WRN]begin req PARAMS: A32, BM2, PD64, 
02-13 16:26:15.090   537   537 D android.hardware.security.keymint-service: begin: ret 0
02-13 16:26:15.090   536 30655 I keystore2: system/security/keystore2/src/security_level.rs:466 - In create_operation. Success to create IKeystoreOperation. 5009, None
02-13 16:26:15.094   537   537 D android.hardware.security.keymint-service: update: ret 0
02-13 16:26:15.097   537   537 D android.hardware.security.keymint-service: update: ret 0
02-13 16:26:15.098   537   537 D android.hardware.security.keymint-service: update: ret 0
02-13 16:26:15.099   537   537 D android.hardware.security.keymint-service: update: ret 0
02-13 16:26:15.100   537   537 D android.hardware.security.keymint-service: update: ret 0
02-13 16:26:15.102   537   537 D android.hardware.security.keymint-service: finish: ret 0
02-13 16:26:15.107 14518 14544 I [SCPMSDK][1.0.0803][Configuration]: call : Method = getStatus, arg = com.samsung.knox.securefolder
02-13 16:26:15.108 14574 14584 I [SCPMV2][RegistrationDataManager]: cursor count : 1
02-13 16:26:15.108 14574 14584 I [SCPMV2][ConfigurationDataManager]: getConfiguration: appId = 30h984w6a4
02-13 16:26:15.108 14574 14584 I [SCPMV2][ConfigurationDataManager]: cursor count : 1
02-13 16:26:15.108 14574 14584 I [SCPMV2][GetLastError]: execute
02-13 16:26:15.108 14574 14584 I [SCPMV2][ScpmPermissionChecker]: hasPermission : true
02-13 16:26:15.109 14574 14584 I [SCPMV2][ConfigurationItemDataManager]: getConfigurationItemVo name : null
02-13 16:26:15.125 14574 14599 I [SCPMV2][AppDataClearChecker]: tag : ConfigurationPeriodicWorker, workInfos size : 1
02-13 16:26:15.125 14518 14569 I WM-WorkerWrapper: Worker result FAILURE for Work [ id=30d867d9-871f-498c-9256-dea2c3e4d4d9, tags={ com.samsung.knox.securefolder.provisioning.scpm.ScaWorker } ]
02-13 16:26:15.136  1046  3432 D PackageManager: setEnabledSetting : userId = 0 packageName = com.samsung.knox.securefolder cmp = androidx.work.impl.background.systemalarm.RescheduleReceiver newState = 2 callingPackage = com.samsung.knox.securefolder
02-13 16:26:15.150 14574 14599 I [SCPMV2][AppDataClearChecker]: tag : DeviceServiceWorker_PERIODIC, workInfos size : 1
02-13 16:26:15.235   571   571 I tombstoned: received crash request for pid 2239
02-13 16:26:15.235   571   571 I tombstoned: found intercept fd 512 for pid 2239 and type kDebuggerdJavaBacktrace
02-13 16:26:15.235  2239  2258 I .sec.imsservice: Wrote stack traces to tombstoned
02-13 16:26:15.236   571   571 W tombstoned: skipping tombstone file creation due to intercept
02-13 16:26:15.239  1046 14515 I system_server: libdebuggerd_client: done dumping process 2239
02-13 16:26:15.243  1046 14515 I ActivityManager: Collecting stacks for pid 2234
02-13 16:26:15.244  1046 14515 E system_server: Could not open /dev/binderfs/binder_logs/transactions. Likely a permissions issue. errno: 2
02-13 16:26:15.244  1046 14515 E android.os.Debug: Failed to get binder state info for pid: 2234 status: -2: No such file or directory
02-13 16:26:15.247  1046 14515 I system_server: libdebuggerd_client: started dumping process 2234
02-13 16:26:15.248   571   571 I tombstoned: registered intercept for pid 2234 and type kDebuggerdJavaBacktrace
02-13 16:26:15.249  2234  2235 I libnfc_nci: Thread[2,tid=2235,WaitingInMainSignalCatcherLoop,Thread*=0xb4000076ff200000,peer=0x2003e10,"Signal Catcher"]: reacting to signal 3
02-13 16:26:15.249  2234  2235 I libnfc_nci: 
02-13 16:26:15.351   571   571 I tombstoned: received crash request for pid 2234
02-13 16:26:15.351   571   571 I tombstoned: found intercept fd 512 for pid 2234 and type kDebuggerdJavaBacktrace
02-13 16:26:15.352  2234  2235 I libnfc_nci: Wrote stack traces to tombstoned
02-13 16:26:15.352  1046 14515 I system_server: libdebuggerd_client: done dumping process 2234
02-13 16:26:15.352   571   571 W tombstoned: skipping tombstone file creation due to intercept
02-13 16:26:15.355  1046 14515 I ActivityManager: Collecting stacks for pid 2220
02-13 16:26:15.355  1046 14515 E system_server: Could not open /dev/binderfs/binder_logs/transactions. Likely a permissions issue. errno: 2
02-13 16:26:15.355  1046 14515 E android.os.Debug: Failed to get binder state info for pid: 2220 status: -2: No such file or directory
02-13 16:26:15.358  1046 14515 I system_server: libdebuggerd_client: started dumping process 2220
02-13 16:26:15.359   571   571 I tombstoned: registered intercept for pid 2220 and type kDebuggerdJavaBacktrace
02-13 16:26:15.361  2220  2221 I com.sec.sve: Thread[2,tid=2221,WaitingInMainSignalCatcherLoop,Thread*=0xb4000076ff200000,peer=0x2002960,"Signal Catcher"]: reacting to signal 3
02-13 16:26:15.361  2220  2221 I com.sec.sve: 
02-13 16:26:15.507   571   571 I tombstoned: received crash request for pid 2220
02-13 16:26:15.507   571   571 I tombstoned: found intercept fd 512 for pid 2220 and type kDebuggerdJavaBacktrace
02-13 16:26:15.508  2220  2221 I com.sec.sve: Wrote stack traces to tombstoned
02-13 16:26:15.508   571   571 W tombstoned: skipping tombstone file creation due to intercept
02-13 16:26:15.508  1046 14515 I system_server: libdebuggerd_client: done dumping process 2220
02-13 16:26:15.511  1046 14515 I ActivityManager: Collecting stacks for pid 2094
02-13 16:26:15.512  1046 14515 E system_server: Could not open /dev/binderfs/binder_logs/transactions. Likely a permissions issue. errno: 2
02-13 16:26:15.512  1046 14515 E android.os.Debug: Failed to get binder state info for pid: 2094 status: -2: No such file or directory
02-13 16:26:15.516  1046 14515 I system_server: libdebuggerd_client: started dumping process 2094
02-13 16:26:15.516   571   571 I tombstoned: registered intercept for pid 2094 and type kDebuggerdJavaBacktrace
02-13 16:26:15.518  2094  2098 I rkstack.process: Thread[2,tid=2098,WaitingInMainSignalCatcherLoop,Thread*=0xb4000076ff200000,peer=0x2003ce0,"Signal Catcher"]: reacting to signal 3
02-13 16:26:15.518  2094  2098 I rkstack.process: 
02-13 16:26:15.554   477   477 I lmkd    : 0(delay), 50(swap), 0(freelimit), 0(reentrymode) memory pressure events were skipped after a kill!
02-13 16:26:15.591   571   571 I tombstoned: received crash request for pid 2094
02-13 16:26:15.591   571   571 I tombstoned: found intercept fd 512 for pid 2094 and type kDebuggerdJavaBacktrace
02-13 16:26:15.592  2094  2098 I rkstack.process: Wrote stack traces to tombstoned
02-13 16:26:15.592  1046 14515 I system_server: libdebuggerd_client: done dumping process 2094
02-13 16:26:15.592   571   571 W tombstoned: skipping tombstone file creation due to intercept
02-13 16:26:15.595  1046 14515 I ActivityManager: Collecting stacks for pid 1528
02-13 16:26:15.595  1046 14515 E system_server: Could not open /dev/binderfs/binder_logs/transactions. Likely a permissions issue. errno: 2
02-13 16:26:15.595  1046 14515 E android.os.Debug: Failed to get binder state info for pid: 1528 status: -2: No such file or directory
02-13 16:26:15.609  1046 14515 I system_server: libdebuggerd_client: started dumping process 1528
02-13 16:26:15.610   571   571 I tombstoned: registered intercept for pid 1528 and type kDebuggerdJavaBacktrace
02-13 16:26:15.611  1528  1545 I ndroid.systemui: Thread[2,tid=1545,WaitingInMainSignalCatcherLoop,Thread*=0xb4000076ff200000,peer=0x20028b8,"Signal Catcher"]: reacting to signal 3
02-13 16:26:15.611  1528  1545 I ndroid.systemui: 
02-13 16:26:15.652   518   518 D io_stats: !@   8,0 r 33114132 547710452 w 3826210 66685420 d 366377 117567320 f 128179 284119 iot 16847348 0 th 0 0 0 pt 0 inp 0 1 159793.272
02-13 16:26:15.655  1046  1328 D WifiStaIfaceHidlImpl: getCachedScanData is not implemented by HIDL
02-13 16:26:15.658  1046  3201 D SemWifiUsabilityStatsMonitor: onWifiUsabilityStats - seqNum 19443, isSameBssidAndFreq true
02-13 16:26:15.916   821   841 E HeatmapThread: ECT Thread time in milliseconds: 1771017975
02-13 16:26:15.918   821   841 D HeatmapThread: !@ batteryplugType : 2
02-13 16:26:15.918   821   841 D HeatmapThread: !@ batteryLevel : 100  batteryTemperature : 343 
02-13 16:26:15.918   821   841 D HeatmapThread: !@ Heatmap currtime: 29516966
02-13 16:26:15.918   821   841 D HeatmapThread: !@ Heatmap prevtime: 29516943
02-13 16:26:15.918   821   841 D HeatmapThread: !@ Heatmap plugstarttime: 29516661
02-13 16:26:15.919   821   841 D HeatmapThread: !@ Heatmap prevv_dsoh_update_time: 29516961
02-13 16:26:15.919   821   841 E HeatmapThread: !@ CAM New BSOH: 99
02-13 16:26:15.919   821   841 E HeatmapThread: !@ CAM is Working
02-13 16:26:16.069   571   571 I tombstoned: received crash request for pid 1528
02-13 16:26:16.069   571   571 I tombstoned: found intercept fd 512 for pid 1528 and type kDebuggerdJavaBacktrace
02-13 16:26:16.070  1528  1545 I ndroid.systemui: Wrote stack traces to tombstoned
02-13 16:26:16.070   571   571 W tombstoned: skipping tombstone file creation due to intercept
02-13 16:26:16.070  1046 14515 I system_server: libdebuggerd_client: done dumping process 1528
02-13 16:26:16.080  1046 14515 I ActivityManager: Collecting stacks for pid 1504
02-13 16:26:16.081  1046 14515 E system_server: Could not open /dev/binderfs/binder_logs/transactions. Likely a permissions issue. errno: 2
02-13 16:26:16.081  1046 14515 E android.os.Debug: Failed to get binder state info for pid: 1504 status: -2: No such file or directory
02-13 16:26:16.088  1046 14515 I system_server: libdebuggerd_client: started dumping process 1504
02-13 16:26:16.089   571   571 I tombstoned: registered intercept for pid 1504 and type kDebuggerdJavaBacktrace
02-13 16:26:16.090  1504  1508 I m.android.phone: Thread[3,tid=1508,WaitingInMainSignalCatcherLoop,Thread*=0xb40000773db7cc00,peer=0x2002668,"Signal Catcher"]: reacting to signal 3
02-13 16:26:16.090  1504  1508 I m.android.phone: 
02-13 16:26:16.137  1046  1186 D PackageManager: Don't send PACKAGE_CHANGED for com.samsung.knox.securefolder by WorkManager
02-13 16:26:16.212   571   571 I tombstoned: received crash request for pid 1504
02-13 16:26:16.212   571   571 I tombstoned: found intercept fd 512 for pid 1504 and type kDebuggerdJavaBacktrace
02-13 16:26:16.214  1504  1508 I m.android.phone: Wrote stack traces to tombstoned
02-13 16:26:16.214  1046 14515 I system_server: libdebuggerd_client: done dumping process 1504
02-13 16:26:16.214   571   571 W tombstoned: skipping tombstone file creation due to intercept
02-13 16:26:16.218  1046 14515 I ActivityManager: dumpStackTraces nativepids=null
02-13 16:26:16.218  1046 14515 I ActivityManager: dumpStackTraces extraPids=[]
02-13 16:26:16.219  1046 14515 I ActivityManager: Done dumping
02-13 16:26:16.230  1046 14515 E ActivityManager: ANR in com.macdonaldautomation.blowpin (com.macdonaldautomation.blowpin/expo.modules.devlauncher.launcher.errors.DevLauncherErrorActivity)
02-13 16:26:16.230  1046 14515 E ActivityManager: PID: 13340
02-13 16:26:16.230  1046 14515 E ActivityManager: Reason: Input dispatching timed out (635d586 com.macdonaldautomation.blowpin/expo.modules.devlauncher.launcher.errors.DevLauncherErrorActivity is not responding. Waited 10001ms for MotionEvent).
02-13 16:26:16.230  1046 14515 E ActivityManager: Parent: com.macdonaldautomation.blowpin/expo.modules.devlauncher.launcher.errors.DevLauncherErrorActivity
02-13 16:26:16.230  1046 14515 E ActivityManager: ErrorId: 610a6662-c2cc-4b3b-9481-e2b106c0a921
02-13 16:26:16.230  1046 14515 E ActivityManager: Frozen: s[false] g[false]
02-13 16:26:16.230  1046 14515 E ActivityManager: Load: 18.14 / 19.0 / 17.47
02-13 16:26:16.230  1046 14515 E ActivityManager: ------ Current CPU Core Info ------
02-13 16:26:16.230  1046 14515 E ActivityManager: - offline : 
02-13 16:26:16.230  1046 14515 E ActivityManager: - online : 0-7
02-13 16:26:16.230  1046 14515 E ActivityManager: - AP Temp = 474
02-13 16:26:16.230  1046 14515 E ActivityManager:                              0           1           2           3           4           5           6           7
02-13 16:26:16.230  1046 14515 E ActivityManager: ------------------------------------------------------------------------------------------------------------------
02-13 16:26:16.230  1046 14515 E ActivityManager: scaling_cur_freq       1344000     1344000     1344000     1344000     1344000     1344000     1632000     1632000
02-13 16:26:16.230  1046 14515 E ActivityManager: scaling_governor  energy_awareenergy_awareenergy_awareenergy_awareenergy_awareenergy_awareenergy_awareenergy_aware
02-13 16:26:16.230  1046 14515 E ActivityManager: scaling_max_freq       2002000     2002000     2002000     2002000     2002000     2002000     2400000     2400000
02-13 16:26:16.230  1046 14515 E ActivityManager: ------------------------------------------------------------------------------------------------------------------
02-13 16:26:16.230  1046 14515 E ActivityManager: ----- Output from /proc/pressure/memory -----
02-13 16:26:16.230  1046 14515 E ActivityManager: some avg10=0.14 avg60=4.24 avg300=5.49 total=3083705118
02-13 16:26:16.230  1046 14515 E ActivityManager: full avg10=0.11 avg60=3.10 avg300=4.22 total=2525503460
02-13 16:26:16.230  1046 14515 E ActivityManager: ----- End output from /proc/pressure/memory -----
02-13 16:26:16.230  1046 14515 E ActivityManager: ----- Output from /proc/pressure/cpu -----
02-13 16:26:16.230  1046 14515 E ActivityManager: some avg10=4.59 avg60=12.86 avg300=14.80 total=10852200278
02-13 16:26:16.230  1046 14515 E ActivityManager: full avg10=0.00 avg60=0.00 avg300=0.00 total=0
02-13 16:26:16.230  1046 14515 E ActivityManager: ----- End output from /proc/pressure/cpu -----
02-13 16:26:16.230  1046 14515 E ActivityManager: ----- Output from /proc/pressure/io -----
02-13 16:26:16.230  1046 14515 E ActivityManager: some avg10=0.46 avg60=2.82 avg300=3.34 total=1564903714
