02-13 16:26:25.097  1046  1172 I RefreshRateTokenController: Removing refreshRateToken={ RefreshRateToken[->PassiveModeToken:BrightnessAnim, acquire at 159802192 (524 ms ago)}, caller=com.android.server.display.mode.RefreshRateToken.release:5 com.android.server.display.DisplayManagerService$$ExternalSyntheticLambda1.accept:405 com.android.server.display.DisplayPowerController$3.run:24 android.os.Handler.handleCallback:995 android.os.Handler.dispatchMessage:103 
02-13 16:26:25.111 19566 13385 I NearbyMediums: No BLE Fast/GATT advertisements found in the latest cycle.
02-13 16:26:25.112 19566 13385 I NearbyMediums: Current Tracked Scanning Clients are : {NearbyConnections.EnvironmentMonitor, NearbyConnections.TxAdvertisement}
02-13 16:26:25.604   536 14602 I keystore2: system/security/keystore2/watchdog/src/lib.rs:377 - Watchdog thread idle -> terminating. Have a great day.
02-13 16:26:25.662   518   518 D io_stats: !@   8,0 r 33115177 547717524 w 3826602 66698292 d 366377 117567320 f 128198 284151 iot 16848348 0 th 0 0 0 pt 0 inp 0 0 159803.282
02-13 16:26:25.663   518   518 D io_stats: !@ Read_top(KB): system_server(1046) 16
02-13 16:26:25.663   518   518 D io_stats: !@ Write_top(KB): kworker/u16:0(4623) 8596 f2fs_ckpt-254:5(561) 80 ox.securefolder(14518) 4
02-13 16:26:25.917   821   841 E HeatmapThread: ECT Thread time in milliseconds: 1771017985
02-13 16:26:25.921   821   841 D HeatmapThread: !@ batteryplugType : 2
02-13 16:26:25.921   821   841 D HeatmapThread: !@ batteryLevel : 100  batteryTemperature : 342 
02-13 16:26:25.922   821   841 D HeatmapThread: !@ Heatmap currtime: 29516966
02-13 16:26:25.922   821   841 D HeatmapThread: !@ Heatmap prevtime: 29516943
02-13 16:26:25.922   821   841 D HeatmapThread: !@ Heatmap plugstarttime: 29516661
02-13 16:26:25.922   821   841 D HeatmapThread: !@ Heatmap prevv_dsoh_update_time: 29516961
02-13 16:26:25.922   821   841 E HeatmapThread: !@ CAM New BSOH: 99
02-13 16:26:25.922   821   841 E HeatmapThread: !@ CAM is Working
02-13 16:26:26.369  1046  1250 D ActivityManager: freezing 14156 com.samsung.android.dqagent
02-13 16:26:26.372  1046  1250 I UMR     : B|Compact com.samsung.android.dqagent(14156)
02-13 16:26:26.429  1046  1250 I UMR     : E|Compact d_rss=-3124KB
02-13 16:26:26.917   821   841 E HeatmapThread: ECT Thread time in milliseconds: 1771017986
02-13 16:26:26.921   821   841 D HeatmapThread: !@ batteryplugType : 2
02-13 16:26:26.921   821   841 D HeatmapThread: !@ batteryLevel : 100  batteryTemperature : 342 
02-13 16:26:26.921   821   841 D HeatmapThread: !@ Heatmap currtime: 29516966
02-13 16:26:26.921   821   841 D HeatmapThread: !@ Heatmap prevtime: 29516943
02-13 16:26:26.921   821   841 D HeatmapThread: !@ Heatmap plugstarttime: 29516661
02-13 16:26:26.921   821   841 D HeatmapThread: !@ Heatmap prevv_dsoh_update_time: 29516961
02-13 16:26:26.922   821   841 E HeatmapThread: !@ CAM New BSOH: 99
02-13 16:26:26.922   821   841 E HeatmapThread: !@ CAM is Working
02-13 16:26:27.563  1046  3433 D NetdEventListenerService: CSC Feature value: true
02-13 16:26:27.664   518   518 D io_stats: !@   8,0 r 33115177 547717524 w 3826603 66699312 d 366377 117567320 f 128198 284151 iot 16848356 0 th 0 0 0 pt 0 inp 0 0 159805.284
02-13 16:26:27.748  1046  1328 D WifiStaIfaceHidlImpl: getCachedScanData is not implemented by HIDL
02-13 16:26:27.757  1046  3201 D SemWifiUsabilityStatsMonitor: onWifiUsabilityStats - seqNum 19447, isSameBssidAndFreq true
02-13 16:26:27.917   821   841 E HeatmapThread: ECT Thread time in milliseconds: 1771017987
02-13 16:26:27.921   821   841 D HeatmapThread: !@ batteryplugType : 2
02-13 16:26:27.921   821   841 D HeatmapThread: !@ batteryLevel : 100  batteryTemperature : 342 
02-13 16:26:27.921   821   841 D HeatmapThread: !@ Heatmap currtime: 29516966
02-13 16:26:27.921   821   841 D HeatmapThread: !@ Heatmap prevtime: 29516943
02-13 16:26:27.921   821   841 D HeatmapThread: !@ Heatmap plugstarttime: 29516661
02-13 16:26:27.921   821   841 D HeatmapThread: !@ Heatmap prevv_dsoh_update_time: 29516961
02-13 16:26:27.922   821   841 E HeatmapThread: !@ CAM New BSOH: 99
02-13 16:26:27.922   821   841 E HeatmapThread: !@ CAM is Working
02-13 16:26:28.335  1046  1135 I Dialog  : mIsDeviceDefault = true, mIsSamsungBasicInteraction = false, isMetaDataInActivity = false
02-13 16:26:28.340  1046  1135 D ActivityManager: !@AM_BOOT_PROGRESS , ensureBootCompleted booting:false /enableScreen:false /caller:com.android.server.am.ActivityManagerService.ensureBootCompleted:47 com.android.server.am.ActivityManagerService$UiHandler.handleMessage$com$android$server$am$ActivityManagerService$UiHandler:563 
02-13 16:26:28.347  1046  1135 I DecorView: setWindowBackground: isPopOver=false color=ff010102 d=android.graphics.drawable.InsetDrawable@984f042
02-13 16:26:28.352  1046  1135 D ScrollView: initGoToTop
02-13 16:26:28.354  1046  1135 D ScrollView: initGoToTop
02-13 16:26:28.358  1046  1135 W Settings: Setting show_button_background has moved from android.provider.Settings.System to android.provider.Settings.Global, returning read-only value.
02-13 16:26:28.361  1046  1135 D RestrictionPolicy: isGoogleCrashReportAllowed : ret=true userId =0
02-13 16:26:28.365  1046  1135 W Settings: Setting accessibility_reduce_transparency has moved from android.provider.Settings.System to android.provider.Settings.Global, returning read-only value.
02-13 16:26:28.365  1046  1135 I WindowManager: WindowManagerGlobal#addView, ty=2003, view=com.android.internal.policy.DecorView{18f7eab V.E...... R.....I. 0,0-0,0}[blowpin], caller=android.view.WindowManagerImpl.addView:158 android.app.Dialog.show:540 com.android.server.am.ErrorDialogController$$ExternalSyntheticLambda0.accept:8 
02-13 16:26:28.365  1046  1135 I ViewRootImpl: dVRR is disabled
02-13 16:26:28.368  1046  6581 D NativeCustomFrequencyManager: [NativeCFMS] BpCustomFrequencyManager::BpCustomFrequencyManager()
02-13 16:26:28.369   833  2483 I SurfaceFlinger: id=5794 createSurf, flag=84004, WindowToken{81fe8a1 type=2003 android.view.ViewRootImpl$W@5f33908}#5794
02-13 16:26:28.370  1046  1135 D InputTransport: Input channel constructed: 'bfd4ac6', fd=770
02-13 16:26:28.370  1046  1135 D InputTransport: Input channel constructed: 'bfd4ac6', fd=824
02-13 16:26:28.370  1046  1135 D InputTransport: Input channel constructed: 'bfd4ac6', fd=975
02-13 16:26:28.370  1046  1135 D InputTransport: Input channel destroyed: 'bfd4ac6', fd=824
02-13 16:26:28.371   833  2483 I SurfaceFlinger: id=5795 createSurf, flag=84004, bfd4ac6 Application Not Responding: com.macdonaldautomation.blowpin#5795
02-13 16:26:28.371  1046  1135 D RestrictionPolicy: isScreenCaptureEnabled : ret=true userId=0
02-13 16:26:28.371  1046  1135 D WindowManager: Changing focus from Window{635d586 u0 com.macdonaldautomation.blowpin/expo.modules.devlauncher.launcher.errors.DevLauncherErrorActivity} to Window{bfd4ac6 u0 Application Not Responding: com.macdonaldautomation.blowpin} displayId=0 Callers=com.android.server.wm.WindowManagerService.addWindowInner:565 com.android.server.wm.WindowManagerService.addWindow:1842 com.android.server.wm.Session.addToDisplayAsUser:24 android.view.ViewRootImpl.setView:1974 
02-13 16:26:28.372  1046  1135 I WindowManager: Cancelling animation restarting=true, leash=Surface(name=Surface(name=e1164cb NavigationBar0)/@0x3901c0c - animation-leash of insets_animation)/@0x3e92518
02-13 16:26:28.372  1046  1135 I WindowManager: Reparenting to original parent: Surface(name=WindowToken{18dc39a type=2019 android.os.BinderProxy@d2d08bc})/@0xa2fc955, destroy=false, surface=Surface(name=e1164cb NavigationBar0)/@0x3901c0c
02-13 16:26:28.372  1046  1135 I WindowManager: Reparenting to leash, surface=Surface(name=e1164cb NavigationBar0)/@0x3901c0c, leashParent=Surface(name=WindowToken{18dc39a type=2019 android.os.BinderProxy@d2d08bc})/@0xa2fc955
02-13 16:26:28.372   833  2483 I SurfaceFlinger: id=5796 createSurf, flag=24000, Surface(name=e1164cb NavigationBar0)/@0x3901c0c - animation-leash of insets_animation#5796
02-13 16:26:28.373  1046  1135 D WindowManager: makeSurface duration=2 leash=Surface(name=Surface(name=e1164cb NavigationBar0)/@0x3901c0c - animation-leash of insets_animation)/@0x6b16ddd
02-13 16:26:28.374  1046  1135 D InsetsSourceProvider: updateControlForTarget: control=InsetsSourceControl: {707a0001 mType=navigationBars initiallyVisible mSurfacePosition=Point(0, 2205) mInsetsHint=Insets{left=0, top=0, right=0, bottom=135}}, target=Window{bfd4ac6 u0 Application Not Responding: com.macdonaldautomation.blowpin}, from=com.android.server.wm.InsetsStateController.onControlTargetChanged:83 com.android.server.wm.InsetsPolicy.updateBarControlTarget:225 com.android.server.wm.DisplayPolicy.updateSystemBarAttributes:262 com.android.server.wm.WindowManagerService.updateFocusedWindowLocked:372 com.android.server.wm.WindowManagerService.addWindowInner:565 
02-13 16:26:28.374  1046  1135 I WindowManager: Cancelling animation restarting=true, leash=Surface(name=Surface(name=2162ffe StatusBar)/@0x128ecf8 - animation-leash of insets_animation)/@0x7fcbd56
02-13 16:26:28.374  1046  1135 I WindowManager: Reparenting to original parent: Surface(name=WindowToken{fd4bfb9 type=2000 android.os.BinderProxy@92aca03})/@0x670a5d1, destroy=false, surface=Surface(name=2162ffe StatusBar)/@0x128ecf8
02-13 16:26:28.374  1046  1135 I WindowManager: Reparenting to leash, surface=Surface(name=2162ffe StatusBar)/@0x128ecf8, leashParent=Surface(name=WindowToken{fd4bfb9 type=2000 android.os.BinderProxy@92aca03})/@0x670a5d1
02-13 16:26:28.375   833  2483 I SurfaceFlinger: id=5797 createSurf, flag=24000, Surface(name=2162ffe StatusBar)/@0x128ecf8 - animation-leash of insets_animation#5797
02-13 16:26:28.375   833   833 I SurfaceFlinger: SFWD update time=159805995359004
02-13 16:26:28.376  1046  1135 D WindowManager: makeSurface duration=2 leash=Surface(name=Surface(name=2162ffe StatusBar)/@0x128ecf8 - animation-leash of insets_animation)/@0xe931823
02-13 16:26:28.377  1046  1135 D InsetsSourceProvider: updateControlForTarget: control=InsetsSourceControl: {67890000 mType=statusBars initiallyVisible mSurfacePosition=Point(0, 0) mInsetsHint=Insets{left=0, top=100, right=0, bottom=0}}, target=Window{bfd4ac6 u0 Application Not Responding: com.macdonaldautomation.blowpin}, from=com.android.server.wm.InsetsStateController.onControlTargetChanged:83 com.android.server.wm.InsetsPolicy.updateBarControlTarget:212 com.android.server.wm.DisplayPolicy.updateSystemBarAttributes:262 com.android.server.wm.WindowManagerService.updateFocusedWindowLocked:372 com.android.server.wm.WindowManagerService.addWindowInner:565 
02-13 16:26:28.377   833   886 I VSyncReactor: Current= 60, Period= 60, hwcPeriod= 60
02-13 16:26:28.377  1046  1135 D WindowManager: updateSystemBarAttributes: displayId=0, focusedCanBeNavColorWin=false, win=Window{bfd4ac6 u0 Application Not Responding: com.macdonaldautomation.blowpin}, navColorWin=Window{635d586 u0 com.macdonaldautomation.blowpin/expo.modules.devlauncher.launcher.errors.DevLauncherErrorActivity}, caller=com.android.server.wm.WindowManagerService.updateFocusedWindowLocked:372 com.android.server.wm.WindowManagerService.addWindowInner:565 com.android.server.wm.WindowManagerService.addWindow:1842 
02-13 16:26:28.377   833   833 D SurfaceFlinger: GPIS:: requestGpisForClientComposition
02-13 16:26:28.378  1046  1135 D WindowManager: updateSystemBarAttributes, bhv=1, apr=16, statusBarAprRegions=[AppearanceRegion{LIGHT_STATUS_BARS bounds=[0,0][1080,2340]}], requestedVisibilities=-9
02-13 16:26:28.378  1046  1135 V SystemKeyManager: updateFocusedWindow() is called, Application Not Responding: com.macdonaldautomation.blowpin
02-13 16:26:28.379  1046  1135 I InsetsController: onStateChanged: host=Application Not Responding: com.macdonaldautomation.blowpin, from=android.view.ViewRootImpl.onInsetsStateChanged:3026, state=InsetsState: {mDisplayFrame=Rect(0, 0 - 1080, 2340), mDisplayCutout=DisplayCutout{insets=Rect(0, 100 - 0, 0) waterfall=Insets{left=0, top=0, right=0, bottom=0} boundingRect={Bounds=[Rect(0, 0 - 0, 0), Rect(470, 0 - 610, 100), Rect(0, 0 - 0, 0), Rect(0, 0 - 0, 0)]} cutoutPathParserInfo={CutoutPathParserInfo{displayWidth=1080 displayHeight=2340 physicalDisplayWidth=1080 physicalDisplayHeight=2340 density={2.8125} cutoutSpec={M 0,0 H -24.88888888888889 V 35.55555555555556 H 24.88888888888889 V 0 H 0 Z @dp} rotation={0} scale={1.0} physicalPixelDisplaySizeRatio={1.0}}} sideOverrides={}}, mRoundedCorners=RoundedCorners{[RoundedCorner{position=TopLeft, radius=118, center=Point(118, 118)}, RoundedCorner{position=TopRight, radius=118, center=Point(962, 118)}, RoundedCorner{position=BottomRight, radius=118, center=Point(962, 2222)}, RoundedCorner{position=BottomLeft, radius=118, center=Point(118, 2222)}]}  mRoundedCornerFrame=Rect(0, 0 - 0, 0), mPrivacyIndicatorBounds=PrivacyIndicatorBounds {static bounds=Rect(956, 0 - 1080, 100) rotation=0}, mDisplayShape=DisplayShape{ spec=-311912193 displayWidth=1080 displayHeight=2340 physicalPixelDisplaySizeRatio=1.0 rotation=0 offsetX=0 offsetY=0 scale=1.0}, mSources= { InsetsSource: {27 mType=displayCutout mFrame=[0,0][1080,100] mVisible=true mFlags= mSideHint=TOP mBoundingRects=null}, InsetsSource: {67890000 mType=statusBars mFrame=[0,0][1080,100] mVisible=true mFlags= mSideHint=TOP mBoundingRects=null}, InsetsSource: {67890005 mType=mandatorySystemGestures mFrame=[0,0][1080,134] mVisible=true mFlags= mSideHint=TOP mBoundingRects=null}, InsetsSource: {67890006 mType=tappableElement mFrame=[0,0][1080,100] mVisible=true mFlags= mSideHint=TOP mBoundingRects=null}, InsetsSource: {707a0001 mType=navigationBars mFrame=[0,2205][1080,2340] mVisible=true mFlags= mSideHint=BOTTOM mBoundingRects=null}, InsetsSource: {707a0004 mType=systemGestures mFrame=[0,0][0,0] mVisible=true mFlags= mSideHint=NONE mBoundingRects=null}, InsetsSource: {707a0005 mType=mandatorySystemGestures mFrame=[0,2205][1080,2340] mVisible=true mFlags= mSideHint=BOTTOM mBoundingRects=null}, InsetsSource: {707a0006 mType=tappableElement mFrame=[0,2205][1080,2340] mVisible=true mFlags= mSideHint=BOTTOM mBoundingRects=null}, InsetsSource: {707a0024 mType=systemGestures mFrame=[0,0][0,0] mVisible=true mFlags= mSideHint=NONE mBoundingRects=null} }
02-13 16:26:28.380  1046  1135 I VRI[blowpin]@5f33908: synced displayState. AttachInfo displayState=2
02-13 16:26:28.380  1046  1135 I VRI[blowpin]@5f33908: setView = com.android.internal.policy.DecorView@18f7eab IsHRR=false mFlingFrameRateChange=0 TM=true
02-13 16:26:28.382  1046  6581 D HWUI    : HWUI - treat SMPTE_170M as sRGB
02-13 16:26:28.386  1046  1135 D CoreBackPreview: Window{bfd4ac6 u0 Application Not Responding: com.macdonaldautomation.blowpin}: Setting back callback OnBackInvokedCallbackInfo{mCallback=android.window.WindowOnBackInvokedDispatcher$OnBackInvokedCallbackWrapper@89f34aa, mPriority=-1, mIsAnimationCallback=false, mOverrideBehavior=0}
02-13 16:26:28.388  1046  1135 I WindowManager: Relayout Window{bfd4ac6 u0 Application Not Responding: com.macdonaldautomation.blowpin}: viewVisibility=0 req=1068x639 ty=2003 d0
02-13 16:26:28.389   833  2483 I SurfaceFlinger: id=5798 createSurf, flag=44004, Application Not Responding: com.macdonaldautomation.blowpin#5798
02-13 16:26:28.390  1046  1135 D WindowManager: makeSurface duration=2 name=Application Not Responding: com.macdonaldautomation.blowpin
02-13 16:26:28.391  1046  1135 D SurfaceComposerClient: setCornerRadius ## 635d586 com.macdonaldautomation.blowpin/expo.modules.devlauncher.launcher.errors.DevLauncherErrorActivity#5774 cornerRadius=0.000000
02-13 16:26:28.391  1046  1135 D SurfaceComposerClient: setCornerRadius ## 635d586 com.macdonaldautomation.blowpin/expo.modules.devlauncher.launcher.errors.DevLauncherErrorActivity#5774 cornerRadius=0.000000
02-13 16:26:28.393   833   833 I SurfaceFlinger: RequestedLayer [WindowToken{81fe8a1 type=2003 android.view.ViewRootImpl$W@5f33908}#5794] hidden!! flag  from(1) --> to(0)
02-13 16:26:28.393   833   833 I SurfaceFlinger: RequestedLayer [bfd4ac6 Application Not Responding: com.macdonaldautomation.blowpin#5795] hidden!! flag  from(1) --> to(0)
02-13 16:26:28.393   833   833 I SurfaceFlinger: [LayerHierarchy{RequestedLayerState{e1164cb NavigationBar0#89 parentId=5796} 1 children}] reparent to LayerHierarchy{RequestedLayerState{Surface(name=e1164cb NavigationBar0)/@0x3901c0c - animation-leash of insets_animation#5796 parentId=88} 1 children}
02-13 16:26:28.393   833   833 I SurfaceFlinger: [LayerHierarchy{RequestedLayerState{2162ffe StatusBar#93 parentId=5797} 1 children}] reparent to LayerHierarchy{RequestedLayerState{Surface(name=2162ffe StatusBar)/@0x128ecf8 - animation-leash of insets_animation#5797 parentId=92} 1 children}
02-13 16:26:28.393   833   833 I SurfaceFlinger: [LayerHierarchy{RequestedLayerState{Surface(name=2162ffe StatusBar)/@0x128ecf8 - animation-leash of insets_animation#5793} no children}] reparent to OffscreenRoot
02-13 16:26:28.393   833   833 I SurfaceFlinger: [LayerHierarchy{RequestedLayerState{Surface(name=2162ffe StatusBar)/@0x128ecf8 - animation-leash of insets_animation#5793} no children}] RelativeParent to null
02-13 16:26:28.393   833   833 I SurfaceFlinger: [LayerHierarchy{RequestedLayerState{Surface(name=e1164cb NavigationBar0)/@0x3901c0c - animation-leash of insets_animation#5792} no children}] reparent to OffscreenRoot
02-13 16:26:28.393   833   833 I SurfaceFlinger: [LayerHierarchy{RequestedLayerState{Surface(name=e1164cb NavigationBar0)/@0x3901c0c - animation-leash of insets_animation#5792} no children}] RelativeParent to null
02-13 16:26:28.393   833   833 I SurfaceFlinger: [WindowToken{81fe8a1 type=2003 android.view.ViewRootImpl$W@5f33908}#5794] attach to parent LayerHierarchy{RequestedLayerState{Leaf:3:12#13 parentId=9 z=1} 2 children}
02-13 16:26:28.393   833   833 I SurfaceFlinger: [bfd4ac6 Application Not Responding: com.macdonaldautomation.blowpin#5795] attach to parent LayerHierarchy{RequestedLayerState{WindowToken{81fe8a1 type=2003 android.view.ViewRootImpl$W@5f33908}#5794 parentId=13 z=1} 1 children}
02-13 16:26:28.393   833   833 I SurfaceFlinger: [Surface(name=e1164cb NavigationBar0)/@0x3901c0c - animation-leash of insets_animation#5796] attach to parent LayerHierarchy{RequestedLayerState{WindowToken{18dc39a type=2019 android.os.BinderProxy@d2d08bc}#88 parentId=34} 1 children}
02-13 16:26:28.393   833   833 I SurfaceFlinger: [Surface(name=2162ffe StatusBar)/@0x128ecf8 - animation-leash of insets_animation#5797] attach to parent LayerHierarchy{RequestedLayerState{WindowToken{fd4bfb9 type=2000 android.os.BinderProxy@92aca03}#92 parentId=17} 1 children}
02-13 16:26:28.393   833   833 I SurfaceFlinger: [Application Not Responding: com.macdonaldautomation.blowpin#5798] attach to parent LayerHierarchy{RequestedLayerState{bfd4ac6 Application Not Responding: com.macdonaldautomation.blowpin#5795 parentId=5794} 1 children}
02-13 16:26:28.393  1046  1135 I WindowManager: Relayout hash=bfd4ac6, pid=1046, syncId=-1: mAttrs={(0,0)(wrapxwrap) gr=BOTTOM CENTER_VERTICAL sim={adjust=pan forwardNavigation} ty=SYSTEM_ALERT fmt=TRANSLUCENT wanim=0x1030309 surfaceInsets=Rect(46, 46 - 46, 46) (manual) (!preservePreviousSurfaceInsets)
02-13 16:26:28.393  1046  1135 I WindowManager:   fl=1820002
02-13 16:26:28.393  1046  1135 I WindowManager:   pfl=40990
02-13 16:26:28.393  1046  1135 I WindowManager:   bhv=1
02-13 16:26:28.393  1046  1135 I WindowManager:   fitTypes=207
02-13 16:26:28.393  1046  1135 I WindowManager:   fitIgnoreVis
02-13 16:26:28.393  1046  1135 I WindowManager:   frameRateBoostOnTouch=true
02-13 16:26:28.393  1046  1135 I WindowManager:   dvrrWindowFrameRateHint=true
02-13 16:26:28.393  1046  1135 I WindowManager:  dimAmount=0.18 dimDuration=150 naviIconColor=0}
02-13 16:26:28.395  1046  1135 I BLASTBufferQueue_Java: new BLASTBufferQueue, mName= VRI[blowpin]@5f33908 mNativeObject= 0xb4000075b00ae000 caller= android.view.ViewRootImpl.updateBlastSurfaceIfNeeded:3585 android.view.ViewRootImpl.relayoutWindow:11685 android.view.ViewRootImpl.performTraversals:4804 android.view.ViewRootImpl.doTraversal:3924 android.view.ViewRootImpl$TraversalRunnable.run:12903 android.view.Choreographer$CallbackRecord.run:1901 android.view.Choreographer$CallbackRecord.run:1910 android.view.Choreographer.doCallbacks:1367 android.view.Choreographer.doFrame:1292 android.view.Choreographer$FrameDisplayEventReceiver.run:1870 
02-13 16:26:28.395  1046  1135 I BLASTBufferQueue_Java: update, w= 1160 h= 731 mName = VRI[blowpin]@5f33908 mNativeObject= 0xb4000075b00ae000 sc.mNativeObject= 0xb4000075aeb28180 format= -3 caller= android.view.ViewRootImpl.updateBlastSurfaceIfNeeded:3590 android.view.ViewRootImpl.relayoutWindow:11685 android.view.ViewRootImpl.performTraversals:4804 android.view.ViewRootImpl.doTraversal:3924 android.view.ViewRootImpl$TraversalRunnable.run:12903 android.view.Choreographer$CallbackRecord.run:1901 
02-13 16:26:28.398  1046  1135 I VRI[blowpin]@5f33908: Relayout returned: old=(0,100,1080,2205) new=(6,1566,1074,2205) relayoutAsync=false req=(1068,639)0 dur=6 res=0x3 s={true 0xb4000075230c5d00} ch=true seqId=0
02-13 16:26:28.399  1046  1135 I VRI[blowpin]@5f33908: performConfigurationChange setNightDimText nightDimLevel=0
02-13 16:26:28.400  1046  1135 D VRI[blowpin]@5f33908: mThreadedRenderer.initialize() mSurface={isValid=true 0xb4000075230c5d00} hwInitialized=true
02-13 16:26:28.402  1046  1135 D VRI[blowpin]@5f33908: reportNextDraw android.view.ViewRootImpl.performTraversals:5443 android.view.ViewRootImpl.doTraversal:3924 android.view.ViewRootImpl$TraversalRunnable.run:12903 android.view.Choreographer$CallbackRecord.run:1901 android.view.Choreographer$CallbackRecord.run:1910 
02-13 16:26:28.402  1046  1135 D VRI[blowpin]@5f33908: Setup new sync=wmsSync-VRI[blowpin]@5f33908#14
02-13 16:26:28.402  1046  1135 I VRI[blowpin]@5f33908: Creating new active sync group VRI[blowpin]@5f33908#15
02-13 16:26:28.403  1046  1135 D VRI[blowpin]@5f33908: registerCallbacksForSync syncBuffer=false
02-13 16:26:28.408  1046 14029 D VRI[blowpin]@5f33908: Received frameDrawingCallback syncResult=0 frameNum=1.
02-13 16:26:28.408  1046 14029 I VRI[blowpin]@5f33908: mWNT: t=0xb4000075aeca6480 mBlastBufferQueue=0xb4000075b00ae000 fn= 1 HdrRenderState mRenderHdrSdrRatio=1.0 caller= android.view.ViewRootImpl$12.onFrameDraw:15441 android.view.ThreadedRenderer$1.onFrameDraw:718 <bottom of call stack> 
02-13 16:26:28.408  1046 14029 I VRI[blowpin]@5f33908: Setting up sync and frameCommitCallback
02-13 16:26:28.412   833   901 D SurfaceFlinger: [input] setFocusedWindow: bfd4ac6 Application Not Responding: com.macdonaldautomation.blowpin
02-13 16:26:28.412  1046  3432 D InputDispatcher: Once focus requested (0): bfd4ac6 Application Not Responding: com.macdonaldautomation.blowpin
02-13 16:26:28.412  1046  3432 D InputDispatcher: Focus request (0): bfd4ac6 Application Not Responding: com.macdonaldautomation.blowpin but waiting because NO_WINDOW
02-13 16:26:28.412  1046  3432 D InputDispatcher: Focus left window (0): 635d586 com.macdonaldautomation.blowpin/expo.modules.devlauncher.launcher.errors.DevLauncherErrorActivity
02-13 16:26:28.417  1046  6581 I BLASTBufferQueue: [VRI[blowpin]@5f33908#42](f:0,a:0,s:0) onFrameAvailable the first frame is available
02-13 16:26:28.419   833  2483 I SurfaceFlinger: [Application Not Responding: com.macdonaldautomation.blowpin#5798] setTransactionState with the first frame. bufferData(ID: 4492535792228, frameNumber: 1)
02-13 16:26:28.419  1046  6581 I VRI[blowpin]@5f33908: Received frameCommittedCallback lastAttemptedDrawFrameNum=1 didProduceBuffer=true
02-13 16:26:28.419  1046  6581 D HWUI    : CFMS:: SetUp Pid : 1046    Tid : 6581
02-13 16:26:28.420  1046  1135 D VRI[blowpin]@5f33908: reportDrawFinished seqId=0
02-13 16:26:28.420  1046  1135 D WindowManager: finishDrawingWindow: Window{bfd4ac6 u0 Application Not Responding: com.macdonaldautomation.blowpin} mDrawState=DRAW_PENDING seqId=0
02-13 16:26:28.421  1046  1135 I InsetsSourceConsumer: applyRequestedVisibilityToControl: visible=true, type=navigationBars, host=Application Not Responding: com.macdonaldautomation.blowpin
02-13 16:26:28.421  1046  1135 I InsetsSourceConsumer: applyRequestedVisibilityToControl: visible=true, type=statusBars, host=Application Not Responding: com.macdonaldautomation.blowpin
02-13 16:26:28.422  1046  1138 D SurfaceComposerClient: setCornerRadius ## 635d586 com.macdonaldautomation.blowpin/expo.modules.devlauncher.launcher.errors.DevLauncherErrorActivity#5774 cornerRadius=0.000000
02-13 16:26:28.423  1528  1528 D NavigationBar: onSystemBarAttributesChanged() -  displayId:0, appearance:16, packageName: android (APPEARANCE_LIGHT_NAVIGATION_BARS ), navbarColorManagedByIme:false
02-13 16:26:28.425  1046  1138 I WindowManager: Reparenting to leash, surface=Surface(name=bfd4ac6 Application Not Responding: com.macdonaldautomation.blowpin)/@0xff71be4, leashParent=Surface(name=WindowToken{81fe8a1 type=2003 android.view.ViewRootImpl$W@5f33908})/@0xd0e884d
02-13 16:26:28.426   833  2483 I SurfaceFlinger: id=5799 createSurf, flag=24004, Surface(name=bfd4ac6 Application Not Responding: com.macdonaldautomation.blowpin)/@0xff71be4 - animation-leash of window_animation#5799
02-13 16:26:28.427  1046  1138 D WindowManager: makeSurface duration=1 leash=Surface(name=Surface(name=bfd4ac6 Application Not Responding: com.macdonaldautomation.blowpin)/@0xff71be4 - animation-leash of window_animation)/@0x545af02
02-13 16:26:28.427  1046  1138 V WindowManager: performShowLocked: mDrawState=HAS_DRAWN in Window{bfd4ac6 u0 Application Not Responding: com.macdonaldautomation.blowpin}
02-13 16:26:28.428  1046  1138 D SurfaceComposerClient: setCornerRadius ## 635d586 com.macdonaldautomation.blowpin/expo.modules.devlauncher.launcher.errors.DevLauncherErrorActivity#5774 cornerRadius=0.000000
02-13 16:26:28.444  1046  1139 D PowerManagerService: [api] setPowerBoost(L) boost:0, durationMs:0, caller (uid: 1000 pid: 1046) <- m() in com.android.server.display.DisplayManagerService$BinderService$$ExternalSyntheticOutline0:1
02-13 16:26:28.445   833  2376 I SurfaceFlinger: id=5800 createSurf, flag=20004, Dim Layer for - Display 0 name="Built-in Screen"#5800
02-13 16:26:28.459   833   833 E SurfaceFlinger: alpha changed 1.000 -> 0.000 - Surface(name=bfd4ac6 Application Not Responding: com.macdonaldautomation.blowpin)/@0xff71be4 - animation-leash of window_animation#5799
02-13 16:26:28.459   833   833 I SurfaceFlinger: [Display 0 name="Built-in Screen"#49] setFrameRateCategory: High
02-13 16:26:28.459   833   833 I SurfaceFlinger: RequestedLayer [Surface(name=bfd4ac6 Application Not[...]ation-leash of window_animation#5799] hidden!! flag  from(1) --> to(0)
02-13 16:26:28.459   833   833 E SurfaceFlinger: alpha changed 0.000 -> 0.000 - Surface(name=bfd4ac6 Application Not Responding: com.macdonaldautomation.blowpin)/@0xff71be4 - animation-leash of window_animation#5799
02-13 16:26:28.459   833   833 I SurfaceFlinger: RequestedLayer [Application Not Responding: com.macdonaldautomation.blowpin#5798] hidden!! flag  from(1) --> to(0)
02-13 16:26:28.459   833   833 I SurfaceFlinger: RequestedLayer [Dim Layer for - Display 0 name="Built-in Screen"#5800] hidden!! flag  from(1) --> to(0)
02-13 16:26:28.459   833   833 E SurfaceFlinger: alpha changed 1.000 -> 0.000 - Dim Layer for - Display 0 name="Built-in Screen"#5800
02-13 16:26:28.459   833   833 I SurfaceFlinger: [LayerHierarchy{RequestedLayerState{bfd4ac6 Application Not Responding: com.macdonaldautomation.blowpin#5795 parentId=5799} 1 children}] reparent to LayerHierarchy{RequestedLayerState{Surface(name=bfd4ac6 Application Not Responding: com.macdonaldautomation.blowpin)/@0xff71be4 - animation-leash of window_animation#5799 parentId=5794} 1 children}
02-13 16:26:28.459   833   833 I SurfaceFlinger: [Surface(name=bfd4ac6 Application Not Responding: com.macdonaldautomation.blowpin)/@0xff71be4 - animation-leash of window_animation#5799] attach to parent LayerHierarchy{RequestedLayerState{WindowToken{81fe8a1 type=2003 android.view.ViewRootImpl$W@5f33908}#5794 parentId=13 z=1} 1 children}
02-13 16:26:28.459   833   833 I SurfaceFlinger: [Dim Layer for - Display 0 name="Built-in Screen"#5800] attach to parent LayerHierarchy{RequestedLayerState{Display 0 name="Built-in Screen"#49} 7 children}
02-13 16:26:28.476   833   833 E SurfaceFlinger: alpha changed 0.000 -> 0.223 - Surface(name=bfd4ac6 Application Not Responding: com.macdonaldautomation.blowpin)/@0xff71be4 - animation-leash of window_animation#5799
02-13 16:26:28.481   833   833 D SurfaceFlinger: Display 4633128672291735931 HWC layers:
02-13 16:26:28.481   833   833 D SurfaceFlinger:        DEVICE |           57294863728657 | 00002102 | RGBA_8888    |    0.0    0.0 1080.0 2340.0 |    0    0 1080 2340 | com.macdonaldautomation.blowpin/expo[...]DevLauncherErrorActivity$_13340#5778 (15)
02-13 16:26:28.481   833   833 D SurfaceFlinger:        DEVICE |            4492535792228 | 00002100 | RGBA_8888    |   40.0    0.0 1120.0  729.0 |    0 1611 1080 2340 | Application Not Responding: com.macdonaldautomation.blowpin#5798 (1)
02-13 16:26:28.481   833   833 D SurfaceFlinger:        DEVICE |            6562710030176 | 00002100 | RGBA_8888    |    0.0    0.0 1080.0  100.0 |    0    0 1080  100 | StatusBar$_1528#98 (7028)
02-13 16:26:28.481   833   833 D SurfaceFlinger:        DEVICE |            6562710030175 | 00002100 | RGBA_8888    |    0.0    0.0 1080.0  135.0 |    0 2205 1080 2340 | NavigationBar0$_1528#94 (3280)
02-13 16:26:28.481   833   833 D SurfaceFlinger: 
02-13 16:26:28.482  1046  3431 D InputDispatcher: Focus entered window (0): bfd4ac6 Application Not Responding: com.macdonaldautomation.blowpin
02-13 16:26:28.484  1046  1135 D VRI[blowpin]@5f33908: mThreadedRenderer.initializeIfNeeded()#2 mSurface={isValid=true 0xb4000075230c5d00}
02-13 16:26:28.484  1046  1135 I ImeFocusController: onPreWindowFocus: skipped hasWindowFocus=true mHasImeFocus=false
02-13 16:26:28.485  1046  1135 I ImeFocusController: onPostWindowFocus: skipped hasWindowFocus=true mHasImeFocus=false
02-13 16:26:28.492   833   833 E SurfaceFlinger: alpha changed 0.000 -> 0.010 - Dim Layer for - Display 0 name="Built-in Screen"#5800
02-13 16:26:28.498   833   833 D SurfaceFlinger: Display 4633128672291735931 HWC layers:
02-13 16:26:28.498   833   833 D SurfaceFlinger:        DEVICE |           57294863728657 | 00002102 | RGBA_8888    |    0.0    0.0 1080.0 2340.0 |    0    0 1080 2340 | com.macdonaldautomation.blowpin/expo[...]DevLauncherErrorActivity$_13340#5778 (15)
02-13 16:26:28.498   833   833 D SurfaceFlinger:   SOLID_COLOR |                        0 | 00000000 | N/A          |    0.0    0.0    0.0    0.0 |    0    0 1080 2340 | Dim Layer for - Display 0 name="Built-in Screen"#5800 (0)
02-13 16:26:28.498   833   833 D SurfaceFlinger:        DEVICE |            4492535792228 | 00002100 | RGBA_8888    |   40.0    0.0 1120.0  731.0 |    0 1598 1080 2329 | Application Not Responding: com.macdonaldautomation.blowpin#5798 (1)
02-13 16:26:28.498   833   833 D SurfaceFlinger:        DEVICE |            6562710030176 | 00002100 | RGBA_8888    |    0.0    0.0 1080.0  100.0 |    0    0 1080  100 | StatusBar$_1528#98 (7028)
02-13 16:26:28.498   833   833 D SurfaceFlinger:        DEVICE |            6562710030175 | 00002100 | RGBA_8888    |    0.0    0.0 1080.0  135.0 |    0 2205 1080 2340 | NavigationBar0$_1528#94 (3280)
02-13 16:26:28.498   833   833 D SurfaceFlinger: 
02-13 16:26:28.745  1046  1138 I WindowManager: Reparenting to original parent: Surface(name=WindowToken{81fe8a1 type=2003 android.view.ViewRootImpl$W@5f33908})/@0xd0e884d, destroy=true, surface=Surface(name=bfd4ac6 Application Not Responding: com.macdonaldautomation.blowpin)/@0xff71be4
02-13 16:26:28.750  1046  1138 D WindowManager: updateSystemBarAttributes: displayId=0, focusedCanBeNavColorWin=false, win=Window{bfd4ac6 u0 Application Not Responding: com.macdonaldautomation.blowpin}, navColorWin=Window{bfd4ac6 u0 Application Not Responding: com.macdonaldautomation.blowpin}, caller=com.android.server.wm.DisplayPolicy.finishPostLayoutPolicyLw:17 com.android.server.wm.RootWindowContainer.applySurfaceChangesTransaction$1:195 com.android.server.wm.RootWindowContainer.performSurfacePlacementNoTrace:59 
02-13 16:26:28.751  1046  1138 D WindowManager: updateSystemBarAttributes, bhv=1, apr=0, statusBarAprRegions=[AppearanceRegion{ bounds=[0,0][1080,2340]}], requestedVisibilities=-9
02-13 16:26:28.752  1046  1138 D SurfaceComposerClient: setCornerRadius ## 635d586 com.macdonaldautomation.blowpin/expo.modules.devlauncher.launcher.errors.DevLauncherErrorActivity#5774 cornerRadius=0.000000
02-13 16:26:28.754  1528  1528 D SamsungLightBarControlHelper: updateStatusBar (WHITE icon) numStacks:1, StatusBarMode:MODE_TRANSPARENT, lightBarBounds:[], StatusBarState:SHADE, packageName:, isWhiteKeyguardStatusBar:true
02-13 16:26:28.756  1528  1528 D SamsungLightBarControlHelper: onStatusBarAppearanceChanged() -  sbModeChanged:false, statusBarMode:0, barState:MODE_TRANSPARENT, isKeyguardShowing:false, navbarColorManagedByIme:false, (AppearanceRegion{ bounds=[0,0][1080,2340]}, )
02-13 16:26:28.757  1528  1528 D NavigationBar: onSystemBarAttributesChanged() -  displayId:0, appearance:0, packageName: android, navbarColorManagedByIme:false
02-13 16:26:28.759  1528  1528 D SamsungLightBarControlHelper: updateNavigationBar (WHITE button) isLightOpaque:false, hasLightNavigationBarFlag:false, packageName:android, DirectReplying:false, NavBarColorMangedByIme:false, ForceDarkForScrim:false, ForceLightForScrim:false, QsCustomizing:false, QsExpanded:false
02-13 16:26:28.768  1046  1138 D SurfaceComposerClient: setCornerRadius ## 635d586 com.macdonaldautomation.blowpin/expo.modules.devlauncher.launcher.errors.DevLauncherErrorActivity#5774 cornerRadius=0.000000
02-13 16:26:28.776   833   833 I SurfaceFlinger: [Display 0 name="Built-in Screen"#49] setFrameRateCategory: Default
02-13 16:26:28.776   833   833 I SurfaceFlinger: [LayerHierarchy{RequestedLayerState{bfd4ac6 Application Not Responding: com.macdonaldautomation.blowpin#5795 parentId=5794} 2 children}] reparent to LayerHierarchy{RequestedLayerState{WindowToken{81fe8a1 type=2003 android.view.ViewRootImpl$W@5f33908}#5794 parentId=13 z=1} 2 children}
02-13 16:26:28.776   833   833 I SurfaceFlinger: [LayerHierarchy{RequestedLayerState{Surface(name=bfd4ac6 Application Not Responding: com.macdonaldautomation.blowpin)/@0xff71be4 - animation-leash of window_animation#5799} no children}] reparent to OffscreenRoot
02-13 16:26:28.776   833   833 I SurfaceFlinger: [LayerHierarchy{RequestedLayerState{Surface(name=bfd4ac6 Application Not Responding: com.macdonaldautomation.blowpin)/@0xff71be4 - animation-leash of window_animation#5799} no children}] RelativeParent to null
02-13 16:26:28.778   833   833 I SurfaceFlinger: id=5799 Removed Surface(name=bfd4ac6 Application Not Responding: com.macdonaldautomation.blowpin)/@0xff71be4 - animation-leash of window_animation#5799 (174)
02-13 16:26:28.792   833   833 I SurfaceFlinger: destroyed Surface(name=bfd4ac6 Application Not Responding: com.macdonaldautomation.blowpin)/@0xff71be4 - animation-leash of window_animation#5799
02-13 16:26:28.793   833   833 I Layer   : id=5799 Destroyed Surface(name=bfd4ac6 Application Not Responding: com.macdonaldautomation.blowpin)/@0xff71be4 - animation-leash of window_animation#5799
02-13 16:26:28.876  1528  1528 D QSClock : onDarkChanged tint=WHITE
02-13 16:26:28.881  1046 14624 D SemInputDeviceManager: setProperty: (0) CMD,GRIP_DATA,1,45,7,24,702
02-13 16:26:28.882  1046 14624 D TspStateManager: wrote command: cmd=1,45,7,24,702, type=1
02-13 16:26:28.882  1046  1290 D SemInputDevice:TSP: SetPropertyTask: CMD,set_grip_data,1,45,7,24,702 [02-13 16:26:28.881]
02-13 16:26:28.887   793   793 I sysinput:Touch: writeInformation:249, OK
02-13 16:26:28.889  1046  1290 D SysinputHAL_V1_3(V1_2): runTspCmdNoRead(TSP(1)): set_grip_data,1,45,7,24,702 ret=0
02-13 16:26:28.916   821   841 E HeatmapThread: ECT Thread time in milliseconds: 1771017988
02-13 16:26:28.919   821   841 D HeatmapThread: !@ batteryplugType : 2
02-13 16:26:28.919   821   841 D HeatmapThread: !@ batteryLevel : 100  batteryTemperature : 342 
02-13 16:26:28.919   821   841 D HeatmapThread: !@ Heatmap currtime: 29516966
02-13 16:26:28.919   821   841 D HeatmapThread: !@ Heatmap prevtime: 29516943
02-13 16:26:28.920   821   841 D HeatmapThread: !@ Heatmap plugstarttime: 29516661
02-13 16:26:28.920   821   841 D HeatmapThread: !@ Heatmap prevv_dsoh_update_time: 29516961
02-13 16:26:28.921   821   841 E HeatmapThread: !@ CAM New BSOH: 99
02-13 16:26:28.921   821   841 E HeatmapThread: !@ CAM is Working
02-13 16:26:29.465   833   833 D SurfaceFlinger: GPIS:: requestGpisForSFSluggish
02-13 16:26:29.666   518   518 D io_stats: !@   8,0 r 33115180 547717536 w 3826603 66699312 d 366377 117567320 f 128198 284151 iot 16848376 0 th 0 0 0 pt 0 inp 0 0 159807.286
02-13 16:26:29.667   518   518 D io_stats: !@ Read_top(KB): kworker/u16:0(4623) 4 system_server(1046) 4 kworker/u16:1(7379) 4
02-13 16:26:29.667   518   518 D io_stats: !@ Write_top(KB): kworker/u16:1(7379) 1020
02-13 16:26:29.917   821   841 E HeatmapThread: ECT Thread time in milliseconds: 1771017989
02-13 16:26:29.921   821   841 D HeatmapThread: !@ batteryplugType : 2
02-13 16:26:29.921   821   841 D HeatmapThread: !@ batteryLevel : 100  batteryTemperature : 342 
02-13 16:26:29.921   821   841 D HeatmapThread: !@ Heatmap currtime: 29516966
02-13 16:26:29.921   821   841 D HeatmapThread: !@ Heatmap prevtime: 29516943
02-13 16:26:29.921   821   841 D HeatmapThread: !@ Heatmap plugstarttime: 29516661
02-13 16:26:29.922   821   841 D HeatmapThread: !@ Heatmap prevv_dsoh_update_time: 29516961
02-13 16:26:29.922   821   841 E HeatmapThread: !@ CAM New BSOH: 99
02-13 16:26:29.922   821   841 E HeatmapThread: !@ CAM is Working
02-13 16:26:30.065  2094  2484 W AlarmManager: Unrecognized alarm listener com.android.networkstack.android.net.ip.IpClientLinkObserver$Dhcp6PdPreferredPrefixAlarmListener@58b51f6
02-13 16:26:30.068  2094  2484 W AlarmManager: Unrecognized alarm listener com.android.networkstack.android.net.ip.IpClientLinkObserver$Dhcp6PdPreferredPrefixAlarmListener@58b51f6
02-13 16:26:30.069 11296 11296 I EPDG -- SIM0 [EpdgIntfCont]: sendInterfaceMessage, not mobile, ignore
02-13 16:26:30.069 11296 11296 I EPDG -- SIM1 [EpdgIntfCont]: sendInterfaceMessage, not mobile, ignore
02-13 16:26:30.074 11296 11296 I EPDG -- SIM0 [EpdgIntfCont]: sendInterfaceMessage, not mobile, ignore
02-13 16:26:30.076 11296 11296 I EPDG -- SIM1 [EpdgIntfCont]: sendInterfaceMessage, not mobile, ignore
02-13 16:26:30.077 11296 11296 I EPDG -- SIM1 [EpdgIntfCont]: sendInterfaceMessage, not mobile, ignore
02-13 16:26:30.077 11296 11296 I EPDG -- SIM1 [EpdgIntfCont]: sendInterfaceMessage, not mobile, ignore
02-13 16:26:30.077 11296 11296 I EPDG -- SIM0 [EpdgIntfCont]: sendInterfaceMessage, not mobile, ignore
02-13 16:26:30.077 11296 11296 I EPDG -- SIM0 [EpdgIntfCont]: sendInterfaceMessage, not mobile, ignore
02-13 16:26:30.209  3691  4672 I SDHMS:x : SIOP:: AP:435 BAT:342 USB:341 CHG:418 PA:414 CP:420 WIFI:425 CF:406 BLK:0 SUBBAT:0 SKIN:400 SKINF:397 SKINB:400 LRP:400 LRP2:400 LRF2:397 LRB2:400 SPK:342 AP2:400 CHG2:385 MEM2:397 WIFI2:399 SPK2:334 DNSPK:343 VAP:485 AVGCUR:-17 AVGSYS:0 POWER:-74
02-13 16:26:30.529  1046  1275 I HqmInfo::HqmManagerService: MSG_TYPE:MSG_TYPE_PROCESS_LOG_BY_HQM
02-13 16:26:30.536  1046  1143 D ActivityManager: sync unfroze 14156 com.samsung.android.dqagent for 3
02-13 16:26:30.770  1046  1328 D WifiStaIfaceHidlImpl: getCachedScanData is not implemented by HIDL
02-13 16:26:30.778  1046  3201 D SemWifiUsabilityStatsMonitor: onWifiUsabilityStats - seqNum 19448, isSameBssidAndFreq true
02-13 16:26:30.917   821   841 E HeatmapThread: ECT Thread time in milliseconds: 1771017990
02-13 16:26:30.921   821   841 D HeatmapThread: !@ batteryplugType : 2
02-13 16:26:30.921   821   841 D HeatmapThread: !@ batteryLevel : 100  batteryTemperature : 342 
02-13 16:26:30.921   821   841 D HeatmapThread: !@ Heatmap currtime: 29516966
02-13 16:26:30.921   821   841 D HeatmapThread: !@ Heatmap prevtime: 29516943
02-13 16:26:30.921   821   841 D HeatmapThread: !@ Heatmap plugstarttime: 29516661
02-13 16:26:30.921   821   841 D HeatmapThread: !@ Heatmap prevv_dsoh_update_time: 29516961
02-13 16:26:30.921   821   841 E HeatmapThread: !@ CAM New BSOH: 99
02-13 16:26:30.922   821   841 E HeatmapThread: !@ CAM is Working
02-13 16:26:31.584  6148  6148 D BoundBrokerSvc: onUnbind: Intent { act=com.google.android.gms.semanticlocationhistory.service.START dat=chimera-action:/... xflg=0x4 cmp=com.google.android.gms/.chimera.GmsApiService }
02-13 16:26:31.610   833   886 I VSyncReactor: Current= 60, Period= 60, hwcPeriod= 60
02-13 16:26:31.669   518   518 D io_stats: !@   8,0 r 33115190 547717648 w 3826610 66699336 d 366377 117567320 f 128198 284152 iot 16848404 0 th 0 0 0 pt 0 inp 0 0 159809.288
02-13 16:26:31.917   821   841 E HeatmapThread: ECT Thread time in milliseconds: 1771017991
02-13 16:26:31.921   821   841 D HeatmapThread: !@ batteryplugType : 2
02-13 16:26:31.921   821   841 D HeatmapThread: !@ batteryLevel : 100  batteryTemperature : 342 
02-13 16:26:31.921   821   841 D HeatmapThread: !@ Heatmap currtime: 29516966
02-13 16:26:31.921   821   841 D HeatmapThread: !@ Heatmap prevtime: 29516943
02-13 16:26:31.921   821   841 D HeatmapThread: !@ Heatmap plugstarttime: 29516661
02-13 16:26:31.922   821   841 D HeatmapThread: !@ Heatmap prevv_dsoh_update_time: 29516961
02-13 16:26:31.922   821   841 E HeatmapThread: !@ CAM New BSOH: 99
02-13 16:26:31.922   821   841 E HeatmapThread: !@ CAM is Working
